12-14 20:48:32 com_github_MitjaNemec_Archive3DModels.action_archive_3d_models 238:Plugin executed on: 'win32'
12-14 20:48:32 com_github_MitjaNemec_Archive3DModels.action_archive_3d_models 239:Plugin executed with python version: '3.11.5 (main, Sep 17 2025, 01:04:48) [MSC v.1944 64 bit (AMD64)]'
12-14 20:48:32 com_github_MitjaNemec_Archive3DModels.action_archive_3d_models 240:KiCad build version: 9.0.6
12-14 20:48:32 com_github_MitjaNemec_Archive3DModels.action_archive_3d_models 241:Plugin version: 1.0.15
12-14 20:48:32 com_github_MitjaNemec_Archive3DModels.action_archive_3d_models 246:Screen sizes: [wx.Size(1920, 1080)]
12-14 20:48:32 com_github_MitjaNemec_Archive3DModels.action_archive_3d_models 253:Dialog size: wx.Size(213, 81)
12-14 20:48:32 com_github_MitjaNemec_Archive3DModels.action_archive_3d_models 255:Char size: 20
12-14 20:48:34 com_github_MitjaNemec_Archive3DModels.archive_3d_models 30:Starting to archive 3D models
12-14 20:48:34 com_github_MitjaNemec_Archive3DModels.archive_3d_models 51:Getting 3D models for footprint of: D29
12-14 20:48:34 com_github_MitjaNemec_Archive3DModels.archive_3d_models 63:Trying to copy: ${KIPRJMOD}/packages3D/R_0603_1608Metric.step
12-14 20:48:34 com_github_MitjaNemec_Archive3DModels.archive_3d_models 150:Remapping: ${KIPRJMOD}/packages3D/R_0603_1608Metric.step
12-14 20:48:34 com_github_MitjaNemec_Archive3DModels.archive_3d_models 51:Getting 3D models for footprint of: TP3
12-14 20:48:34 com_github_MitjaNemec_Archive3DModels.archive_3d_models 51:Getting 3D models for footprint of: R74
12-14 20:48:34 com_github_MitjaNemec_Archive3DModels.archive_3d_models 63:Trying to copy: ${KIPRJMOD}/packages3D/R_0603_1608Metric.step
12-14 20:48:34 com_github_MitjaNemec_Archive3DModels.archive_3d_models 150:Remapping: ${KIPRJMOD}/packages3D/R_0603_1608Metric.step
12-14 20:48:34 com_github_MitjaNemec_Archive3DModels.archive_3d_models 51:Getting 3D models for footprint of: R51
12-14 20:48:34 com_github_MitjaNemec_Archive3DModels.archive_3d_models 63:Trying to copy: ${KIPRJMOD}/packages3D/R_0603_1608Metric.step
12-14 20:48:34 com_github_MitjaNemec_Archive3DModels.archive_3d_models 150:Remapping: ${KIPRJMOD}/packages3D/R_0603_1608Metric.step
12-14 20:48:34 com_github_MitjaNemec_Archive3DModels.archive_3d_models 51:Getting 3D models for footprint of: R41
12-14 20:48:34 com_github_MitjaNemec_Archive3DModels.archive_3d_models 63:Trying to copy: ${KIPRJMOD}/packages3D/R_0603_1608Metric.step
12-14 20:48:34 com_github_MitjaNemec_Archive3DModels.archive_3d_models 150:Remapping: ${KIPRJMOD}/packages3D/R_0603_1608Metric.step
12-14 20:48:34 com_github_MitjaNemec_Archive3DModels.archive_3d_models 51:Getting 3D models for footprint of: R11
12-14 20:48:34 com_github_MitjaNemec_Archive3DModels.archive_3d_models 63:Trying to copy: ${KIPRJMOD}/packages3D/R_0603_1608Metric.step
12-14 20:48:34 com_github_MitjaNemec_Archive3DModels.archive_3d_models 150:Remapping: ${KIPRJMOD}/packages3D/R_0603_1608Metric.step
12-14 20:48:34 com_github_MitjaNemec_Archive3DModels.archive_3d_models 51:Getting 3D models for footprint of: D5
12-14 20:48:34 com_github_MitjaNemec_Archive3DModels.archive_3d_models 63:Trying to copy: ${KIPRJMOD}/packages3D/R_0603_1608Metric.step
12-14 20:48:34 com_github_MitjaNemec_Archive3DModels.archive_3d_models 150:Remapping: ${KIPRJMOD}/packages3D/R_0603_1608Metric.step
12-14 20:48:34 com_github_MitjaNemec_Archive3DModels.archive_3d_models 51:Getting 3D models for footprint of: K2
12-14 20:48:34 com_github_MitjaNemec_Archive3DModels.archive_3d_models 63:Trying to copy: ${KIPRJMOD}/packages3D/JS-12N-K.stp
12-14 20:48:34 com_github_MitjaNemec_Archive3DModels.archive_3d_models 150:Remapping: ${KIPRJMOD}/packages3D/JS-12N-K.stp
12-14 20:48:34 com_github_MitjaNemec_Archive3DModels.archive_3d_models 51:Getting 3D models for footprint of: SW3
12-14 20:48:34 com_github_MitjaNemec_Archive3DModels.archive_3d_models 63:Trying to copy: ${KIPRJMOD}/packages3D/1985195.stp
12-14 20:48:34 com_github_MitjaNemec_Archive3DModels.archive_3d_models 150:Remapping: ${KIPRJMOD}/packages3D/1985195.stp
12-14 20:48:34 com_github_MitjaNemec_Archive3DModels.archive_3d_models 51:Getting 3D models for footprint of: R10
12-14 20:48:34 com_github_MitjaNemec_Archive3DModels.archive_3d_models 63:Trying to copy: ${KIPRJMOD}/packages3D/R_0603_1608Metric.step
12-14 20:48:34 com_github_MitjaNemec_Archive3DModels.archive_3d_models 150:Remapping: ${KIPRJMOD}/packages3D/R_0603_1608Metric.step
12-14 20:48:34 com_github_MitjaNemec_Archive3DModels.archive_3d_models 51:Getting 3D models for footprint of: D1
12-14 20:48:34 com_github_MitjaNemec_Archive3DModels.archive_3d_models 63:Trying to copy: ${KIPRJMOD}/packages3D/LED_0603_1608Metric.step
12-14 20:48:34 com_github_MitjaNemec_Archive3DModels.archive_3d_models 150:Remapping: ${KIPRJMOD}/packages3D/LED_0603_1608Metric.step
12-14 20:48:34 com_github_MitjaNemec_Archive3DModels.archive_3d_models 51:Getting 3D models for footprint of: REF**
12-14 20:48:34 com_github_MitjaNemec_Archive3DModels.archive_3d_models 51:Getting 3D models for footprint of: C9
12-14 20:48:34 com_github_MitjaNemec_Archive3DModels.archive_3d_models 63:Trying to copy: ${KIPRJMOD}/packages3D/C_0603_1608Metric.step
12-14 20:48:34 com_github_MitjaNemec_Archive3DModels.archive_3d_models 150:Remapping: ${KIPRJMOD}/packages3D/C_0603_1608Metric.step
12-14 20:48:34 com_github_MitjaNemec_Archive3DModels.archive_3d_models 51:Getting 3D models for footprint of: C2
12-14 20:48:34 com_github_MitjaNemec_Archive3DModels.archive_3d_models 63:Trying to copy: ${KIPRJMOD}/packages3D/C_0603_1608Metric.step
12-14 20:48:34 com_github_MitjaNemec_Archive3DModels.archive_3d_models 150:Remapping: ${KIPRJMOD}/packages3D/C_0603_1608Metric.step
12-14 20:48:34 com_github_MitjaNemec_Archive3DModels.archive_3d_models 51:Getting 3D models for footprint of: R22
12-14 20:48:34 com_github_MitjaNemec_Archive3DModels.archive_3d_models 63:Trying to copy: ${KIPRJMOD}/packages3D/R_0603_1608Metric.step
12-14 20:48:34 com_github_MitjaNemec_Archive3DModels.archive_3d_models 150:Remapping: ${KIPRJMOD}/packages3D/R_0603_1608Metric.step
12-14 20:48:34 com_github_MitjaNemec_Archive3DModels.archive_3d_models 51:Getting 3D models for footprint of: D19
12-14 20:48:34 com_github_MitjaNemec_Archive3DModels.archive_3d_models 63:Trying to copy: ${KIPRJMOD}/packages3D/R_0603_1608Metric.step
12-14 20:48:34 com_github_MitjaNemec_Archive3DModels.archive_3d_models 150:Remapping: ${KIPRJMOD}/packages3D/R_0603_1608Metric.step
12-14 20:48:34 com_github_MitjaNemec_Archive3DModels.archive_3d_models 51:Getting 3D models for footprint of: Q10
12-14 20:48:34 com_github_MitjaNemec_Archive3DModels.archive_3d_models 63:Trying to copy: ${KIPRJMOD}/packages3D/XP231P0201TR-G.stp
12-14 20:48:34 com_github_MitjaNemec_Archive3DModels.archive_3d_models 150:Remapping: ${KIPRJMOD}/packages3D/XP231P0201TR-G.stp
12-14 20:48:34 com_github_MitjaNemec_Archive3DModels.archive_3d_models 51:Getting 3D models for footprint of: TP5
12-14 20:48:34 com_github_MitjaNemec_Archive3DModels.archive_3d_models 51:Getting 3D models for footprint of: R49
12-14 20:48:34 com_github_MitjaNemec_Archive3DModels.archive_3d_models 63:Trying to copy: ${KIPRJMOD}/packages3D/R_0603_1608Metric.step
12-14 20:48:34 com_github_MitjaNemec_Archive3DModels.archive_3d_models 150:Remapping: ${KIPRJMOD}/packages3D/R_0603_1608Metric.step
12-14 20:48:34 com_github_MitjaNemec_Archive3DModels.archive_3d_models 51:Getting 3D models for footprint of: C5
12-14 20:48:34 com_github_MitjaNemec_Archive3DModels.archive_3d_models 63:Trying to copy: ${KIPRJMOD}/packages3D/C_0603_1608Metric.step
12-14 20:48:34 com_github_MitjaNemec_Archive3DModels.archive_3d_models 150:Remapping: ${KIPRJMOD}/packages3D/C_0603_1608Metric.step
12-14 20:48:34 com_github_MitjaNemec_Archive3DModels.archive_3d_models 51:Getting 3D models for footprint of: R27
12-14 20:48:34 com_github_MitjaNemec_Archive3DModels.archive_3d_models 63:Trying to copy: ${KIPRJMOD}/packages3D/R_0603_1608Metric.step
12-14 20:48:34 com_github_MitjaNemec_Archive3DModels.archive_3d_models 150:Remapping: ${KIPRJMOD}/packages3D/R_0603_1608Metric.step
12-14 20:48:34 com_github_MitjaNemec_Archive3DModels.archive_3d_models 51:Getting 3D models for footprint of: R21
12-14 20:48:34 com_github_MitjaNemec_Archive3DModels.archive_3d_models 63:Trying to copy: ${KIPRJMOD}/packages3D/R_0603_1608Metric.step
12-14 20:48:34 com_github_MitjaNemec_Archive3DModels.archive_3d_models 150:Remapping: ${KIPRJMOD}/packages3D/R_0603_1608Metric.step
12-14 20:48:34 com_github_MitjaNemec_Archive3DModels.archive_3d_models 51:Getting 3D models for footprint of: R12
12-14 20:48:34 com_github_MitjaNemec_Archive3DModels.archive_3d_models 63:Trying to copy: ${KIPRJMOD}/packages3D/R_0603_1608Metric.step
12-14 20:48:34 com_github_MitjaNemec_Archive3DModels.archive_3d_models 150:Remapping: ${KIPRJMOD}/packages3D/R_0603_1608Metric.step
12-14 20:48:34 com_github_MitjaNemec_Archive3DModels.archive_3d_models 51:Getting 3D models for footprint of: R57
12-14 20:48:34 com_github_MitjaNemec_Archive3DModels.archive_3d_models 63:Trying to copy: ${KIPRJMOD}/packages3D/R_0603_1608Metric.step
12-14 20:48:34 com_github_MitjaNemec_Archive3DModels.archive_3d_models 150:Remapping: ${KIPRJMOD}/packages3D/R_0603_1608Metric.step
12-14 20:48:34 com_github_MitjaNemec_Archive3DModels.archive_3d_models 51:Getting 3D models for footprint of: R7
12-14 20:48:34 com_github_MitjaNemec_Archive3DModels.archive_3d_models 63:Trying to copy: ${KIPRJMOD}/packages3D/R_0603_1608Metric.step
12-14 20:48:34 com_github_MitjaNemec_Archive3DModels.archive_3d_models 150:Remapping: ${KIPRJMOD}/packages3D/R_0603_1608Metric.step
12-14 20:48:34 com_github_MitjaNemec_Archive3DModels.archive_3d_models 51:Getting 3D models for footprint of: D7
12-14 20:48:34 com_github_MitjaNemec_Archive3DModels.archive_3d_models 63:Trying to copy: ${KIPRJMOD}/packages3D/R_0603_1608Metric.step
12-14 20:48:34 com_github_MitjaNemec_Archive3DModels.archive_3d_models 150:Remapping: ${KIPRJMOD}/packages3D/R_0603_1608Metric.step
12-14 20:48:34 com_github_MitjaNemec_Archive3DModels.archive_3d_models 51:Getting 3D models for footprint of: R58
12-14 20:48:34 com_github_MitjaNemec_Archive3DModels.archive_3d_models 63:Trying to copy: ${KIPRJMOD}/packages3D/R_0603_1608Metric.step
12-14 20:48:34 com_github_MitjaNemec_Archive3DModels.archive_3d_models 150:Remapping: ${KIPRJMOD}/packages3D/R_0603_1608Metric.step
12-14 20:48:34 com_github_MitjaNemec_Archive3DModels.archive_3d_models 51:Getting 3D models for footprint of: R26
12-14 20:48:34 com_github_MitjaNemec_Archive3DModels.archive_3d_models 63:Trying to copy: ${KIPRJMOD}/packages3D/R_0603_1608Metric.step
12-14 20:48:34 com_github_MitjaNemec_Archive3DModels.archive_3d_models 150:Remapping: ${KIPRJMOD}/packages3D/R_0603_1608Metric.step
12-14 20:48:34 com_github_MitjaNemec_Archive3DModels.archive_3d_models 51:Getting 3D models for footprint of: TP4
12-14 20:48:34 com_github_MitjaNemec_Archive3DModels.archive_3d_models 51:Getting 3D models for footprint of: Q3
12-14 20:48:34 com_github_MitjaNemec_Archive3DModels.archive_3d_models 63:Trying to copy: ${KIPRJMOD}/packages3D/SOT-23.step
12-14 20:48:34 com_github_MitjaNemec_Archive3DModels.archive_3d_models 150:Remapping: ${KIPRJMOD}/packages3D/SOT-23.step
12-14 20:48:34 com_github_MitjaNemec_Archive3DModels.archive_3d_models 51:Getting 3D models for footprint of: R68
12-14 20:48:34 com_github_MitjaNemec_Archive3DModels.archive_3d_models 63:Trying to copy: ${KIPRJMOD}/packages3D/R_0603_1608Metric.step
12-14 20:48:34 com_github_MitjaNemec_Archive3DModels.archive_3d_models 150:Remapping: ${KIPRJMOD}/packages3D/R_0603_1608Metric.step
12-14 20:48:34 com_github_MitjaNemec_Archive3DModels.archive_3d_models 51:Getting 3D models for footprint of: J2
12-14 20:48:34 com_github_MitjaNemec_Archive3DModels.archive_3d_models 63:Trying to copy: ${KIPRJMOD}/packages3D/64 Bit Display Board.step
12-14 20:48:34 com_github_MitjaNemec_Archive3DModels.archive_3d_models 150:Remapping: ${KIPRJMOD}/packages3D/64 Bit Display Board.step
12-14 20:48:34 com_github_MitjaNemec_Archive3DModels.archive_3d_models 63:Trying to copy: ${KIPRJMOD}/packages3D/61301021821 (rev1).stp
12-14 20:48:34 com_github_MitjaNemec_Archive3DModels.archive_3d_models 150:Remapping: ${KIPRJMOD}/packages3D/61301021821 (rev1).stp
12-14 20:48:34 com_github_MitjaNemec_Archive3DModels.archive_3d_models 63:Trying to copy: ${KIPRJMOD}/packages3D/61301021821.stp
12-14 20:48:34 com_github_MitjaNemec_Archive3DModels.archive_3d_models 150:Remapping: ${KIPRJMOD}/packages3D/61301021821.stp
12-14 20:48:34 com_github_MitjaNemec_Archive3DModels.archive_3d_models 51:Getting 3D models for footprint of: R33
12-14 20:48:34 com_github_MitjaNemec_Archive3DModels.archive_3d_models 63:Trying to copy: ${KIPRJMOD}/packages3D/R_0603_1608Metric.step
12-14 20:48:34 com_github_MitjaNemec_Archive3DModels.archive_3d_models 150:Remapping: ${KIPRJMOD}/packages3D/R_0603_1608Metric.step
12-14 20:48:34 com_github_MitjaNemec_Archive3DModels.archive_3d_models 51:Getting 3D models for footprint of: R61
12-14 20:48:34 com_github_MitjaNemec_Archive3DModels.archive_3d_models 63:Trying to copy: ${KIPRJMOD}/packages3D/R_0603_1608Metric.step
12-14 20:48:34 com_github_MitjaNemec_Archive3DModels.archive_3d_models 150:Remapping: ${KIPRJMOD}/packages3D/R_0603_1608Metric.step
12-14 20:48:34 com_github_MitjaNemec_Archive3DModels.archive_3d_models 51:Getting 3D models for footprint of: Q2
12-14 20:48:34 com_github_MitjaNemec_Archive3DModels.archive_3d_models 63:Trying to copy: ${KIPRJMOD}/packages3D/XP231P0201TR-G.stp
12-14 20:48:34 com_github_MitjaNemec_Archive3DModels.archive_3d_models 150:Remapping: ${KIPRJMOD}/packages3D/XP231P0201TR-G.stp
12-14 20:48:34 com_github_MitjaNemec_Archive3DModels.archive_3d_models 51:Getting 3D models for footprint of: U1
12-14 20:48:34 com_github_MitjaNemec_Archive3DModels.archive_3d_models 63:Trying to copy: ${KIPRJMOD}/packages3D/LQFP-64_10x10mm_P0.5mm.step
12-14 20:48:34 com_github_MitjaNemec_Archive3DModels.archive_3d_models 150:Remapping: ${KIPRJMOD}/packages3D/LQFP-64_10x10mm_P0.5mm.step
12-14 20:48:34 com_github_MitjaNemec_Archive3DModels.archive_3d_models 51:Getting 3D models for footprint of: Y1
12-14 20:48:34 com_github_MitjaNemec_Archive3DModels.archive_3d_models 63:Trying to copy: ${KIPRJMOD}/packages3D/ECS-160-20-33-TR3.stp
12-14 20:48:34 com_github_MitjaNemec_Archive3DModels.archive_3d_models 150:Remapping: ${KIPRJMOD}/packages3D/ECS-160-20-33-TR3.stp
12-14 20:48:34 com_github_MitjaNemec_Archive3DModels.archive_3d_models 51:Getting 3D models for footprint of: C13
12-14 20:48:34 com_github_MitjaNemec_Archive3DModels.archive_3d_models 63:Trying to copy: ${KIPRJMOD}/packages3D/C_0603_1608Metric.step
12-14 20:48:34 com_github_MitjaNemec_Archive3DModels.archive_3d_models 150:Remapping: ${KIPRJMOD}/packages3D/C_0603_1608Metric.step
12-14 20:48:34 com_github_MitjaNemec_Archive3DModels.archive_3d_models 51:Getting 3D models for footprint of: TP2
12-14 20:48:34 com_github_MitjaNemec_Archive3DModels.archive_3d_models 51:Getting 3D models for footprint of: SW6
12-14 20:48:34 com_github_MitjaNemec_Archive3DModels.archive_3d_models 63:Trying to copy: ${KIPRJMOD}/packages3D/1985195.stp
12-14 20:48:34 com_github_MitjaNemec_Archive3DModels.archive_3d_models 150:Remapping: ${KIPRJMOD}/packages3D/1985195.stp
12-14 20:48:34 com_github_MitjaNemec_Archive3DModels.archive_3d_models 51:Getting 3D models for footprint of: R80
12-14 20:48:34 com_github_MitjaNemec_Archive3DModels.archive_3d_models 63:Trying to copy: ${KIPRJMOD}/packages3D/R_LDR_5.1x4.3mm_P3.4mm_Vertical.step
12-14 20:48:34 com_github_MitjaNemec_Archive3DModels.archive_3d_models 150:Remapping: ${KIPRJMOD}/packages3D/R_LDR_5.1x4.3mm_P3.4mm_Vertical.step
12-14 20:48:34 com_github_MitjaNemec_Archive3DModels.archive_3d_models 51:Getting 3D models for footprint of: R19
12-14 20:48:34 com_github_MitjaNemec_Archive3DModels.archive_3d_models 63:Trying to copy: ${KIPRJMOD}/packages3D/R_0603_1608Metric.step
12-14 20:48:34 com_github_MitjaNemec_Archive3DModels.archive_3d_models 150:Remapping: ${KIPRJMOD}/packages3D/R_0603_1608Metric.step
12-14 20:48:34 com_github_MitjaNemec_Archive3DModels.archive_3d_models 51:Getting 3D models for footprint of: R30
12-14 20:48:34 com_github_MitjaNemec_Archive3DModels.archive_3d_models 63:Trying to copy: ${KIPRJMOD}/packages3D/R_0603_1608Metric.step
12-14 20:48:34 com_github_MitjaNemec_Archive3DModels.archive_3d_models 150:Remapping: ${KIPRJMOD}/packages3D/R_0603_1608Metric.step
12-14 20:48:34 com_github_MitjaNemec_Archive3DModels.archive_3d_models 51:Getting 3D models for footprint of: D16
12-14 20:48:34 com_github_MitjaNemec_Archive3DModels.archive_3d_models 63:Trying to copy: ${KIPRJMOD}/packages3D/R_0603_1608Metric.step
12-14 20:48:34 com_github_MitjaNemec_Archive3DModels.archive_3d_models 150:Remapping: ${KIPRJMOD}/packages3D/R_0603_1608Metric.step
12-14 20:48:34 com_github_MitjaNemec_Archive3DModels.archive_3d_models 51:Getting 3D models for footprint of: R40
12-14 20:48:34 com_github_MitjaNemec_Archive3DModels.archive_3d_models 63:Trying to copy: ${KIPRJMOD}/packages3D/R_0603_1608Metric.step
12-14 20:48:34 com_github_MitjaNemec_Archive3DModels.archive_3d_models 150:Remapping: ${KIPRJMOD}/packages3D/R_0603_1608Metric.step
12-14 20:48:34 com_github_MitjaNemec_Archive3DModels.archive_3d_models 51:Getting 3D models for footprint of: U3
12-14 20:48:34 com_github_MitjaNemec_Archive3DModels.archive_3d_models 63:Trying to copy: ${KIPRJMOD}/packages3D/RTC.stp
12-14 20:48:34 com_github_MitjaNemec_Archive3DModels.archive_3d_models 150:Remapping: ${KIPRJMOD}/packages3D/RTC.stp
12-14 20:48:34 com_github_MitjaNemec_Archive3DModels.archive_3d_models 51:Getting 3D models for footprint of: R18
12-14 20:48:34 com_github_MitjaNemec_Archive3DModels.archive_3d_models 63:Trying to copy: ${KIPRJMOD}/packages3D/R_0603_1608Metric.step
12-14 20:48:34 com_github_MitjaNemec_Archive3DModels.archive_3d_models 150:Remapping: ${KIPRJMOD}/packages3D/R_0603_1608Metric.step
12-14 20:48:34 com_github_MitjaNemec_Archive3DModels.archive_3d_models 51:Getting 3D models for footprint of: R63
12-14 20:48:34 com_github_MitjaNemec_Archive3DModels.archive_3d_models 63:Trying to copy: ${KIPRJMOD}/packages3D/R_0603_1608Metric.step
12-14 20:48:34 com_github_MitjaNemec_Archive3DModels.archive_3d_models 150:Remapping: ${KIPRJMOD}/packages3D/R_0603_1608Metric.step
12-14 20:48:34 com_github_MitjaNemec_Archive3DModels.archive_3d_models 51:Getting 3D models for footprint of: R20
12-14 20:48:34 com_github_MitjaNemec_Archive3DModels.archive_3d_models 63:Trying to copy: ${KIPRJMOD}/packages3D/R_0603_1608Metric.step
12-14 20:48:34 com_github_MitjaNemec_Archive3DModels.archive_3d_models 150:Remapping: ${KIPRJMOD}/packages3D/R_0603_1608Metric.step
12-14 20:48:34 com_github_MitjaNemec_Archive3DModels.archive_3d_models 51:Getting 3D models for footprint of: C21
12-14 20:48:34 com_github_MitjaNemec_Archive3DModels.archive_3d_models 63:Trying to copy: ${KIPRJMOD}/packages3D/C_1210_3225Metric.step
12-14 20:48:34 com_github_MitjaNemec_Archive3DModels.archive_3d_models 150:Remapping: ${KIPRJMOD}/packages3D/C_1210_3225Metric.step
12-14 20:48:34 com_github_MitjaNemec_Archive3DModels.archive_3d_models 51:Getting 3D models for footprint of: Q7
12-14 20:48:34 com_github_MitjaNemec_Archive3DModels.archive_3d_models 63:Trying to copy: ${KIPRJMOD}/packages3D/XP231P0201TR-G.stp
12-14 20:48:34 com_github_MitjaNemec_Archive3DModels.archive_3d_models 150:Remapping: ${KIPRJMOD}/packages3D/XP231P0201TR-G.stp
12-14 20:48:34 com_github_MitjaNemec_Archive3DModels.archive_3d_models 51:Getting 3D models for footprint of: Q4
12-14 20:48:34 com_github_MitjaNemec_Archive3DModels.archive_3d_models 63:Trying to copy: ${KIPRJMOD}/packages3D/SOT-23.step
12-14 20:48:34 com_github_MitjaNemec_Archive3DModels.archive_3d_models 150:Remapping: ${KIPRJMOD}/packages3D/SOT-23.step
12-14 20:48:34 com_github_MitjaNemec_Archive3DModels.archive_3d_models 51:Getting 3D models for footprint of: R38
12-14 20:48:34 com_github_MitjaNemec_Archive3DModels.archive_3d_models 63:Trying to copy: ${KIPRJMOD}/packages3D/R_0603_1608Metric.step
12-14 20:48:34 com_github_MitjaNemec_Archive3DModels.archive_3d_models 150:Remapping: ${KIPRJMOD}/packages3D/R_0603_1608Metric.step
12-14 20:48:34 com_github_MitjaNemec_Archive3DModels.archive_3d_models 51:Getting 3D models for footprint of: R46
12-14 20:48:34 com_github_MitjaNemec_Archive3DModels.archive_3d_models 63:Trying to copy: ${KIPRJMOD}/packages3D/R_0603_1608Metric.step
12-14 20:48:34 com_github_MitjaNemec_Archive3DModels.archive_3d_models 150:Remapping: ${KIPRJMOD}/packages3D/R_0603_1608Metric.step
12-14 20:48:34 com_github_MitjaNemec_Archive3DModels.archive_3d_models 51:Getting 3D models for footprint of: C12
12-14 20:48:34 com_github_MitjaNemec_Archive3DModels.archive_3d_models 63:Trying to copy: ${KIPRJMOD}/packages3D/C_0603_1608Metric.step
12-14 20:48:34 com_github_MitjaNemec_Archive3DModels.archive_3d_models 150:Remapping: ${KIPRJMOD}/packages3D/C_0603_1608Metric.step
12-14 20:48:34 com_github_MitjaNemec_Archive3DModels.archive_3d_models 51:Getting 3D models for footprint of: D30
12-14 20:48:34 com_github_MitjaNemec_Archive3DModels.archive_3d_models 63:Trying to copy: ${KIPRJMOD}/packages3D/R_0603_1608Metric.step
12-14 20:48:34 com_github_MitjaNemec_Archive3DModels.archive_3d_models 150:Remapping: ${KIPRJMOD}/packages3D/R_0603_1608Metric.step
12-14 20:48:34 com_github_MitjaNemec_Archive3DModels.archive_3d_models 51:Getting 3D models for footprint of: R64
12-14 20:48:34 com_github_MitjaNemec_Archive3DModels.archive_3d_models 63:Trying to copy: ${KIPRJMOD}/packages3D/R_0603_1608Metric.step
12-14 20:48:34 com_github_MitjaNemec_Archive3DModels.archive_3d_models 150:Remapping: ${KIPRJMOD}/packages3D/R_0603_1608Metric.step
12-14 20:48:34 com_github_MitjaNemec_Archive3DModels.archive_3d_models 51:Getting 3D models for footprint of: C24
12-14 20:48:34 com_github_MitjaNemec_Archive3DModels.archive_3d_models 63:Trying to copy: ${KIPRJMOD}/packages3D/C_1210_3225Metric.step
12-14 20:48:34 com_github_MitjaNemec_Archive3DModels.archive_3d_models 150:Remapping: ${KIPRJMOD}/packages3D/C_1210_3225Metric.step
12-14 20:48:34 com_github_MitjaNemec_Archive3DModels.archive_3d_models 51:Getting 3D models for footprint of: TP1
12-14 20:48:34 com_github_MitjaNemec_Archive3DModels.archive_3d_models 51:Getting 3D models for footprint of: R59
12-14 20:48:34 com_github_MitjaNemec_Archive3DModels.archive_3d_models 63:Trying to copy: ${KIPRJMOD}/packages3D/R_0603_1608Metric.step
12-14 20:48:34 com_github_MitjaNemec_Archive3DModels.archive_3d_models 150:Remapping: ${KIPRJMOD}/packages3D/R_0603_1608Metric.step
12-14 20:48:34 com_github_MitjaNemec_Archive3DModels.archive_3d_models 51:Getting 3D models for footprint of: J5
12-14 20:48:34 com_github_MitjaNemec_Archive3DModels.archive_3d_models 63:Trying to copy: ${KIPRJMOD}/packages3D/USB4216-03-A.stp
12-14 20:48:34 com_github_MitjaNemec_Archive3DModels.archive_3d_models 150:Remapping: ${KIPRJMOD}/packages3D/USB4216-03-A.stp
12-14 20:48:34 com_github_MitjaNemec_Archive3DModels.archive_3d_models 51:Getting 3D models for footprint of: R56
12-14 20:48:34 com_github_MitjaNemec_Archive3DModels.archive_3d_models 63:Trying to copy: ${KIPRJMOD}/packages3D/R_0603_1608Metric.step
12-14 20:48:34 com_github_MitjaNemec_Archive3DModels.archive_3d_models 150:Remapping: ${KIPRJMOD}/packages3D/R_0603_1608Metric.step
12-14 20:48:34 com_github_MitjaNemec_Archive3DModels.archive_3d_models 51:Getting 3D models for footprint of: Q5
12-14 20:48:34 com_github_MitjaNemec_Archive3DModels.archive_3d_models 63:Trying to copy: ${KIPRJMOD}/packages3D/SOT-23.step
12-14 20:48:34 com_github_MitjaNemec_Archive3DModels.archive_3d_models 150:Remapping: ${KIPRJMOD}/packages3D/SOT-23.step
12-14 20:48:34 com_github_MitjaNemec_Archive3DModels.archive_3d_models 51:Getting 3D models for footprint of: H5
12-14 20:48:34 com_github_MitjaNemec_Archive3DModels.archive_3d_models 63:Trying to copy: C:/Users/kwhit/Downloads/Standoff mf - M3 x 25 across flats 5.5mm.step
12-14 20:48:34 com_github_MitjaNemec_Archive3DModels.archive_3d_models 150:Remapping: C:/Users/kwhit/Downloads/Standoff mf - M3 x 25 across flats 5.5mm.step
12-14 20:48:34 com_github_MitjaNemec_Archive3DModels.archive_3d_models 51:Getting 3D models for footprint of: C28
12-14 20:48:34 com_github_MitjaNemec_Archive3DModels.archive_3d_models 63:Trying to copy: ${KIPRJMOD}/packages3D/C_1210_3225Metric.step
12-14 20:48:34 com_github_MitjaNemec_Archive3DModels.archive_3d_models 150:Remapping: ${KIPRJMOD}/packages3D/C_1210_3225Metric.step
12-14 20:48:34 com_github_MitjaNemec_Archive3DModels.archive_3d_models 51:Getting 3D models for footprint of: D2
12-14 20:48:34 com_github_MitjaNemec_Archive3DModels.archive_3d_models 63:Trying to copy: ${KIPRJMOD}/packages3D/LED_0603_1608Metric.step
12-14 20:48:34 com_github_MitjaNemec_Archive3DModels.archive_3d_models 150:Remapping: ${KIPRJMOD}/packages3D/LED_0603_1608Metric.step
12-14 20:48:34 com_github_MitjaNemec_Archive3DModels.archive_3d_models 51:Getting 3D models for footprint of: D26
12-14 20:48:34 com_github_MitjaNemec_Archive3DModels.archive_3d_models 63:Trying to copy: ${KIPRJMOD}/packages3D/R_0603_1608Metric.step
12-14 20:48:34 com_github_MitjaNemec_Archive3DModels.archive_3d_models 150:Remapping: ${KIPRJMOD}/packages3D/R_0603_1608Metric.step
12-14 20:48:34 com_github_MitjaNemec_Archive3DModels.archive_3d_models 51:Getting 3D models for footprint of: C4
12-14 20:48:34 com_github_MitjaNemec_Archive3DModels.archive_3d_models 63:Trying to copy: ${KIPRJMOD}/packages3D/C_0603_1608Metric.step
12-14 20:48:34 com_github_MitjaNemec_Archive3DModels.archive_3d_models 150:Remapping: ${KIPRJMOD}/packages3D/C_0603_1608Metric.step
12-14 20:48:34 com_github_MitjaNemec_Archive3DModels.archive_3d_models 51:Getting 3D models for footprint of: C27
12-14 20:48:34 com_github_MitjaNemec_Archive3DModels.archive_3d_models 63:Trying to copy: ${KIPRJMOD}/packages3D/C_0603_1608Metric.step
12-14 20:48:34 com_github_MitjaNemec_Archive3DModels.archive_3d_models 150:Remapping: ${KIPRJMOD}/packages3D/C_0603_1608Metric.step
12-14 20:48:34 com_github_MitjaNemec_Archive3DModels.archive_3d_models 51:Getting 3D models for footprint of: R81
12-14 20:48:34 com_github_MitjaNemec_Archive3DModels.archive_3d_models 63:Trying to copy: ${KIPRJMOD}/packages3D/R_0603_1608Metric.step
12-14 20:48:34 com_github_MitjaNemec_Archive3DModels.archive_3d_models 150:Remapping: ${KIPRJMOD}/packages3D/R_0603_1608Metric.step
12-14 20:48:34 com_github_MitjaNemec_Archive3DModels.archive_3d_models 51:Getting 3D models for footprint of: C11
12-14 20:48:34 com_github_MitjaNemec_Archive3DModels.archive_3d_models 63:Trying to copy: ${KIPRJMOD}/packages3D/C_0603_1608Metric.step
12-14 20:48:34 com_github_MitjaNemec_Archive3DModels.archive_3d_models 150:Remapping: ${KIPRJMOD}/packages3D/C_0603_1608Metric.step
12-14 20:48:34 com_github_MitjaNemec_Archive3DModels.archive_3d_models 51:Getting 3D models for footprint of: R53
12-14 20:48:34 com_github_MitjaNemec_Archive3DModels.archive_3d_models 63:Trying to copy: ${KIPRJMOD}/packages3D/R_0603_1608Metric.step
12-14 20:48:34 com_github_MitjaNemec_Archive3DModels.archive_3d_models 150:Remapping: ${KIPRJMOD}/packages3D/R_0603_1608Metric.step
12-14 20:48:34 com_github_MitjaNemec_Archive3DModels.archive_3d_models 51:Getting 3D models for footprint of: R71
12-14 20:48:34 com_github_MitjaNemec_Archive3DModels.archive_3d_models 63:Trying to copy: ${KIPRJMOD}/packages3D/R_0603_1608Metric.step
12-14 20:48:34 com_github_MitjaNemec_Archive3DModels.archive_3d_models 150:Remapping: ${KIPRJMOD}/packages3D/R_0603_1608Metric.step
12-14 20:48:34 com_github_MitjaNemec_Archive3DModels.archive_3d_models 51:Getting 3D models for footprint of: J14
12-14 20:48:34 com_github_MitjaNemec_Archive3DModels.archive_3d_models 63:Trying to copy: ${KIPRJMOD}/packages3D/1985195.stp
12-14 20:48:34 com_github_MitjaNemec_Archive3DModels.archive_3d_models 150:Remapping: ${KIPRJMOD}/packages3D/1985195.stp
12-14 20:48:34 com_github_MitjaNemec_Archive3DModels.archive_3d_models 51:Getting 3D models for footprint of: SW5
12-14 20:48:34 com_github_MitjaNemec_Archive3DModels.archive_3d_models 63:Trying to copy: ${KIPRJMOD}/packages3D/L-KLS7-SS-12F20A-G5.step
12-14 20:48:34 com_github_MitjaNemec_Archive3DModels.archive_3d_models 150:Remapping: ${KIPRJMOD}/packages3D/L-KLS7-SS-12F20A-G5.step
12-14 20:48:34 com_github_MitjaNemec_Archive3DModels.archive_3d_models 51:Getting 3D models for footprint of: R25
12-14 20:48:34 com_github_MitjaNemec_Archive3DModels.archive_3d_models 63:Trying to copy: ${KIPRJMOD}/packages3D/R_0603_1608Metric.step
12-14 20:48:34 com_github_MitjaNemec_Archive3DModels.archive_3d_models 150:Remapping: ${KIPRJMOD}/packages3D/R_0603_1608Metric.step
12-14 20:48:34 com_github_MitjaNemec_Archive3DModels.archive_3d_models 51:Getting 3D models for footprint of: Q1
12-14 20:48:34 com_github_MitjaNemec_Archive3DModels.archive_3d_models 63:Trying to copy: ${KIPRJMOD}/packages3D/SOT-23.step
12-14 20:48:34 com_github_MitjaNemec_Archive3DModels.archive_3d_models 150:Remapping: ${KIPRJMOD}/packages3D/SOT-23.step
12-14 20:48:34 com_github_MitjaNemec_Archive3DModels.archive_3d_models 51:Getting 3D models for footprint of: D21
12-14 20:48:34 com_github_MitjaNemec_Archive3DModels.archive_3d_models 63:Trying to copy: ${KIPRJMOD}/packages3D/R_0603_1608Metric.step
12-14 20:48:34 com_github_MitjaNemec_Archive3DModels.archive_3d_models 150:Remapping: ${KIPRJMOD}/packages3D/R_0603_1608Metric.step
12-14 20:48:34 com_github_MitjaNemec_Archive3DModels.archive_3d_models 51:Getting 3D models for footprint of: SW4
12-14 20:48:34 com_github_MitjaNemec_Archive3DModels.archive_3d_models 63:Trying to copy: ${KIPRJMOD}/packages3D/1985195.stp
12-14 20:48:34 com_github_MitjaNemec_Archive3DModels.archive_3d_models 150:Remapping: ${KIPRJMOD}/packages3D/1985195.stp
12-14 20:48:34 com_github_MitjaNemec_Archive3DModels.archive_3d_models 51:Getting 3D models for footprint of: R32
12-14 20:48:34 com_github_MitjaNemec_Archive3DModels.archive_3d_models 63:Trying to copy: ${KIPRJMOD}/packages3D/R_0603_1608Metric.step
12-14 20:48:34 com_github_MitjaNemec_Archive3DModels.archive_3d_models 150:Remapping: ${KIPRJMOD}/packages3D/R_0603_1608Metric.step
12-14 20:48:34 com_github_MitjaNemec_Archive3DModels.archive_3d_models 51:Getting 3D models for footprint of: H1
12-14 20:48:34 com_github_MitjaNemec_Archive3DModels.archive_3d_models 63:Trying to copy: C:/Users/kwhit/Downloads/Standoff mf - M3 x 25 across flats 5.5mm.step
12-14 20:48:34 com_github_MitjaNemec_Archive3DModels.archive_3d_models 150:Remapping: C:/Users/kwhit/Downloads/Standoff mf - M3 x 25 across flats 5.5mm.step
12-14 20:48:34 com_github_MitjaNemec_Archive3DModels.archive_3d_models 51:Getting 3D models for footprint of: R31
12-14 20:48:34 com_github_MitjaNemec_Archive3DModels.archive_3d_models 63:Trying to copy: ${KIPRJMOD}/packages3D/R_0603_1608Metric.step
12-14 20:48:34 com_github_MitjaNemec_Archive3DModels.archive_3d_models 150:Remapping: ${KIPRJMOD}/packages3D/R_0603_1608Metric.step
12-14 20:48:34 com_github_MitjaNemec_Archive3DModels.archive_3d_models 51:Getting 3D models for footprint of: C30
12-14 20:48:34 com_github_MitjaNemec_Archive3DModels.archive_3d_models 63:Trying to copy: ${KIPRJMOD}/packages3D/C_0603_1608Metric.step
12-14 20:48:34 com_github_MitjaNemec_Archive3DModels.archive_3d_models 150:Remapping: ${KIPRJMOD}/packages3D/C_0603_1608Metric.step
12-14 20:48:34 com_github_MitjaNemec_Archive3DModels.archive_3d_models 51:Getting 3D models for footprint of: R14
12-14 20:48:34 com_github_MitjaNemec_Archive3DModels.archive_3d_models 63:Trying to copy: ${KIPRJMOD}/packages3D/R_0603_1608Metric.step
12-14 20:48:34 com_github_MitjaNemec_Archive3DModels.archive_3d_models 150:Remapping: ${KIPRJMOD}/packages3D/R_0603_1608Metric.step
12-14 20:48:34 com_github_MitjaNemec_Archive3DModels.archive_3d_models 51:Getting 3D models for footprint of: R35
12-14 20:48:34 com_github_MitjaNemec_Archive3DModels.archive_3d_models 63:Trying to copy: ${KIPRJMOD}/packages3D/R_0603_1608Metric.step
12-14 20:48:34 com_github_MitjaNemec_Archive3DModels.archive_3d_models 150:Remapping: ${KIPRJMOD}/packages3D/R_0603_1608Metric.step
12-14 20:48:34 com_github_MitjaNemec_Archive3DModels.archive_3d_models 51:Getting 3D models for footprint of: K5
12-14 20:48:34 com_github_MitjaNemec_Archive3DModels.archive_3d_models 63:Trying to copy: ${KIPRJMOD}/packages3D/PR30-12V-450-1A-E.stp
12-14 20:48:34 com_github_MitjaNemec_Archive3DModels.archive_3d_models 150:Remapping: ${KIPRJMOD}/packages3D/PR30-12V-450-1A-E.stp
12-14 20:48:34 com_github_MitjaNemec_Archive3DModels.archive_3d_models 51:Getting 3D models for footprint of: U4
12-14 20:48:34 com_github_MitjaNemec_Archive3DModels.archive_3d_models 63:Trying to copy: ${KIPRJMOD}/packages3D/PCA9306DCUR.stp
12-14 20:48:34 com_github_MitjaNemec_Archive3DModels.archive_3d_models 150:Remapping: ${KIPRJMOD}/packages3D/PCA9306DCUR.stp
12-14 20:48:34 com_github_MitjaNemec_Archive3DModels.archive_3d_models 51:Getting 3D models for footprint of: D22
12-14 20:48:34 com_github_MitjaNemec_Archive3DModels.archive_3d_models 63:Trying to copy: ${KIPRJMOD}/packages3D/R_0603_1608Metric.step
12-14 20:48:34 com_github_MitjaNemec_Archive3DModels.archive_3d_models 150:Remapping: ${KIPRJMOD}/packages3D/R_0603_1608Metric.step
12-14 20:48:34 com_github_MitjaNemec_Archive3DModels.archive_3d_models 51:Getting 3D models for footprint of: R75
12-14 20:48:34 com_github_MitjaNemec_Archive3DModels.archive_3d_models 63:Trying to copy: ${KIPRJMOD}/packages3D/R_0603_1608Metric.step
12-14 20:48:34 com_github_MitjaNemec_Archive3DModels.archive_3d_models 150:Remapping: ${KIPRJMOD}/packages3D/R_0603_1608Metric.step
12-14 20:48:34 com_github_MitjaNemec_Archive3DModels.archive_3d_models 51:Getting 3D models for footprint of: R43
12-14 20:48:34 com_github_MitjaNemec_Archive3DModels.archive_3d_models 63:Trying to copy: ${KIPRJMOD}/packages3D/R_0603_1608Metric.step
12-14 20:48:34 com_github_MitjaNemec_Archive3DModels.archive_3d_models 150:Remapping: ${KIPRJMOD}/packages3D/R_0603_1608Metric.step
12-14 20:48:34 com_github_MitjaNemec_Archive3DModels.archive_3d_models 51:Getting 3D models for footprint of: R24
12-14 20:48:34 com_github_MitjaNemec_Archive3DModels.archive_3d_models 63:Trying to copy: ${KIPRJMOD}/packages3D/R_0603_1608Metric.step
12-14 20:48:34 com_github_MitjaNemec_Archive3DModels.archive_3d_models 150:Remapping: ${KIPRJMOD}/packages3D/R_0603_1608Metric.step
12-14 20:48:34 com_github_MitjaNemec_Archive3DModels.archive_3d_models 51:Getting 3D models for footprint of: R66
12-14 20:48:34 com_github_MitjaNemec_Archive3DModels.archive_3d_models 63:Trying to copy: ${KIPRJMOD}/packages3D/R_0603_1608Metric.step
12-14 20:48:34 com_github_MitjaNemec_Archive3DModels.archive_3d_models 150:Remapping: ${KIPRJMOD}/packages3D/R_0603_1608Metric.step
12-14 20:48:34 com_github_MitjaNemec_Archive3DModels.archive_3d_models 51:Getting 3D models for footprint of: U9
12-14 20:48:34 com_github_MitjaNemec_Archive3DModels.archive_3d_models 63:Trying to copy: ${KIPRJMOD}/packages3D/ESP32-C6-LCD-1.47.stp
12-14 20:48:34 com_github_MitjaNemec_Archive3DModels.archive_3d_models 150:Remapping: ${KIPRJMOD}/packages3D/ESP32-C6-LCD-1.47.stp
12-14 20:48:34 com_github_MitjaNemec_Archive3DModels.archive_3d_models 63:Trying to copy: ${KIPRJMOD}/packages3D/PinSocket_1x09_P2.54mm_Vertical.step
12-14 20:48:34 com_github_MitjaNemec_Archive3DModels.archive_3d_models 150:Remapping: ${KIPRJMOD}/packages3D/PinSocket_1x09_P2.54mm_Vertical.step
12-14 20:48:34 com_github_MitjaNemec_Archive3DModels.archive_3d_models 63:Trying to copy: ${KIPRJMOD}/packages3D/PinSocket_1x09_P2.54mm_Vertical.step
12-14 20:48:34 com_github_MitjaNemec_Archive3DModels.archive_3d_models 150:Remapping: ${KIPRJMOD}/packages3D/PinSocket_1x09_P2.54mm_Vertical.step
12-14 20:48:34 com_github_MitjaNemec_Archive3DModels.archive_3d_models 63:Trying to copy: ${KIPRJMOD}/packages3D/PinHeader_1x09_P2.54mm_Vertical.step
12-14 20:48:34 com_github_MitjaNemec_Archive3DModels.archive_3d_models 150:Remapping: ${KIPRJMOD}/packages3D/PinHeader_1x09_P2.54mm_Vertical.step
12-14 20:48:34 com_github_MitjaNemec_Archive3DModels.archive_3d_models 63:Trying to copy: ${KIPRJMOD}/packages3D/PinHeader_1x09_P2.54mm_Vertical.step
12-14 20:48:34 com_github_MitjaNemec_Archive3DModels.archive_3d_models 150:Remapping: ${KIPRJMOD}/packages3D/PinHeader_1x09_P2.54mm_Vertical.step
12-14 20:48:34 com_github_MitjaNemec_Archive3DModels.archive_3d_models 51:Getting 3D models for footprint of: R48
12-14 20:48:34 com_github_MitjaNemec_Archive3DModels.archive_3d_models 63:Trying to copy: ${KIPRJMOD}/packages3D/R_0603_1608Metric.step
12-14 20:48:34 com_github_MitjaNemec_Archive3DModels.archive_3d_models 150:Remapping: ${KIPRJMOD}/packages3D/R_0603_1608Metric.step
12-14 20:48:34 com_github_MitjaNemec_Archive3DModels.archive_3d_models 51:Getting 3D models for footprint of: R36
12-14 20:48:34 com_github_MitjaNemec_Archive3DModels.archive_3d_models 63:Trying to copy: ${KIPRJMOD}/packages3D/R_2010_5025Metric.step
12-14 20:48:34 com_github_MitjaNemec_Archive3DModels.archive_3d_models 150:Remapping: ${KIPRJMOD}/packages3D/R_2010_5025Metric.step
12-14 20:48:34 com_github_MitjaNemec_Archive3DModels.archive_3d_models 51:Getting 3D models for footprint of: C14
12-14 20:48:34 com_github_MitjaNemec_Archive3DModels.archive_3d_models 63:Trying to copy: ${KIPRJMOD}/packages3D/C_0603_1608Metric.step
12-14 20:48:34 com_github_MitjaNemec_Archive3DModels.archive_3d_models 150:Remapping: ${KIPRJMOD}/packages3D/C_0603_1608Metric.step
12-14 20:48:34 com_github_MitjaNemec_Archive3DModels.archive_3d_models 51:Getting 3D models for footprint of: P1
12-14 20:48:34 com_github_MitjaNemec_Archive3DModels.archive_3d_models 63:Trying to copy: ${KIPRJMOD}/packages3D/PinHeader_1x02_P2.54mm_Vertical.step
12-14 20:48:34 com_github_MitjaNemec_Archive3DModels.archive_3d_models 150:Remapping: ${KIPRJMOD}/packages3D/PinHeader_1x02_P2.54mm_Vertical.step
12-14 20:48:34 com_github_MitjaNemec_Archive3DModels.archive_3d_models 51:Getting 3D models for footprint of: D10
12-14 20:48:34 com_github_MitjaNemec_Archive3DModels.archive_3d_models 63:Trying to copy: ${KIPRJMOD}/packages3D/R_0603_1608Metric.step
12-14 20:48:34 com_github_MitjaNemec_Archive3DModels.archive_3d_models 150:Remapping: ${KIPRJMOD}/packages3D/R_0603_1608Metric.step
12-14 20:48:34 com_github_MitjaNemec_Archive3DModels.archive_3d_models 51:Getting 3D models for footprint of: D27
12-14 20:48:34 com_github_MitjaNemec_Archive3DModels.archive_3d_models 63:Trying to copy: ${KIPRJMOD}/packages3D/R_0603_1608Metric.step
12-14 20:48:34 com_github_MitjaNemec_Archive3DModels.archive_3d_models 150:Remapping: ${KIPRJMOD}/packages3D/R_0603_1608Metric.step
12-14 20:48:34 com_github_MitjaNemec_Archive3DModels.archive_3d_models 51:Getting 3D models for footprint of: K1
12-14 20:48:34 com_github_MitjaNemec_Archive3DModels.archive_3d_models 63:Trying to copy: ${KIPRJMOD}/packages3D/JS-12N-K.stp
12-14 20:48:34 com_github_MitjaNemec_Archive3DModels.archive_3d_models 150:Remapping: ${KIPRJMOD}/packages3D/JS-12N-K.stp
12-14 20:48:34 com_github_MitjaNemec_Archive3DModels.archive_3d_models 51:Getting 3D models for footprint of: R45
12-14 20:48:34 com_github_MitjaNemec_Archive3DModels.archive_3d_models 63:Trying to copy: ${KIPRJMOD}/packages3D/R_0603_1608Metric.step
12-14 20:48:34 com_github_MitjaNemec_Archive3DModels.archive_3d_models 150:Remapping: ${KIPRJMOD}/packages3D/R_0603_1608Metric.step
12-14 20:48:34 com_github_MitjaNemec_Archive3DModels.archive_3d_models 51:Getting 3D models for footprint of: R8
12-14 20:48:34 com_github_MitjaNemec_Archive3DModels.archive_3d_models 63:Trying to copy: ${KIPRJMOD}/packages3D/R_0603_1608Metric.step
12-14 20:48:34 com_github_MitjaNemec_Archive3DModels.archive_3d_models 150:Remapping: ${KIPRJMOD}/packages3D/R_0603_1608Metric.step
12-14 20:48:34 com_github_MitjaNemec_Archive3DModels.archive_3d_models 51:Getting 3D models for footprint of: VR3
12-14 20:48:34 com_github_MitjaNemec_Archive3DModels.archive_3d_models 63:Trying to copy: ${KIPRJMOD}/packages3D/AZ1117CH2-5.0TRG1.stp
12-14 20:48:34 com_github_MitjaNemec_Archive3DModels.archive_3d_models 150:Remapping: ${KIPRJMOD}/packages3D/AZ1117CH2-5.0TRG1.stp
12-14 20:48:34 com_github_MitjaNemec_Archive3DModels.archive_3d_models 51:Getting 3D models for footprint of: R55
12-14 20:48:34 com_github_MitjaNemec_Archive3DModels.archive_3d_models 63:Trying to copy: ${KIPRJMOD}/packages3D/R_0603_1608Metric.step
12-14 20:48:34 com_github_MitjaNemec_Archive3DModels.archive_3d_models 150:Remapping: ${KIPRJMOD}/packages3D/R_0603_1608Metric.step
12-14 20:48:34 com_github_MitjaNemec_Archive3DModels.archive_3d_models 51:Getting 3D models for footprint of: C25
12-14 20:48:34 com_github_MitjaNemec_Archive3DModels.archive_3d_models 63:Trying to copy: ${KIPRJMOD}/packages3D/CP_Radial_D13.0mm_P5.00mm.step
12-14 20:48:34 com_github_MitjaNemec_Archive3DModels.archive_3d_models 150:Remapping: ${KIPRJMOD}/packages3D/CP_Radial_D13.0mm_P5.00mm.step
12-14 20:48:34 com_github_MitjaNemec_Archive3DModels.archive_3d_models 51:Getting 3D models for footprint of: R15
12-14 20:48:34 com_github_MitjaNemec_Archive3DModels.archive_3d_models 63:Trying to copy: ${KIPRJMOD}/packages3D/R_0603_1608Metric.step
12-14 20:48:34 com_github_MitjaNemec_Archive3DModels.archive_3d_models 150:Remapping: ${KIPRJMOD}/packages3D/R_0603_1608Metric.step
12-14 20:48:34 com_github_MitjaNemec_Archive3DModels.archive_3d_models 51:Getting 3D models for footprint of: JP1
12-14 20:48:34 com_github_MitjaNemec_Archive3DModels.archive_3d_models 63:Trying to copy: ${KIPRJMOD}/packages3D/PinHeader_1x02_P2.54mm_Vertical.step
12-14 20:48:34 com_github_MitjaNemec_Archive3DModels.archive_3d_models 150:Remapping: ${KIPRJMOD}/packages3D/PinHeader_1x02_P2.54mm_Vertical.step
12-14 20:48:34 com_github_MitjaNemec_Archive3DModels.archive_3d_models 51:Getting 3D models for footprint of: C6
12-14 20:48:34 com_github_MitjaNemec_Archive3DModels.archive_3d_models 63:Trying to copy: ${KIPRJMOD}/packages3D/C_0603_1608Metric.step
12-14 20:48:34 com_github_MitjaNemec_Archive3DModels.archive_3d_models 150:Remapping: ${KIPRJMOD}/packages3D/C_0603_1608Metric.step
12-14 20:48:34 com_github_MitjaNemec_Archive3DModels.archive_3d_models 51:Getting 3D models for footprint of: VR5
12-14 20:48:34 com_github_MitjaNemec_Archive3DModels.archive_3d_models 63:Trying to copy: ${KIPRJMOD}/packages3D/AZ1117CH2-5.0TRG1.stp
12-14 20:48:34 com_github_MitjaNemec_Archive3DModels.archive_3d_models 150:Remapping: ${KIPRJMOD}/packages3D/AZ1117CH2-5.0TRG1.stp
12-14 20:48:34 com_github_MitjaNemec_Archive3DModels.archive_3d_models 51:Getting 3D models for footprint of: D17
12-14 20:48:34 com_github_MitjaNemec_Archive3DModels.archive_3d_models 63:Trying to copy: ${KIPRJMOD}/packages3D/R_0603_1608Metric.step
12-14 20:48:34 com_github_MitjaNemec_Archive3DModels.archive_3d_models 150:Remapping: ${KIPRJMOD}/packages3D/R_0603_1608Metric.step
12-14 20:48:34 com_github_MitjaNemec_Archive3DModels.archive_3d_models 51:Getting 3D models for footprint of: H2
12-14 20:48:34 com_github_MitjaNemec_Archive3DModels.archive_3d_models 63:Trying to copy: C:/Users/kwhit/Downloads/Standoff mf - M3 x 25 across flats 5.5mm.step
12-14 20:48:34 com_github_MitjaNemec_Archive3DModels.archive_3d_models 150:Remapping: C:/Users/kwhit/Downloads/Standoff mf - M3 x 25 across flats 5.5mm.step
12-14 20:48:34 com_github_MitjaNemec_Archive3DModels.archive_3d_models 51:Getting 3D models for footprint of: C19
12-14 20:48:34 com_github_MitjaNemec_Archive3DModels.archive_3d_models 63:Trying to copy: ${KIPRJMOD}/packages3D/C_0603_1608Metric.step
12-14 20:48:34 com_github_MitjaNemec_Archive3DModels.archive_3d_models 150:Remapping: ${KIPRJMOD}/packages3D/C_0603_1608Metric.step
12-14 20:48:34 com_github_MitjaNemec_Archive3DModels.archive_3d_models 51:Getting 3D models for footprint of: R34
12-14 20:48:34 com_github_MitjaNemec_Archive3DModels.archive_3d_models 63:Trying to copy: ${KIPRJMOD}/packages3D/R_0603_1608Metric.step
12-14 20:48:34 com_github_MitjaNemec_Archive3DModels.archive_3d_models 150:Remapping: ${KIPRJMOD}/packages3D/R_0603_1608Metric.step
12-14 20:48:34 com_github_MitjaNemec_Archive3DModels.archive_3d_models 51:Getting 3D models for footprint of: R5
12-14 20:48:34 com_github_MitjaNemec_Archive3DModels.archive_3d_models 63:Trying to copy: ${KIPRJMOD}/packages3D/R_0603_1608Metric.step
12-14 20:48:34 com_github_MitjaNemec_Archive3DModels.archive_3d_models 150:Remapping: ${KIPRJMOD}/packages3D/R_0603_1608Metric.step
12-14 20:48:34 com_github_MitjaNemec_Archive3DModels.archive_3d_models 51:Getting 3D models for footprint of: D28
12-14 20:48:34 com_github_MitjaNemec_Archive3DModels.archive_3d_models 63:Trying to copy: ${KIPRJMOD}/packages3D/R_0603_1608Metric.step
12-14 20:48:34 com_github_MitjaNemec_Archive3DModels.archive_3d_models 150:Remapping: ${KIPRJMOD}/packages3D/R_0603_1608Metric.step
12-14 20:48:34 com_github_MitjaNemec_Archive3DModels.archive_3d_models 51:Getting 3D models for footprint of: H4
12-14 20:48:34 com_github_MitjaNemec_Archive3DModels.archive_3d_models 63:Trying to copy: C:/Users/kwhit/Downloads/Standoff mf - M3 x 25 across flats 5.5mm.step
12-14 20:48:34 com_github_MitjaNemec_Archive3DModels.archive_3d_models 150:Remapping: C:/Users/kwhit/Downloads/Standoff mf - M3 x 25 across flats 5.5mm.step
12-14 20:48:34 com_github_MitjaNemec_Archive3DModels.archive_3d_models 51:Getting 3D models for footprint of: U7
12-14 20:48:34 com_github_MitjaNemec_Archive3DModels.archive_3d_models 63:Trying to copy: ${KIPRJMOD}/packages3D/EN12-VS11AF18.stp
12-14 20:48:34 com_github_MitjaNemec_Archive3DModels.archive_3d_models 150:Remapping: ${KIPRJMOD}/packages3D/EN12-VS11AF18.stp
12-14 20:48:34 com_github_MitjaNemec_Archive3DModels.archive_3d_models 63:Trying to copy: ${KIPRJMOD}/packages3D/EN12-VS20AF20.stp
12-14 20:48:34 com_github_MitjaNemec_Archive3DModels.archive_3d_models 150:Remapping: ${KIPRJMOD}/packages3D/EN12-VS20AF20.stp
12-14 20:48:34 com_github_MitjaNemec_Archive3DModels.archive_3d_models 51:Getting 3D models for footprint of: R9
12-14 20:48:34 com_github_MitjaNemec_Archive3DModels.archive_3d_models 63:Trying to copy: ${KIPRJMOD}/packages3D/R_0603_1608Metric.step
12-14 20:48:34 com_github_MitjaNemec_Archive3DModels.archive_3d_models 150:Remapping: ${KIPRJMOD}/packages3D/R_0603_1608Metric.step
12-14 20:48:34 com_github_MitjaNemec_Archive3DModels.archive_3d_models 51:Getting 3D models for footprint of: R28
12-14 20:48:34 com_github_MitjaNemec_Archive3DModels.archive_3d_models 63:Trying to copy: ${KIPRJMOD}/packages3D/R_0603_1608Metric.step
12-14 20:48:34 com_github_MitjaNemec_Archive3DModels.archive_3d_models 150:Remapping: ${KIPRJMOD}/packages3D/R_0603_1608Metric.step
12-14 20:48:34 com_github_MitjaNemec_Archive3DModels.archive_3d_models 51:Getting 3D models for footprint of: D32
12-14 20:48:34 com_github_MitjaNemec_Archive3DModels.archive_3d_models 63:Trying to copy: ${KIPRJMOD}/packages3D/R_0603_1608Metric.step
12-14 20:48:34 com_github_MitjaNemec_Archive3DModels.archive_3d_models 150:Remapping: ${KIPRJMOD}/packages3D/R_0603_1608Metric.step
12-14 20:48:34 com_github_MitjaNemec_Archive3DModels.archive_3d_models 51:Getting 3D models for footprint of: R62
12-14 20:48:34 com_github_MitjaNemec_Archive3DModels.archive_3d_models 63:Trying to copy: ${KIPRJMOD}/packages3D/R_0603_1608Metric.step
12-14 20:48:34 com_github_MitjaNemec_Archive3DModels.archive_3d_models 150:Remapping: ${KIPRJMOD}/packages3D/R_0603_1608Metric.step
12-14 20:48:34 com_github_MitjaNemec_Archive3DModels.archive_3d_models 51:Getting 3D models for footprint of: R13
12-14 20:48:34 com_github_MitjaNemec_Archive3DModels.archive_3d_models 63:Trying to copy: ${KIPRJMOD}/packages3D/R_0603_1608Metric.step
12-14 20:48:34 com_github_MitjaNemec_Archive3DModels.archive_3d_models 150:Remapping: ${KIPRJMOD}/packages3D/R_0603_1608Metric.step
12-14 20:48:34 com_github_MitjaNemec_Archive3DModels.archive_3d_models 51:Getting 3D models for footprint of: R4
12-14 20:48:34 com_github_MitjaNemec_Archive3DModels.archive_3d_models 63:Trying to copy: ${KIPRJMOD}/packages3D/R_0603_1608Metric.step
12-14 20:48:34 com_github_MitjaNemec_Archive3DModels.archive_3d_models 150:Remapping: ${KIPRJMOD}/packages3D/R_0603_1608Metric.step
12-14 20:48:34 com_github_MitjaNemec_Archive3DModels.archive_3d_models 51:Getting 3D models for footprint of: J1
12-14 20:48:34 com_github_MitjaNemec_Archive3DModels.archive_3d_models 63:Trying to copy: ${KIPRJMOD}/packages3D/61301021821 (rev1).stp
12-14 20:48:34 com_github_MitjaNemec_Archive3DModels.archive_3d_models 150:Remapping: ${KIPRJMOD}/packages3D/61301021821 (rev1).stp
12-14 20:48:34 com_github_MitjaNemec_Archive3DModels.archive_3d_models 63:Trying to copy: ${KIPRJMOD}/packages3D/61301021821.stp
12-14 20:48:34 com_github_MitjaNemec_Archive3DModels.archive_3d_models 150:Remapping: ${KIPRJMOD}/packages3D/61301021821.stp
12-14 20:48:34 com_github_MitjaNemec_Archive3DModels.archive_3d_models 51:Getting 3D models for footprint of: D9
12-14 20:48:34 com_github_MitjaNemec_Archive3DModels.archive_3d_models 63:Trying to copy: ${KIPRJMOD}/packages3D/R_0603_1608Metric.step
12-14 20:48:34 com_github_MitjaNemec_Archive3DModels.archive_3d_models 150:Remapping: ${KIPRJMOD}/packages3D/R_0603_1608Metric.step
12-14 20:48:34 com_github_MitjaNemec_Archive3DModels.archive_3d_models 51:Getting 3D models for footprint of: H3
12-14 20:48:34 com_github_MitjaNemec_Archive3DModels.archive_3d_models 63:Trying to copy: C:/Users/kwhit/Downloads/Standoff mf - M3 x 25 across flats 5.5mm.step
12-14 20:48:34 com_github_MitjaNemec_Archive3DModels.archive_3d_models 150:Remapping: C:/Users/kwhit/Downloads/Standoff mf - M3 x 25 across flats 5.5mm.step
12-14 20:48:34 com_github_MitjaNemec_Archive3DModels.archive_3d_models 51:Getting 3D models for footprint of: K3
12-14 20:48:34 com_github_MitjaNemec_Archive3DModels.archive_3d_models 63:Trying to copy: ${KIPRJMOD}/packages3D/JS-12N-K.stp
12-14 20:48:34 com_github_MitjaNemec_Archive3DModels.archive_3d_models 150:Remapping: ${KIPRJMOD}/packages3D/JS-12N-K.stp
12-14 20:48:34 com_github_MitjaNemec_Archive3DModels.archive_3d_models 51:Getting 3D models for footprint of: R67
12-14 20:48:34 com_github_MitjaNemec_Archive3DModels.archive_3d_models 63:Trying to copy: ${KIPRJMOD}/packages3D/R_0603_1608Metric.step
12-14 20:48:34 com_github_MitjaNemec_Archive3DModels.archive_3d_models 150:Remapping: ${KIPRJMOD}/packages3D/R_0603_1608Metric.step
12-14 20:48:34 com_github_MitjaNemec_Archive3DModels.archive_3d_models 51:Getting 3D models for footprint of: J3
12-14 20:48:34 com_github_MitjaNemec_Archive3DModels.archive_3d_models 63:Trying to copy: ${KIPRJMOD}/packages3D/61301021821 (rev1).stp
12-14 20:48:34 com_github_MitjaNemec_Archive3DModels.archive_3d_models 150:Remapping: ${KIPRJMOD}/packages3D/61301021821 (rev1).stp
12-14 20:48:34 com_github_MitjaNemec_Archive3DModels.archive_3d_models 63:Trying to copy: ${KIPRJMOD}/packages3D/61301021821.stp
12-14 20:48:34 com_github_MitjaNemec_Archive3DModels.archive_3d_models 150:Remapping: ${KIPRJMOD}/packages3D/61301021821.stp
12-14 20:48:34 com_github_MitjaNemec_Archive3DModels.archive_3d_models 51:Getting 3D models for footprint of: Y2
12-14 20:48:34 com_github_MitjaNemec_Archive3DModels.archive_3d_models 63:Trying to copy: ${KIPRJMOD}/packages3D/Crystal IQXC-90.stp
12-14 20:48:34 com_github_MitjaNemec_Archive3DModels.archive_3d_models 150:Remapping: ${KIPRJMOD}/packages3D/Crystal IQXC-90.stp
12-14 20:48:34 com_github_MitjaNemec_Archive3DModels.archive_3d_models 51:Getting 3D models for footprint of: R60
12-14 20:48:34 com_github_MitjaNemec_Archive3DModels.archive_3d_models 63:Trying to copy: ${KIPRJMOD}/packages3D/R_0603_1608Metric.step
12-14 20:48:34 com_github_MitjaNemec_Archive3DModels.archive_3d_models 150:Remapping: ${KIPRJMOD}/packages3D/R_0603_1608Metric.step
12-14 20:48:34 com_github_MitjaNemec_Archive3DModels.archive_3d_models 51:Getting 3D models for footprint of: R37
12-14 20:48:34 com_github_MitjaNemec_Archive3DModels.archive_3d_models 63:Trying to copy: ${KIPRJMOD}/packages3D/R_0603_1608Metric.step
12-14 20:48:34 com_github_MitjaNemec_Archive3DModels.archive_3d_models 150:Remapping: ${KIPRJMOD}/packages3D/R_0603_1608Metric.step
12-14 20:48:34 com_github_MitjaNemec_Archive3DModels.archive_3d_models 51:Getting 3D models for footprint of: Q9
12-14 20:48:34 com_github_MitjaNemec_Archive3DModels.archive_3d_models 63:Trying to copy: ${KIPRJMOD}/packages3D/SOT-23.step
12-14 20:48:34 com_github_MitjaNemec_Archive3DModels.archive_3d_models 150:Remapping: ${KIPRJMOD}/packages3D/SOT-23.step
12-14 20:48:34 com_github_MitjaNemec_Archive3DModels.archive_3d_models 51:Getting 3D models for footprint of: Y3
12-14 20:48:34 com_github_MitjaNemec_Archive3DModels.archive_3d_models 63:Trying to copy: ${KIPRJMOD}/packages3D/Crystal IQXC-90.stp
12-14 20:48:34 com_github_MitjaNemec_Archive3DModels.archive_3d_models 150:Remapping: ${KIPRJMOD}/packages3D/Crystal IQXC-90.stp
12-14 20:48:34 com_github_MitjaNemec_Archive3DModels.archive_3d_models 51:Getting 3D models for footprint of: D12
12-14 20:48:34 com_github_MitjaNemec_Archive3DModels.archive_3d_models 63:Trying to copy: ${KIPRJMOD}/packages3D/R_0603_1608Metric.step
12-14 20:48:34 com_github_MitjaNemec_Archive3DModels.archive_3d_models 150:Remapping: ${KIPRJMOD}/packages3D/R_0603_1608Metric.step
12-14 20:48:34 com_github_MitjaNemec_Archive3DModels.archive_3d_models 51:Getting 3D models for footprint of: U8
12-14 20:48:34 com_github_MitjaNemec_Archive3DModels.archive_3d_models 63:Trying to copy: ${KIPRJMOD}/packages3D/RTC.stp
12-14 20:48:34 com_github_MitjaNemec_Archive3DModels.archive_3d_models 150:Remapping: ${KIPRJMOD}/packages3D/RTC.stp
12-14 20:48:34 com_github_MitjaNemec_Archive3DModels.archive_3d_models 51:Getting 3D models for footprint of: BT1
12-14 20:48:34 com_github_MitjaNemec_Archive3DModels.archive_3d_models 63:Trying to copy: ${KIPRJMOD}/packages3D/Keystone 3008 Coin Cell Holder.stp
12-14 20:48:34 com_github_MitjaNemec_Archive3DModels.archive_3d_models 150:Remapping: ${KIPRJMOD}/packages3D/Keystone 3008 Coin Cell Holder.stp
12-14 20:48:34 com_github_MitjaNemec_Archive3DModels.archive_3d_models 51:Getting 3D models for footprint of: C3
12-14 20:48:34 com_github_MitjaNemec_Archive3DModels.archive_3d_models 63:Trying to copy: ${KIPRJMOD}/packages3D/C_0603_1608Metric.step
12-14 20:48:34 com_github_MitjaNemec_Archive3DModels.archive_3d_models 150:Remapping: ${KIPRJMOD}/packages3D/C_0603_1608Metric.step
12-14 20:48:34 com_github_MitjaNemec_Archive3DModels.archive_3d_models 51:Getting 3D models for footprint of: R3
12-14 20:48:34 com_github_MitjaNemec_Archive3DModels.archive_3d_models 63:Trying to copy: ${KIPRJMOD}/packages3D/R_0603_1608Metric.step
12-14 20:48:34 com_github_MitjaNemec_Archive3DModels.archive_3d_models 150:Remapping: ${KIPRJMOD}/packages3D/R_0603_1608Metric.step
12-14 20:48:34 com_github_MitjaNemec_Archive3DModels.archive_3d_models 51:Getting 3D models for footprint of: Q8
12-14 20:48:34 com_github_MitjaNemec_Archive3DModels.archive_3d_models 63:Trying to copy: ${KIPRJMOD}/packages3D/SOT-23.step
12-14 20:48:34 com_github_MitjaNemec_Archive3DModels.archive_3d_models 150:Remapping: ${KIPRJMOD}/packages3D/SOT-23.step
12-14 20:48:34 com_github_MitjaNemec_Archive3DModels.archive_3d_models 51:Getting 3D models for footprint of: R65
12-14 20:48:34 com_github_MitjaNemec_Archive3DModels.archive_3d_models 63:Trying to copy: ${KIPRJMOD}/packages3D/R_0603_1608Metric.step
12-14 20:48:34 com_github_MitjaNemec_Archive3DModels.archive_3d_models 150:Remapping: ${KIPRJMOD}/packages3D/R_0603_1608Metric.step
12-14 20:48:34 com_github_MitjaNemec_Archive3DModels.archive_3d_models 51:Getting 3D models for footprint of: D4
12-14 20:48:34 com_github_MitjaNemec_Archive3DModels.archive_3d_models 63:Trying to copy: ${KIPRJMOD}/packages3D/R_0603_1608Metric.step
12-14 20:48:34 com_github_MitjaNemec_Archive3DModels.archive_3d_models 150:Remapping: ${KIPRJMOD}/packages3D/R_0603_1608Metric.step
12-14 20:48:34 com_github_MitjaNemec_Archive3DModels.archive_3d_models 51:Getting 3D models for footprint of: R69
12-14 20:48:34 com_github_MitjaNemec_Archive3DModels.archive_3d_models 63:Trying to copy: ${KIPRJMOD}/packages3D/R_0603_1608Metric.step
12-14 20:48:34 com_github_MitjaNemec_Archive3DModels.archive_3d_models 150:Remapping: ${KIPRJMOD}/packages3D/R_0603_1608Metric.step
12-14 20:48:34 com_github_MitjaNemec_Archive3DModels.archive_3d_models 51:Getting 3D models for footprint of: SW2
12-14 20:48:34 com_github_MitjaNemec_Archive3DModels.archive_3d_models 63:Trying to copy: ${KIPRJMOD}/packages3D/1985195.stp
12-14 20:48:34 com_github_MitjaNemec_Archive3DModels.archive_3d_models 150:Remapping: ${KIPRJMOD}/packages3D/1985195.stp
12-14 20:48:34 com_github_MitjaNemec_Archive3DModels.archive_3d_models 51:Getting 3D models for footprint of: C23
12-14 20:48:34 com_github_MitjaNemec_Archive3DModels.archive_3d_models 63:Trying to copy: ${KIPRJMOD}/packages3D/C_1210_3225Metric.step
12-14 20:48:34 com_github_MitjaNemec_Archive3DModels.archive_3d_models 150:Remapping: ${KIPRJMOD}/packages3D/C_1210_3225Metric.step
12-14 20:48:34 com_github_MitjaNemec_Archive3DModels.archive_3d_models 51:Getting 3D models for footprint of: C22
12-14 20:48:34 com_github_MitjaNemec_Archive3DModels.archive_3d_models 63:Trying to copy: ${KIPRJMOD}/packages3D/C_1210_3225Metric.step
12-14 20:48:34 com_github_MitjaNemec_Archive3DModels.archive_3d_models 150:Remapping: ${KIPRJMOD}/packages3D/C_1210_3225Metric.step
12-14 20:48:34 com_github_MitjaNemec_Archive3DModels.archive_3d_models 51:Getting 3D models for footprint of: R6
12-14 20:48:34 com_github_MitjaNemec_Archive3DModels.archive_3d_models 63:Trying to copy: ${KIPRJMOD}/packages3D/R_0603_1608Metric.step
12-14 20:48:34 com_github_MitjaNemec_Archive3DModels.archive_3d_models 150:Remapping: ${KIPRJMOD}/packages3D/R_0603_1608Metric.step
12-14 20:48:34 com_github_MitjaNemec_Archive3DModels.archive_3d_models 51:Getting 3D models for footprint of: D8
12-14 20:48:34 com_github_MitjaNemec_Archive3DModels.archive_3d_models 63:Trying to copy: ${KIPRJMOD}/packages3D/R_0603_1608Metric.step
12-14 20:48:34 com_github_MitjaNemec_Archive3DModels.archive_3d_models 150:Remapping: ${KIPRJMOD}/packages3D/R_0603_1608Metric.step
12-14 20:48:34 com_github_MitjaNemec_Archive3DModels.archive_3d_models 51:Getting 3D models for footprint of: C10
12-14 20:48:34 com_github_MitjaNemec_Archive3DModels.archive_3d_models 63:Trying to copy: ${KIPRJMOD}/packages3D/C_0603_1608Metric.step
12-14 20:48:34 com_github_MitjaNemec_Archive3DModels.archive_3d_models 150:Remapping: ${KIPRJMOD}/packages3D/C_0603_1608Metric.step
12-14 20:48:34 com_github_MitjaNemec_Archive3DModels.archive_3d_models 51:Getting 3D models for footprint of: D24
12-14 20:48:34 com_github_MitjaNemec_Archive3DModels.archive_3d_models 63:Trying to copy: ${KIPRJMOD}/packages3D/R_0603_1608Metric.step
12-14 20:48:34 com_github_MitjaNemec_Archive3DModels.archive_3d_models 150:Remapping: ${KIPRJMOD}/packages3D/R_0603_1608Metric.step
12-14 20:48:34 com_github_MitjaNemec_Archive3DModels.archive_3d_models 51:Getting 3D models for footprint of: C20
12-14 20:48:34 com_github_MitjaNemec_Archive3DModels.archive_3d_models 63:Trying to copy: ${KIPRJMOD}/packages3D/C_0603_1608Metric.step
12-14 20:48:34 com_github_MitjaNemec_Archive3DModels.archive_3d_models 150:Remapping: ${KIPRJMOD}/packages3D/C_0603_1608Metric.step
12-14 20:48:34 com_github_MitjaNemec_Archive3DModels.archive_3d_models 51:Getting 3D models for footprint of: U10
12-14 20:48:34 com_github_MitjaNemec_Archive3DModels.archive_3d_models 63:Trying to copy: ${KIPRJMOD}/packages3D/VEML7700-TR.stp
12-14 20:48:34 com_github_MitjaNemec_Archive3DModels.archive_3d_models 150:Remapping: ${KIPRJMOD}/packages3D/VEML7700-TR.stp
12-14 20:48:34 com_github_MitjaNemec_Archive3DModels.archive_3d_models 51:Getting 3D models for footprint of: R42
12-14 20:48:34 com_github_MitjaNemec_Archive3DModels.archive_3d_models 63:Trying to copy: ${KIPRJMOD}/packages3D/R_0603_1608Metric.step
12-14 20:48:34 com_github_MitjaNemec_Archive3DModels.archive_3d_models 150:Remapping: ${KIPRJMOD}/packages3D/R_0603_1608Metric.step
12-14 20:48:34 com_github_MitjaNemec_Archive3DModels.archive_3d_models 51:Getting 3D models for footprint of: C29
12-14 20:48:34 com_github_MitjaNemec_Archive3DModels.archive_3d_models 63:Trying to copy: ${KIPRJMOD}/packages3D/C_1210_3225Metric.step
12-14 20:48:34 com_github_MitjaNemec_Archive3DModels.archive_3d_models 150:Remapping: ${KIPRJMOD}/packages3D/C_1210_3225Metric.step
12-14 20:48:34 com_github_MitjaNemec_Archive3DModels.archive_3d_models 51:Getting 3D models for footprint of: D6
12-14 20:48:34 com_github_MitjaNemec_Archive3DModels.archive_3d_models 63:Trying to copy: ${KIPRJMOD}/packages3D/R_0603_1608Metric.step
12-14 20:48:34 com_github_MitjaNemec_Archive3DModels.archive_3d_models 150:Remapping: ${KIPRJMOD}/packages3D/R_0603_1608Metric.step
12-14 20:48:34 com_github_MitjaNemec_Archive3DModels.archive_3d_models 51:Getting 3D models for footprint of: R16
12-14 20:48:34 com_github_MitjaNemec_Archive3DModels.archive_3d_models 63:Trying to copy: ${KIPRJMOD}/packages3D/R_0603_1608Metric.step
12-14 20:48:34 com_github_MitjaNemec_Archive3DModels.archive_3d_models 150:Remapping: ${KIPRJMOD}/packages3D/R_0603_1608Metric.step
12-14 20:48:34 com_github_MitjaNemec_Archive3DModels.archive_3d_models 51:Getting 3D models for footprint of: D31
12-14 20:48:34 com_github_MitjaNemec_Archive3DModels.archive_3d_models 63:Trying to copy: ${KIPRJMOD}/packages3D/R_0603_1608Metric.step
12-14 20:48:34 com_github_MitjaNemec_Archive3DModels.archive_3d_models 150:Remapping: ${KIPRJMOD}/packages3D/R_0603_1608Metric.step
12-14 20:48:34 com_github_MitjaNemec_Archive3DModels.archive_3d_models 51:Getting 3D models for footprint of: D20
12-14 20:48:34 com_github_MitjaNemec_Archive3DModels.archive_3d_models 63:Trying to copy: ${KIPRJMOD}/packages3D/R_0603_1608Metric.step
12-14 20:48:34 com_github_MitjaNemec_Archive3DModels.archive_3d_models 150:Remapping: ${KIPRJMOD}/packages3D/R_0603_1608Metric.step
12-14 20:48:34 com_github_MitjaNemec_Archive3DModels.archive_3d_models 51:Getting 3D models for footprint of: D18
12-14 20:48:34 com_github_MitjaNemec_Archive3DModels.archive_3d_models 63:Trying to copy: ${KIPRJMOD}/packages3D/R_0603_1608Metric.step
12-14 20:48:34 com_github_MitjaNemec_Archive3DModels.archive_3d_models 150:Remapping: ${KIPRJMOD}/packages3D/R_0603_1608Metric.step
12-14 20:48:34 com_github_MitjaNemec_Archive3DModels.archive_3d_models 51:Getting 3D models for footprint of: VR4
12-14 20:48:34 com_github_MitjaNemec_Archive3DModels.archive_3d_models 63:Trying to copy: ${KIPRJMOD}/packages3D/AZ1117CH2-3.3TRG1.stp
12-14 20:48:34 com_github_MitjaNemec_Archive3DModels.archive_3d_models 150:Remapping: ${KIPRJMOD}/packages3D/AZ1117CH2-3.3TRG1.stp
12-14 20:48:34 com_github_MitjaNemec_Archive3DModels.archive_3d_models 51:Getting 3D models for footprint of: R23
12-14 20:48:34 com_github_MitjaNemec_Archive3DModels.archive_3d_models 63:Trying to copy: ${KIPRJMOD}/packages3D/R_0603_1608Metric.step
12-14 20:48:34 com_github_MitjaNemec_Archive3DModels.archive_3d_models 150:Remapping: ${KIPRJMOD}/packages3D/R_0603_1608Metric.step
12-14 20:48:34 com_github_MitjaNemec_Archive3DModels.archive_3d_models 51:Getting 3D models for footprint of: R70
12-14 20:48:34 com_github_MitjaNemec_Archive3DModels.archive_3d_models 63:Trying to copy: ${KIPRJMOD}/packages3D/R_0603_1608Metric.step
12-14 20:48:34 com_github_MitjaNemec_Archive3DModels.archive_3d_models 150:Remapping: ${KIPRJMOD}/packages3D/R_0603_1608Metric.step
12-14 20:48:34 com_github_MitjaNemec_Archive3DModels.archive_3d_models 51:Getting 3D models for footprint of: R72
12-14 20:48:34 com_github_MitjaNemec_Archive3DModels.archive_3d_models 63:Trying to copy: ${KIPRJMOD}/packages3D/R_0603_1608Metric.step
12-14 20:48:34 com_github_MitjaNemec_Archive3DModels.archive_3d_models 150:Remapping: ${KIPRJMOD}/packages3D/R_0603_1608Metric.step
12-14 20:48:34 com_github_MitjaNemec_Archive3DModels.archive_3d_models 51:Getting 3D models for footprint of: C1
12-14 20:48:34 com_github_MitjaNemec_Archive3DModels.archive_3d_models 63:Trying to copy: ${KIPRJMOD}/packages3D/C_0603_1608Metric.step
12-14 20:48:34 com_github_MitjaNemec_Archive3DModels.archive_3d_models 150:Remapping: ${KIPRJMOD}/packages3D/C_0603_1608Metric.step
12-14 20:48:34 com_github_MitjaNemec_Archive3DModels.archive_3d_models 51:Getting 3D models for footprint of: D13
12-14 20:48:34 com_github_MitjaNemec_Archive3DModels.archive_3d_models 63:Trying to copy: ${KIPRJMOD}/packages3D/R_0603_1608Metric.step
12-14 20:48:34 com_github_MitjaNemec_Archive3DModels.archive_3d_models 150:Remapping: ${KIPRJMOD}/packages3D/R_0603_1608Metric.step
12-14 20:48:34 com_github_MitjaNemec_Archive3DModels.archive_3d_models 51:Getting 3D models for footprint of: REF**
12-14 20:48:34 com_github_MitjaNemec_Archive3DModels.archive_3d_models 51:Getting 3D models for footprint of: R2
12-14 20:48:34 com_github_MitjaNemec_Archive3DModels.archive_3d_models 63:Trying to copy: ${KIPRJMOD}/packages3D/R_0603_1608Metric.step
12-14 20:48:34 com_github_MitjaNemec_Archive3DModels.archive_3d_models 150:Remapping: ${KIPRJMOD}/packages3D/R_0603_1608Metric.step
12-14 20:48:34 com_github_MitjaNemec_Archive3DModels.archive_3d_models 51:Getting 3D models for footprint of: D11
12-14 20:48:34 com_github_MitjaNemec_Archive3DModels.archive_3d_models 63:Trying to copy: ${KIPRJMOD}/packages3D/R_0603_1608Metric.step
12-14 20:48:34 com_github_MitjaNemec_Archive3DModels.archive_3d_models 150:Remapping: ${KIPRJMOD}/packages3D/R_0603_1608Metric.step
12-14 20:48:34 com_github_MitjaNemec_Archive3DModels.archive_3d_models 51:Getting 3D models for footprint of: R73
12-14 20:48:34 com_github_MitjaNemec_Archive3DModels.archive_3d_models 63:Trying to copy: ${KIPRJMOD}/packages3D/R_0603_1608Metric.step
12-14 20:48:34 com_github_MitjaNemec_Archive3DModels.archive_3d_models 150:Remapping: ${KIPRJMOD}/packages3D/R_0603_1608Metric.step
12-14 20:48:34 com_github_MitjaNemec_Archive3DModels.archive_3d_models 51:Getting 3D models for footprint of: D15
12-14 20:48:34 com_github_MitjaNemec_Archive3DModels.archive_3d_models 63:Trying to copy: ${KIPRJMOD}/packages3D/R_0603_1608Metric.step
12-14 20:48:34 com_github_MitjaNemec_Archive3DModels.archive_3d_models 150:Remapping: ${KIPRJMOD}/packages3D/R_0603_1608Metric.step
12-14 20:48:34 com_github_MitjaNemec_Archive3DModels.archive_3d_models 51:Getting 3D models for footprint of: U5
12-14 20:48:34 com_github_MitjaNemec_Archive3DModels.archive_3d_models 63:Trying to copy: ${KIPRJMOD}/packages3D/PCA9306DCUR.stp
12-14 20:48:34 com_github_MitjaNemec_Archive3DModels.archive_3d_models 150:Remapping: ${KIPRJMOD}/packages3D/PCA9306DCUR.stp
12-14 20:48:34 com_github_MitjaNemec_Archive3DModels.archive_3d_models 51:Getting 3D models for footprint of: R39
12-14 20:48:34 com_github_MitjaNemec_Archive3DModels.archive_3d_models 63:Trying to copy: ${KIPRJMOD}/packages3D/R_2010_5025Metric.step
12-14 20:48:34 com_github_MitjaNemec_Archive3DModels.archive_3d_models 150:Remapping: ${KIPRJMOD}/packages3D/R_2010_5025Metric.step
12-14 20:48:34 com_github_MitjaNemec_Archive3DModels.archive_3d_models 51:Getting 3D models for footprint of: TP6
12-14 20:48:34 com_github_MitjaNemec_Archive3DModels.archive_3d_models 51:Getting 3D models for footprint of: D33
12-14 20:48:34 com_github_MitjaNemec_Archive3DModels.archive_3d_models 63:Trying to copy: ${KIPRJMOD}/packages3D/diode.stp
12-14 20:48:34 com_github_MitjaNemec_Archive3DModels.archive_3d_models 150:Remapping: ${KIPRJMOD}/packages3D/diode.stp
12-14 20:48:34 com_github_MitjaNemec_Archive3DModels.archive_3d_models 51:Getting 3D models for footprint of: Q6
12-14 20:48:34 com_github_MitjaNemec_Archive3DModels.archive_3d_models 63:Trying to copy: ${KIPRJMOD}/packages3D/XP231P0201TR-G.stp
12-14 20:48:34 com_github_MitjaNemec_Archive3DModels.archive_3d_models 150:Remapping: ${KIPRJMOD}/packages3D/XP231P0201TR-G.stp
12-14 20:48:34 com_github_MitjaNemec_Archive3DModels.archive_3d_models 51:Getting 3D models for footprint of: K4
12-14 20:48:34 com_github_MitjaNemec_Archive3DModels.archive_3d_models 63:Trying to copy: ${KIPRJMOD}/packages3D/PR30-12V-450-1A-E.stp
12-14 20:48:34 com_github_MitjaNemec_Archive3DModels.archive_3d_models 150:Remapping: ${KIPRJMOD}/packages3D/PR30-12V-450-1A-E.stp
12-14 20:48:34 com_github_MitjaNemec_Archive3DModels.archive_3d_models 51:Getting 3D models for footprint of: C8
12-14 20:48:34 com_github_MitjaNemec_Archive3DModels.archive_3d_models 63:Trying to copy: ${KIPRJMOD}/packages3D/C_0603_1608Metric.step
12-14 20:48:34 com_github_MitjaNemec_Archive3DModels.archive_3d_models 150:Remapping: ${KIPRJMOD}/packages3D/C_0603_1608Metric.step
12-14 20:48:34 com_github_MitjaNemec_Archive3DModels.archive_3d_models 51:Getting 3D models for footprint of: C26
12-14 20:48:34 com_github_MitjaNemec_Archive3DModels.archive_3d_models 63:Trying to copy: ${KIPRJMOD}/packages3D/CP_Radial_D13.0mm_P5.00mm.step
12-14 20:48:34 com_github_MitjaNemec_Archive3DModels.archive_3d_models 150:Remapping: ${KIPRJMOD}/packages3D/CP_Radial_D13.0mm_P5.00mm.step
12-14 20:48:34 com_github_MitjaNemec_Archive3DModels.archive_3d_models 51:Getting 3D models for footprint of: D23
12-14 20:48:34 com_github_MitjaNemec_Archive3DModels.archive_3d_models 63:Trying to copy: ${KIPRJMOD}/packages3D/R_0603_1608Metric.step
12-14 20:48:34 com_github_MitjaNemec_Archive3DModels.archive_3d_models 150:Remapping: ${KIPRJMOD}/packages3D/R_0603_1608Metric.step
12-14 20:48:34 com_github_MitjaNemec_Archive3DModels.archive_3d_models 51:Getting 3D models for footprint of: R50
12-14 20:48:34 com_github_MitjaNemec_Archive3DModels.archive_3d_models 63:Trying to copy: ${KIPRJMOD}/packages3D/R_0603_1608Metric.step
12-14 20:48:34 com_github_MitjaNemec_Archive3DModels.archive_3d_models 150:Remapping: ${KIPRJMOD}/packages3D/R_0603_1608Metric.step
12-14 20:48:34 com_github_MitjaNemec_Archive3DModels.archive_3d_models 51:Getting 3D models for footprint of: Q11
12-14 20:48:34 com_github_MitjaNemec_Archive3DModels.archive_3d_models 63:Trying to copy: ${KIPRJMOD}/packages3D/SOT-23.step
12-14 20:48:34 com_github_MitjaNemec_Archive3DModels.archive_3d_models 150:Remapping: ${KIPRJMOD}/packages3D/SOT-23.step
12-14 20:48:34 com_github_MitjaNemec_Archive3DModels.archive_3d_models 51:Getting 3D models for footprint of: U6
12-14 20:48:34 com_github_MitjaNemec_Archive3DModels.archive_3d_models 63:Trying to copy: ${KIPRJMOD}/packages3D/PCA9306DCUR.stp
12-14 20:48:34 com_github_MitjaNemec_Archive3DModels.archive_3d_models 150:Remapping: ${KIPRJMOD}/packages3D/PCA9306DCUR.stp
12-14 20:48:34 com_github_MitjaNemec_Archive3DModels.archive_3d_models 51:Getting 3D models for footprint of: R1
12-14 20:48:34 com_github_MitjaNemec_Archive3DModels.archive_3d_models 63:Trying to copy: ${KIPRJMOD}/packages3D/R_0603_1608Metric.step
12-14 20:48:34 com_github_MitjaNemec_Archive3DModels.archive_3d_models 150:Remapping: ${KIPRJMOD}/packages3D/R_0603_1608Metric.step
12-14 20:48:34 com_github_MitjaNemec_Archive3DModels.archive_3d_models 51:Getting 3D models for footprint of: R44
12-14 20:48:34 com_github_MitjaNemec_Archive3DModels.archive_3d_models 63:Trying to copy: ${KIPRJMOD}/packages3D/R_0603_1608Metric.step
12-14 20:48:34 com_github_MitjaNemec_Archive3DModels.archive_3d_models 150:Remapping: ${KIPRJMOD}/packages3D/R_0603_1608Metric.step
12-14 20:48:34 com_github_MitjaNemec_Archive3DModels.archive_3d_models 51:Getting 3D models for footprint of: SW1
12-14 20:48:34 com_github_MitjaNemec_Archive3DModels.archive_3d_models 63:Trying to copy: ${KIPRJMOD}/packages3D/1985195.stp
12-14 20:48:34 com_github_MitjaNemec_Archive3DModels.archive_3d_models 150:Remapping: ${KIPRJMOD}/packages3D/1985195.stp
12-14 20:48:34 com_github_MitjaNemec_Archive3DModels.archive_3d_models 51:Getting 3D models for footprint of: C31
12-14 20:48:34 com_github_MitjaNemec_Archive3DModels.archive_3d_models 63:Trying to copy: ${KIPRJMOD}/packages3D/C_0603_1608Metric.step
12-14 20:48:34 com_github_MitjaNemec_Archive3DModels.archive_3d_models 150:Remapping: ${KIPRJMOD}/packages3D/C_0603_1608Metric.step
12-14 20:48:34 com_github_MitjaNemec_Archive3DModels.archive_3d_models 51:Getting 3D models for footprint of: J7
12-14 20:48:34 com_github_MitjaNemec_Archive3DModels.archive_3d_models 63:Trying to copy: ${KIPRJMOD}/packages3D/PJ-102A.stp
12-14 20:48:34 com_github_MitjaNemec_Archive3DModels.archive_3d_models 150:Remapping: ${KIPRJMOD}/packages3D/PJ-102A.stp
12-14 20:48:34 com_github_MitjaNemec_Archive3DModels.archive_3d_models 51:Getting 3D models for footprint of: U2
12-14 20:48:34 com_github_MitjaNemec_Archive3DModels.archive_3d_models 63:Trying to copy: ${KIPRJMOD}/packages3D/PCA9306DCUR.stp
12-14 20:48:34 com_github_MitjaNemec_Archive3DModels.archive_3d_models 150:Remapping: ${KIPRJMOD}/packages3D/PCA9306DCUR.stp
12-14 20:48:34 com_github_MitjaNemec_Archive3DModels.archive_3d_models 51:Getting 3D models for footprint of: J4
12-14 20:48:34 com_github_MitjaNemec_Archive3DModels.archive_3d_models 63:Trying to copy: ${KIPRJMOD}/packages3D/M20-7920242R.stp
12-14 20:48:34 com_github_MitjaNemec_Archive3DModels.archive_3d_models 150:Remapping: ${KIPRJMOD}/packages3D/M20-7920242R.stp
12-14 20:48:34 com_github_MitjaNemec_Archive3DModels.archive_3d_models 51:Getting 3D models for footprint of: C34
12-14 20:48:34 com_github_MitjaNemec_Archive3DModels.archive_3d_models 63:Trying to copy: ${KIPRJMOD}/packages3D/C_0603_1608Metric.step
12-14 20:48:34 com_github_MitjaNemec_Archive3DModels.archive_3d_models 150:Remapping: ${KIPRJMOD}/packages3D/C_0603_1608Metric.step
12-14 20:48:34 com_github_MitjaNemec_Archive3DModels.archive_3d_models 51:Getting 3D models for footprint of: R17
12-14 20:48:34 com_github_MitjaNemec_Archive3DModels.archive_3d_models 63:Trying to copy: ${KIPRJMOD}/packages3D/R_0603_1608Metric.step
12-14 20:48:34 com_github_MitjaNemec_Archive3DModels.archive_3d_models 150:Remapping: ${KIPRJMOD}/packages3D/R_0603_1608Metric.step
12-14 20:48:34 com_github_MitjaNemec_Archive3DModels.archive_3d_models 51:Getting 3D models for footprint of: R47
12-14 20:48:34 com_github_MitjaNemec_Archive3DModels.archive_3d_models 63:Trying to copy: ${KIPRJMOD}/packages3D/R_0603_1608Metric.step
12-14 20:48:34 com_github_MitjaNemec_Archive3DModels.archive_3d_models 150:Remapping: ${KIPRJMOD}/packages3D/R_0603_1608Metric.step
12-14 20:48:34 com_github_MitjaNemec_Archive3DModels.archive_3d_models 51:Getting 3D models for footprint of: R29
12-14 20:48:34 com_github_MitjaNemec_Archive3DModels.archive_3d_models 63:Trying to copy: ${KIPRJMOD}/packages3D/R_0603_1608Metric.step
12-14 20:48:34 com_github_MitjaNemec_Archive3DModels.archive_3d_models 150:Remapping: ${KIPRJMOD}/packages3D/R_0603_1608Metric.step
12-14 20:48:34 com_github_MitjaNemec_Archive3DModels.archive_3d_models 51:Getting 3D models for footprint of: D25
12-14 20:48:34 com_github_MitjaNemec_Archive3DModels.archive_3d_models 63:Trying to copy: ${KIPRJMOD}/packages3D/R_0603_1608Metric.step
12-14 20:48:34 com_github_MitjaNemec_Archive3DModels.archive_3d_models 150:Remapping: ${KIPRJMOD}/packages3D/R_0603_1608Metric.step
12-14 20:48:34 com_github_MitjaNemec_Archive3DModels.archive_3d_models 51:Getting 3D models for footprint of: C7
12-14 20:48:34 com_github_MitjaNemec_Archive3DModels.archive_3d_models 63:Trying to copy: ${KIPRJMOD}/packages3D/C_0603_1608Metric.step
12-14 20:48:34 com_github_MitjaNemec_Archive3DModels.archive_3d_models 150:Remapping: ${KIPRJMOD}/packages3D/C_0603_1608Metric.step
12-14 20:48:34 com_github_MitjaNemec_Archive3DModels.archive_3d_models 51:Getting 3D models for footprint of: D14
12-14 20:48:34 com_github_MitjaNemec_Archive3DModels.archive_3d_models 63:Trying to copy: ${KIPRJMOD}/packages3D/R_0603_1608Metric.step
12-14 20:48:34 com_github_MitjaNemec_Archive3DModels.archive_3d_models 150:Remapping: ${KIPRJMOD}/packages3D/R_0603_1608Metric.step
12-14 20:48:34 com_github_MitjaNemec_Archive3DModels.archive_3d_models 51:Getting 3D models for footprint of: D3
12-14 20:48:34 com_github_MitjaNemec_Archive3DModels.archive_3d_models 63:Trying to copy: ${KIPRJMOD}/packages3D/LED_0603_1608Metric.step
12-14 20:48:34 com_github_MitjaNemec_Archive3DModels.archive_3d_models 150:Remapping: ${KIPRJMOD}/packages3D/LED_0603_1608Metric.step
12-14 20:48:34 com_github_MitjaNemec_Archive3DModels.archive_3d_models 51:Getting 3D models for footprint of: C18
12-14 20:48:34 com_github_MitjaNemec_Archive3DModels.archive_3d_models 63:Trying to copy: ${KIPRJMOD}/packages3D/C_0603_1608Metric.step
12-14 20:48:34 com_github_MitjaNemec_Archive3DModels.archive_3d_models 150:Remapping: ${KIPRJMOD}/packages3D/C_0603_1608Metric.step
12-14 20:48:34 com_github_MitjaNemec_Archive3DModels.archive_3d_models 51:Getting 3D models for footprint of: REF**
12-14 20:48:34 com_github_MitjaNemec_Archive3DModels.archive_3d_models 51:Getting 3D models for footprint of: D47
12-14 20:48:34 com_github_MitjaNemec_Archive3DModels.archive_3d_models 63:Trying to copy: ${KIPRJMOD}/packages3D/diode.stp
12-14 20:48:34 com_github_MitjaNemec_Archive3DModels.archive_3d_models 150:Remapping: ${KIPRJMOD}/packages3D/diode.stp
12-14 20:48:34 com_github_MitjaNemec_Archive3DModels.archive_3d_models 51:Getting 3D models for footprint of: J12
12-14 20:48:34 com_github_MitjaNemec_Archive3DModels.archive_3d_models 63:Trying to copy: ${KIPRJMOD}/packages3D/M20-7920242R.stp
12-14 20:48:34 com_github_MitjaNemec_Archive3DModels.archive_3d_models 150:Remapping: ${KIPRJMOD}/packages3D/M20-7920242R.stp
12-14 20:48:34 com_github_MitjaNemec_Archive3DModels.archive_3d_models 51:Getting 3D models for footprint of: REF**
12-14 20:48:34 com_github_MitjaNemec_Archive3DModels.archive_3d_models 51:Getting 3D models for footprint of: J18
12-14 20:48:34 com_github_MitjaNemec_Archive3DModels.archive_3d_models 63:Trying to copy: ${KIPRJMOD}/packages3D/M20-7920242R.stp
12-14 20:48:34 com_github_MitjaNemec_Archive3DModels.archive_3d_models 150:Remapping: ${KIPRJMOD}/packages3D/M20-7920242R.stp
12-14 20:48:34 com_github_MitjaNemec_Archive3DModels.archive_3d_models 51:Getting 3D models for footprint of: J16
12-14 20:48:34 com_github_MitjaNemec_Archive3DModels.archive_3d_models 63:Trying to copy: ${KIPRJMOD}/packages3D/PinSocket_1x09_P2.54mm_Vertical.step
12-14 20:48:34 com_github_MitjaNemec_Archive3DModels.archive_3d_models 150:Remapping: ${KIPRJMOD}/packages3D/PinSocket_1x09_P2.54mm_Vertical.step
12-14 20:48:34 com_github_MitjaNemec_Archive3DModels.archive_3d_models 51:Getting 3D models for footprint of: D43
12-14 20:48:34 com_github_MitjaNemec_Archive3DModels.archive_3d_models 63:Trying to copy: ${KIPRJMOD}/packages3D/R_0603_1608Metric.step
12-14 20:48:34 com_github_MitjaNemec_Archive3DModels.archive_3d_models 150:Remapping: ${KIPRJMOD}/packages3D/R_0603_1608Metric.step
12-14 20:48:34 com_github_MitjaNemec_Archive3DModels.archive_3d_models 51:Getting 3D models for footprint of: D37
12-14 20:48:34 com_github_MitjaNemec_Archive3DModels.archive_3d_models 63:Trying to copy: ${KIPRJMOD}/packages3D/R_0603_1608Metric.step
12-14 20:48:34 com_github_MitjaNemec_Archive3DModels.archive_3d_models 150:Remapping: ${KIPRJMOD}/packages3D/R_0603_1608Metric.step
12-14 20:48:34 com_github_MitjaNemec_Archive3DModels.archive_3d_models 51:Getting 3D models for footprint of: J8
12-14 20:48:34 com_github_MitjaNemec_Archive3DModels.archive_3d_models 63:Trying to copy: ${KIPRJMOD}/packages3D/M20-7920242R.stp
12-14 20:48:34 com_github_MitjaNemec_Archive3DModels.archive_3d_models 150:Remapping: ${KIPRJMOD}/packages3D/M20-7920242R.stp
12-14 20:48:34 com_github_MitjaNemec_Archive3DModels.archive_3d_models 51:Getting 3D models for footprint of: D46
12-14 20:48:34 com_github_MitjaNemec_Archive3DModels.archive_3d_models 63:Trying to copy: ${KIPRJMOD}/packages3D/R_0603_1608Metric.step
12-14 20:48:34 com_github_MitjaNemec_Archive3DModels.archive_3d_models 150:Remapping: ${KIPRJMOD}/packages3D/R_0603_1608Metric.step
12-14 20:48:34 com_github_MitjaNemec_Archive3DModels.archive_3d_models 51:Getting 3D models for footprint of: C15
12-14 20:48:34 com_github_MitjaNemec_Archive3DModels.archive_3d_models 63:Trying to copy: ${KIPRJMOD}/packages3D/C_0603_1608Metric.step
12-14 20:48:34 com_github_MitjaNemec_Archive3DModels.archive_3d_models 150:Remapping: ${KIPRJMOD}/packages3D/C_0603_1608Metric.step
12-14 20:48:34 com_github_MitjaNemec_Archive3DModels.archive_3d_models 51:Getting 3D models for footprint of: R54
12-14 20:48:34 com_github_MitjaNemec_Archive3DModels.archive_3d_models 63:Trying to copy: ${KIPRJMOD}/packages3D/R_2512_6332Metric.step
12-14 20:48:34 com_github_MitjaNemec_Archive3DModels.archive_3d_models 150:Remapping: ${KIPRJMOD}/packages3D/R_2512_6332Metric.step
12-14 20:48:34 com_github_MitjaNemec_Archive3DModels.archive_3d_models 51:Getting 3D models for footprint of: J13
12-14 20:48:34 com_github_MitjaNemec_Archive3DModels.archive_3d_models 63:Trying to copy: ${KIPRJMOD}/packages3D/M20-7920242R.stp
12-14 20:48:34 com_github_MitjaNemec_Archive3DModels.archive_3d_models 150:Remapping: ${KIPRJMOD}/packages3D/M20-7920242R.stp
12-14 20:48:34 com_github_MitjaNemec_Archive3DModels.archive_3d_models 51:Getting 3D models for footprint of: D42
12-14 20:48:34 com_github_MitjaNemec_Archive3DModels.archive_3d_models 63:Trying to copy: ${KIPRJMOD}/packages3D/R_0603_1608Metric.step
12-14 20:48:34 com_github_MitjaNemec_Archive3DModels.archive_3d_models 150:Remapping: ${KIPRJMOD}/packages3D/R_0603_1608Metric.step
12-14 20:48:34 com_github_MitjaNemec_Archive3DModels.archive_3d_models 51:Getting 3D models for footprint of: VR1
12-14 20:48:34 com_github_MitjaNemec_Archive3DModels.archive_3d_models 63:Trying to copy: ${KIPRJMOD}/packages3D/XL6009.stp
12-14 20:48:34 com_github_MitjaNemec_Archive3DModels.archive_3d_models 150:Remapping: ${KIPRJMOD}/packages3D/XL6009.stp
12-14 20:48:34 com_github_MitjaNemec_Archive3DModels.archive_3d_models 63:Trying to copy: ${KIPRJMOD}/packages3D/1x_Male_Pin_2.54_mm.STEP
12-14 20:48:34 com_github_MitjaNemec_Archive3DModels.archive_3d_models 150:Remapping: ${KIPRJMOD}/packages3D/1x_Male_Pin_2.54_mm.STEP
12-14 20:48:34 com_github_MitjaNemec_Archive3DModels.archive_3d_models 63:Trying to copy: ${KIPRJMOD}/packages3D/1x_Male_Pin_2.54_mm.STEP
12-14 20:48:34 com_github_MitjaNemec_Archive3DModels.archive_3d_models 150:Remapping: ${KIPRJMOD}/packages3D/1x_Male_Pin_2.54_mm.STEP
12-14 20:48:34 com_github_MitjaNemec_Archive3DModels.archive_3d_models 63:Trying to copy: ${KIPRJMOD}/packages3D/1x_Male_Pin_2.54_mm.STEP
12-14 20:48:34 com_github_MitjaNemec_Archive3DModels.archive_3d_models 150:Remapping: ${KIPRJMOD}/packages3D/1x_Male_Pin_2.54_mm.STEP
12-14 20:48:34 com_github_MitjaNemec_Archive3DModels.archive_3d_models 63:Trying to copy: ${KIPRJMOD}/packages3D/1x_Male_Pin_2.54_mm.STEP
12-14 20:48:34 com_github_MitjaNemec_Archive3DModels.archive_3d_models 150:Remapping: ${KIPRJMOD}/packages3D/1x_Male_Pin_2.54_mm.STEP
12-14 20:48:34 com_github_MitjaNemec_Archive3DModels.archive_3d_models 51:Getting 3D models for footprint of: R52
12-14 20:48:34 com_github_MitjaNemec_Archive3DModels.archive_3d_models 63:Trying to copy: ${KIPRJMOD}/packages3D/R_2512_6332Metric.step
12-14 20:48:34 com_github_MitjaNemec_Archive3DModels.archive_3d_models 150:Remapping: ${KIPRJMOD}/packages3D/R_2512_6332Metric.step
12-14 20:48:34 com_github_MitjaNemec_Archive3DModels.archive_3d_models 51:Getting 3D models for footprint of: C16
12-14 20:48:34 com_github_MitjaNemec_Archive3DModels.archive_3d_models 63:Trying to copy: ${KIPRJMOD}/packages3D/C_0603_1608Metric.step
12-14 20:48:34 com_github_MitjaNemec_Archive3DModels.archive_3d_models 150:Remapping: ${KIPRJMOD}/packages3D/C_0603_1608Metric.step
12-14 20:48:34 com_github_MitjaNemec_Archive3DModels.archive_3d_models 51:Getting 3D models for footprint of: D34
12-14 20:48:34 com_github_MitjaNemec_Archive3DModels.archive_3d_models 63:Trying to copy: ${KIPRJMOD}/packages3D/R_0603_1608Metric.step
12-14 20:48:34 com_github_MitjaNemec_Archive3DModels.archive_3d_models 150:Remapping: ${KIPRJMOD}/packages3D/R_0603_1608Metric.step
12-14 20:48:34 com_github_MitjaNemec_Archive3DModels.archive_3d_models 51:Getting 3D models for footprint of: D38
12-14 20:48:34 com_github_MitjaNemec_Archive3DModels.archive_3d_models 63:Trying to copy: ${KIPRJMOD}/packages3D/R_0603_1608Metric.step
12-14 20:48:34 com_github_MitjaNemec_Archive3DModels.archive_3d_models 150:Remapping: ${KIPRJMOD}/packages3D/R_0603_1608Metric.step
12-14 20:48:34 com_github_MitjaNemec_Archive3DModels.archive_3d_models 51:Getting 3D models for footprint of: D35
12-14 20:48:34 com_github_MitjaNemec_Archive3DModels.archive_3d_models 63:Trying to copy: ${KIPRJMOD}/packages3D/R_0603_1608Metric.step
12-14 20:48:34 com_github_MitjaNemec_Archive3DModels.archive_3d_models 150:Remapping: ${KIPRJMOD}/packages3D/R_0603_1608Metric.step
12-14 20:48:34 com_github_MitjaNemec_Archive3DModels.archive_3d_models 51:Getting 3D models for footprint of: J11
12-14 20:48:34 com_github_MitjaNemec_Archive3DModels.archive_3d_models 63:Trying to copy: ${KIPRJMOD}/packages3D/M20-7920242R.stp
12-14 20:48:34 com_github_MitjaNemec_Archive3DModels.archive_3d_models 150:Remapping: ${KIPRJMOD}/packages3D/M20-7920242R.stp
12-14 20:48:34 com_github_MitjaNemec_Archive3DModels.archive_3d_models 51:Getting 3D models for footprint of: D39
12-14 20:48:34 com_github_MitjaNemec_Archive3DModels.archive_3d_models 63:Trying to copy: ${KIPRJMOD}/packages3D/R_0603_1608Metric.step
12-14 20:48:34 com_github_MitjaNemec_Archive3DModels.archive_3d_models 150:Remapping: ${KIPRJMOD}/packages3D/R_0603_1608Metric.step
12-14 20:48:34 com_github_MitjaNemec_Archive3DModels.archive_3d_models 51:Getting 3D models for footprint of: C33
12-14 20:48:34 com_github_MitjaNemec_Archive3DModels.archive_3d_models 63:Trying to copy: ${KIPRJMOD}/packages3D/C_1210_3225Metric.step
12-14 20:48:34 com_github_MitjaNemec_Archive3DModels.archive_3d_models 150:Remapping: ${KIPRJMOD}/packages3D/C_1210_3225Metric.step
12-14 20:48:34 com_github_MitjaNemec_Archive3DModels.archive_3d_models 51:Getting 3D models for footprint of: D36
12-14 20:48:34 com_github_MitjaNemec_Archive3DModels.archive_3d_models 63:Trying to copy: ${KIPRJMOD}/packages3D/R_0603_1608Metric.step
12-14 20:48:34 com_github_MitjaNemec_Archive3DModels.archive_3d_models 150:Remapping: ${KIPRJMOD}/packages3D/R_0603_1608Metric.step
12-14 20:48:34 com_github_MitjaNemec_Archive3DModels.archive_3d_models 51:Getting 3D models for footprint of: D41
12-14 20:48:34 com_github_MitjaNemec_Archive3DModels.archive_3d_models 63:Trying to copy: ${KIPRJMOD}/packages3D/R_0603_1608Metric.step
12-14 20:48:34 com_github_MitjaNemec_Archive3DModels.archive_3d_models 150:Remapping: ${KIPRJMOD}/packages3D/R_0603_1608Metric.step
12-14 20:48:34 com_github_MitjaNemec_Archive3DModels.archive_3d_models 51:Getting 3D models for footprint of: C17
12-14 20:48:34 com_github_MitjaNemec_Archive3DModels.archive_3d_models 63:Trying to copy: ${KIPRJMOD}/packages3D/C_0603_1608Metric.step
12-14 20:48:34 com_github_MitjaNemec_Archive3DModels.archive_3d_models 150:Remapping: ${KIPRJMOD}/packages3D/C_0603_1608Metric.step
12-14 20:48:34 com_github_MitjaNemec_Archive3DModels.archive_3d_models 51:Getting 3D models for footprint of: D40
12-14 20:48:34 com_github_MitjaNemec_Archive3DModels.archive_3d_models 63:Trying to copy: ${KIPRJMOD}/packages3D/R_0603_1608Metric.step
12-14 20:48:34 com_github_MitjaNemec_Archive3DModels.archive_3d_models 150:Remapping: ${KIPRJMOD}/packages3D/R_0603_1608Metric.step
12-14 20:48:34 com_github_MitjaNemec_Archive3DModels.archive_3d_models 51:Getting 3D models for footprint of: R79
12-14 20:48:34 com_github_MitjaNemec_Archive3DModels.archive_3d_models 63:Trying to copy: ${KIPRJMOD}/packages3D/R_0603_1608Metric.step
12-14 20:48:34 com_github_MitjaNemec_Archive3DModels.archive_3d_models 150:Remapping: ${KIPRJMOD}/packages3D/R_0603_1608Metric.step
12-14 20:48:34 com_github_MitjaNemec_Archive3DModels.archive_3d_models 51:Getting 3D models for footprint of: J17
12-14 20:48:34 com_github_MitjaNemec_Archive3DModels.archive_3d_models 63:Trying to copy: ${KIPRJMOD}/packages3D/M20-7920242R.stp
12-14 20:48:34 com_github_MitjaNemec_Archive3DModels.archive_3d_models 150:Remapping: ${KIPRJMOD}/packages3D/M20-7920242R.stp
12-14 20:48:34 com_github_MitjaNemec_Archive3DModels.archive_3d_models 51:Getting 3D models for footprint of: J10
12-14 20:48:34 com_github_MitjaNemec_Archive3DModels.archive_3d_models 63:Trying to copy: ${KIPRJMOD}/packages3D/M20-7920242R.stp
12-14 20:48:34 com_github_MitjaNemec_Archive3DModels.archive_3d_models 150:Remapping: ${KIPRJMOD}/packages3D/M20-7920242R.stp
12-14 20:48:34 com_github_MitjaNemec_Archive3DModels.archive_3d_models 51:Getting 3D models for footprint of: R77
12-14 20:48:34 com_github_MitjaNemec_Archive3DModels.archive_3d_models 63:Trying to copy: ${KIPRJMOD}/packages3D/R_0603_1608Metric.step
12-14 20:48:34 com_github_MitjaNemec_Archive3DModels.archive_3d_models 150:Remapping: ${KIPRJMOD}/packages3D/R_0603_1608Metric.step
12-14 20:48:34 com_github_MitjaNemec_Archive3DModels.archive_3d_models 51:Getting 3D models for footprint of: J6
12-14 20:48:34 com_github_MitjaNemec_Archive3DModels.archive_3d_models 63:Trying to copy: ${KIPRJMOD}/packages3D/M20-7920242R.stp
12-14 20:48:34 com_github_MitjaNemec_Archive3DModels.archive_3d_models 150:Remapping: ${KIPRJMOD}/packages3D/M20-7920242R.stp
12-14 20:48:34 com_github_MitjaNemec_Archive3DModels.archive_3d_models 51:Getting 3D models for footprint of: VR2
12-14 20:48:34 com_github_MitjaNemec_Archive3DModels.archive_3d_models 63:Trying to copy: ${KIPRJMOD}/packages3D/HV Power Supply.IGS
12-14 20:48:34 com_github_MitjaNemec_Archive3DModels.archive_3d_models 150:Remapping: ${KIPRJMOD}/packages3D/HV Power Supply.IGS
12-14 20:48:34 com_github_MitjaNemec_Archive3DModels.archive_3d_models 63:Trying to copy: ${KIPRJMOD}/packages3D/1985195.stp
12-14 20:48:34 com_github_MitjaNemec_Archive3DModels.archive_3d_models 150:Remapping: ${KIPRJMOD}/packages3D/1985195.stp
12-14 20:48:34 com_github_MitjaNemec_Archive3DModels.archive_3d_models 63:Trying to copy: ${KIPRJMOD}/packages3D/1985195.stp
12-14 20:48:34 com_github_MitjaNemec_Archive3DModels.archive_3d_models 150:Remapping: ${KIPRJMOD}/packages3D/1985195.stp
12-14 20:48:34 com_github_MitjaNemec_Archive3DModels.archive_3d_models 51:Getting 3D models for footprint of: C32
12-14 20:48:34 com_github_MitjaNemec_Archive3DModels.archive_3d_models 63:Trying to copy: ${KIPRJMOD}/packages3D/C_1210_3225Metric.step
12-14 20:48:34 com_github_MitjaNemec_Archive3DModels.archive_3d_models 150:Remapping: ${KIPRJMOD}/packages3D/C_1210_3225Metric.step
12-14 20:48:34 com_github_MitjaNemec_Archive3DModels.archive_3d_models 51:Getting 3D models for footprint of: R78
12-14 20:48:34 com_github_MitjaNemec_Archive3DModels.archive_3d_models 63:Trying to copy: ${KIPRJMOD}/packages3D/R_0603_1608Metric.step
12-14 20:48:34 com_github_MitjaNemec_Archive3DModels.archive_3d_models 150:Remapping: ${KIPRJMOD}/packages3D/R_0603_1608Metric.step
12-14 20:48:34 com_github_MitjaNemec_Archive3DModels.archive_3d_models 51:Getting 3D models for footprint of: REF**
12-14 20:48:34 com_github_MitjaNemec_Archive3DModels.archive_3d_models 51:Getting 3D models for footprint of: J15
12-14 20:48:34 com_github_MitjaNemec_Archive3DModels.archive_3d_models 63:Trying to copy: ${KIPRJMOD}/packages3D/PinSocket_1x09_P2.54mm_Vertical.step
12-14 20:48:34 com_github_MitjaNemec_Archive3DModels.archive_3d_models 150:Remapping: ${KIPRJMOD}/packages3D/PinSocket_1x09_P2.54mm_Vertical.step
12-14 20:48:34 com_github_MitjaNemec_Archive3DModels.archive_3d_models 51:Getting 3D models for footprint of: VR6
12-14 20:48:34 com_github_MitjaNemec_Archive3DModels.archive_3d_models 63:Trying to copy: ${KIPRJMOD}/packages3D/AZ1117CH2-3.3TRG1.stp
12-14 20:48:34 com_github_MitjaNemec_Archive3DModels.archive_3d_models 150:Remapping: ${KIPRJMOD}/packages3D/AZ1117CH2-3.3TRG1.stp
12-14 20:48:34 com_github_MitjaNemec_Archive3DModels.archive_3d_models 51:Getting 3D models for footprint of: J9
12-14 20:48:34 com_github_MitjaNemec_Archive3DModels.archive_3d_models 63:Trying to copy: ${KIPRJMOD}/packages3D/M20-7920242R.stp
12-14 20:48:34 com_github_MitjaNemec_Archive3DModels.archive_3d_models 150:Remapping: ${KIPRJMOD}/packages3D/M20-7920242R.stp
12-14 20:48:34 com_github_MitjaNemec_Archive3DModels.archive_3d_models 51:Getting 3D models for footprint of: R76
12-14 20:48:34 com_github_MitjaNemec_Archive3DModels.archive_3d_models 63:Trying to copy: ${KIPRJMOD}/packages3D/R_0603_1608Metric.step
12-14 20:48:34 com_github_MitjaNemec_Archive3DModels.archive_3d_models 150:Remapping: ${KIPRJMOD}/packages3D/R_0603_1608Metric.step
