12-14 20:49:12 com_github_MitjaNemec_Archive3DModels.action_archive_3d_models 238:Plugin executed on: 'win32'
12-14 20:49:12 com_github_MitjaNemec_Archive3DModels.action_archive_3d_models 239:Plugin executed with python version: '3.11.5 (main, Sep 17 2025, 01:04:48) [MSC v.1944 64 bit (AMD64)]'
12-14 20:49:12 com_github_MitjaNemec_Archive3DModels.action_archive_3d_models 240:KiCad build version: 9.0.6
12-14 20:49:12 com_github_MitjaNemec_Archive3DModels.action_archive_3d_models 241:Plugin version: 1.0.15
12-14 20:49:12 com_github_MitjaNemec_Archive3DModels.action_archive_3d_models 246:Screen sizes: [wx.Size(1920, 1080)]
12-14 20:49:12 com_github_MitjaNemec_Archive3DModels.action_archive_3d_models 253:Dialog size: wx.Size(213, 81)
12-14 20:49:12 com_github_MitjaNemec_Archive3DModels.action_archive_3d_models 255:Char size: 20
12-14 20:49:14 com_github_MitjaNemec_Archive3DModels.archive_3d_models 30:Starting to archive 3D models
12-14 20:49:14 com_github_MitjaNemec_Archive3DModels.archive_3d_models 51:Getting 3D models for footprint of: U7
12-14 20:49:14 com_github_MitjaNemec_Archive3DModels.archive_3d_models 63:Trying to copy: ${KIPRJMOD}/packages3D/TPIC6B595DWR.stp
12-14 20:49:14 com_github_MitjaNemec_Archive3DModels.archive_3d_models 150:Remapping: ${KIPRJMOD}/packages3D/TPIC6B595DWR.stp
12-14 20:49:14 com_github_MitjaNemec_Archive3DModels.archive_3d_models 51:Getting 3D models for footprint of: T7
12-14 20:49:14 com_github_MitjaNemec_Archive3DModels.archive_3d_models 63:Trying to copy: C:/Users/kwhit/Desktop/projects/64-Bit/Electrical/PCB Outputs/64 Bit - Display Board/3D prints/ins-1 standoff/INS-1 standdoff_v1.STEP
12-14 20:49:14 com_github_MitjaNemec_Archive3DModels.archive_3d_models 150:Remapping: C:/Users/kwhit/Desktop/projects/64-Bit/Electrical/PCB Outputs/64 Bit - Display Board/3D prints/ins-1 standoff/INS-1 standdoff_v1.STEP
12-14 20:49:14 com_github_MitjaNemec_Archive3DModels.archive_3d_models 63:Trying to copy: ${KIPRJMOD}/packages3D/INS-1.STEP
12-14 20:49:14 com_github_MitjaNemec_Archive3DModels.archive_3d_models 150:Remapping: ${KIPRJMOD}/packages3D/INS-1.STEP
12-14 20:49:14 com_github_MitjaNemec_Archive3DModels.archive_3d_models 51:Getting 3D models for footprint of: T9
12-14 20:49:14 com_github_MitjaNemec_Archive3DModels.archive_3d_models 63:Trying to copy: ${KIPRJMOD}/packages3D/1mm vfd tube pin.iges
12-14 20:49:14 com_github_MitjaNemec_Archive3DModels.archive_3d_models 146:Did not copy: ${KIPRJMOD}/packages3D/1mm vfd tube pin.iges
12-14 20:49:14 com_github_MitjaNemec_Archive3DModels.archive_3d_models 150:Remapping: ${KIPRJMOD}/packages3D/1mm vfd tube pin.iges
12-14 20:49:14 com_github_MitjaNemec_Archive3DModels.archive_3d_models 63:Trying to copy: ${KIPRJMOD}/packages3D/1mm vfd tube pin.iges
12-14 20:49:14 com_github_MitjaNemec_Archive3DModels.archive_3d_models 146:Did not copy: ${KIPRJMOD}/packages3D/1mm vfd tube pin.iges
12-14 20:49:14 com_github_MitjaNemec_Archive3DModels.archive_3d_models 150:Remapping: ${KIPRJMOD}/packages3D/1mm vfd tube pin.iges
12-14 20:49:14 com_github_MitjaNemec_Archive3DModels.archive_3d_models 63:Trying to copy: ${KIPRJMOD}/packages3D/1mm vfd tube pin.iges
12-14 20:49:14 com_github_MitjaNemec_Archive3DModels.archive_3d_models 146:Did not copy: ${KIPRJMOD}/packages3D/1mm vfd tube pin.iges
12-14 20:49:14 com_github_MitjaNemec_Archive3DModels.archive_3d_models 150:Remapping: ${KIPRJMOD}/packages3D/1mm vfd tube pin.iges
12-14 20:49:14 com_github_MitjaNemec_Archive3DModels.archive_3d_models 63:Trying to copy: ${KIPRJMOD}/packages3D/1mm vfd tube pin.iges
12-14 20:49:14 com_github_MitjaNemec_Archive3DModels.archive_3d_models 146:Did not copy: ${KIPRJMOD}/packages3D/1mm vfd tube pin.iges
12-14 20:49:14 com_github_MitjaNemec_Archive3DModels.archive_3d_models 150:Remapping: ${KIPRJMOD}/packages3D/1mm vfd tube pin.iges
12-14 20:49:14 com_github_MitjaNemec_Archive3DModels.archive_3d_models 63:Trying to copy: ${KIPRJMOD}/packages3D/1mm vfd tube pin.iges
12-14 20:49:14 com_github_MitjaNemec_Archive3DModels.archive_3d_models 146:Did not copy: ${KIPRJMOD}/packages3D/1mm vfd tube pin.iges
12-14 20:49:14 com_github_MitjaNemec_Archive3DModels.archive_3d_models 150:Remapping: ${KIPRJMOD}/packages3D/1mm vfd tube pin.iges
12-14 20:49:14 com_github_MitjaNemec_Archive3DModels.archive_3d_models 63:Trying to copy: ${KIPRJMOD}/packages3D/1mm vfd tube pin.iges
12-14 20:49:14 com_github_MitjaNemec_Archive3DModels.archive_3d_models 146:Did not copy: ${KIPRJMOD}/packages3D/1mm vfd tube pin.iges
12-14 20:49:14 com_github_MitjaNemec_Archive3DModels.archive_3d_models 150:Remapping: ${KIPRJMOD}/packages3D/1mm vfd tube pin.iges
12-14 20:49:14 com_github_MitjaNemec_Archive3DModels.archive_3d_models 63:Trying to copy: ${KIPRJMOD}/packages3D/1mm vfd tube pin.iges
12-14 20:49:14 com_github_MitjaNemec_Archive3DModels.archive_3d_models 146:Did not copy: ${KIPRJMOD}/packages3D/1mm vfd tube pin.iges
12-14 20:49:14 com_github_MitjaNemec_Archive3DModels.archive_3d_models 150:Remapping: ${KIPRJMOD}/packages3D/1mm vfd tube pin.iges
12-14 20:49:14 com_github_MitjaNemec_Archive3DModels.archive_3d_models 63:Trying to copy: ${KIPRJMOD}/packages3D/1mm vfd tube pin.iges
12-14 20:49:14 com_github_MitjaNemec_Archive3DModels.archive_3d_models 146:Did not copy: ${KIPRJMOD}/packages3D/1mm vfd tube pin.iges
12-14 20:49:14 com_github_MitjaNemec_Archive3DModels.archive_3d_models 150:Remapping: ${KIPRJMOD}/packages3D/1mm vfd tube pin.iges
12-14 20:49:14 com_github_MitjaNemec_Archive3DModels.archive_3d_models 63:Trying to copy: ${KIPRJMOD}/packages3D/1mm vfd tube pin.iges
12-14 20:49:14 com_github_MitjaNemec_Archive3DModels.archive_3d_models 146:Did not copy: ${KIPRJMOD}/packages3D/1mm vfd tube pin.iges
12-14 20:49:14 com_github_MitjaNemec_Archive3DModels.archive_3d_models 150:Remapping: ${KIPRJMOD}/packages3D/1mm vfd tube pin.iges
12-14 20:49:14 com_github_MitjaNemec_Archive3DModels.archive_3d_models 63:Trying to copy: ${KIPRJMOD}/packages3D/1mm vfd tube pin.iges
12-14 20:49:14 com_github_MitjaNemec_Archive3DModels.archive_3d_models 146:Did not copy: ${KIPRJMOD}/packages3D/1mm vfd tube pin.iges
12-14 20:49:14 com_github_MitjaNemec_Archive3DModels.archive_3d_models 150:Remapping: ${KIPRJMOD}/packages3D/1mm vfd tube pin.iges
12-14 20:49:14 com_github_MitjaNemec_Archive3DModels.archive_3d_models 63:Trying to copy: ${KIPRJMOD}/packages3D/1mm vfd tube pin.iges
12-14 20:49:14 com_github_MitjaNemec_Archive3DModels.archive_3d_models 146:Did not copy: ${KIPRJMOD}/packages3D/1mm vfd tube pin.iges
12-14 20:49:14 com_github_MitjaNemec_Archive3DModels.archive_3d_models 150:Remapping: ${KIPRJMOD}/packages3D/1mm vfd tube pin.iges
12-14 20:49:14 com_github_MitjaNemec_Archive3DModels.archive_3d_models 63:Trying to copy: ${KIPRJMOD}/packages3D/1mm vfd tube pin.iges
12-14 20:49:14 com_github_MitjaNemec_Archive3DModels.archive_3d_models 146:Did not copy: ${KIPRJMOD}/packages3D/1mm vfd tube pin.iges
12-14 20:49:14 com_github_MitjaNemec_Archive3DModels.archive_3d_models 150:Remapping: ${KIPRJMOD}/packages3D/1mm vfd tube pin.iges
12-14 20:49:14 com_github_MitjaNemec_Archive3DModels.archive_3d_models 63:Trying to copy: ${KIPRJMOD}/packages3D/IN-12A.igs
12-14 20:49:14 com_github_MitjaNemec_Archive3DModels.archive_3d_models 150:Remapping: ${KIPRJMOD}/packages3D/IN-12A.igs
12-14 20:49:14 com_github_MitjaNemec_Archive3DModels.archive_3d_models 51:Getting 3D models for footprint of: T4
12-14 20:49:14 com_github_MitjaNemec_Archive3DModels.archive_3d_models 63:Trying to copy: C:/Users/kwhit/Desktop/projects/64-Bit/Electrical/PCB Outputs/64 Bit - Display Board/3D prints/ins-1 standoff/INS-1 standdoff_v1.STEP
12-14 20:49:14 com_github_MitjaNemec_Archive3DModels.archive_3d_models 150:Remapping: C:/Users/kwhit/Desktop/projects/64-Bit/Electrical/PCB Outputs/64 Bit - Display Board/3D prints/ins-1 standoff/INS-1 standdoff_v1.STEP
12-14 20:49:14 com_github_MitjaNemec_Archive3DModels.archive_3d_models 63:Trying to copy: ${KIPRJMOD}/packages3D/INS-1.STEP
12-14 20:49:14 com_github_MitjaNemec_Archive3DModels.archive_3d_models 150:Remapping: ${KIPRJMOD}/packages3D/INS-1.STEP
12-14 20:49:14 com_github_MitjaNemec_Archive3DModels.archive_3d_models 51:Getting 3D models for footprint of: H4
12-14 20:49:14 com_github_MitjaNemec_Archive3DModels.archive_3d_models 63:Trying to copy: C:/Users/kwhit/Downloads/Standoff mf - M3 x 25 across flats 5.5mm.step
12-14 20:49:14 com_github_MitjaNemec_Archive3DModels.archive_3d_models 150:Remapping: C:/Users/kwhit/Downloads/Standoff mf - M3 x 25 across flats 5.5mm.step
12-14 20:49:14 com_github_MitjaNemec_Archive3DModels.archive_3d_models 51:Getting 3D models for footprint of: T10
12-14 20:49:14 com_github_MitjaNemec_Archive3DModels.archive_3d_models 63:Trying to copy: ${KIPRJMOD}/packages3D/1mm vfd tube pin.iges
12-14 20:49:14 com_github_MitjaNemec_Archive3DModels.archive_3d_models 146:Did not copy: ${KIPRJMOD}/packages3D/1mm vfd tube pin.iges
12-14 20:49:14 com_github_MitjaNemec_Archive3DModels.archive_3d_models 150:Remapping: ${KIPRJMOD}/packages3D/1mm vfd tube pin.iges
12-14 20:49:14 com_github_MitjaNemec_Archive3DModels.archive_3d_models 63:Trying to copy: ${KIPRJMOD}/packages3D/1mm vfd tube pin.iges
12-14 20:49:14 com_github_MitjaNemec_Archive3DModels.archive_3d_models 146:Did not copy: ${KIPRJMOD}/packages3D/1mm vfd tube pin.iges
12-14 20:49:14 com_github_MitjaNemec_Archive3DModels.archive_3d_models 150:Remapping: ${KIPRJMOD}/packages3D/1mm vfd tube pin.iges
12-14 20:49:14 com_github_MitjaNemec_Archive3DModels.archive_3d_models 63:Trying to copy: ${KIPRJMOD}/packages3D/1mm vfd tube pin.iges
12-14 20:49:14 com_github_MitjaNemec_Archive3DModels.archive_3d_models 146:Did not copy: ${KIPRJMOD}/packages3D/1mm vfd tube pin.iges
12-14 20:49:14 com_github_MitjaNemec_Archive3DModels.archive_3d_models 150:Remapping: ${KIPRJMOD}/packages3D/1mm vfd tube pin.iges
12-14 20:49:14 com_github_MitjaNemec_Archive3DModels.archive_3d_models 63:Trying to copy: ${KIPRJMOD}/packages3D/1mm vfd tube pin.iges
12-14 20:49:14 com_github_MitjaNemec_Archive3DModels.archive_3d_models 146:Did not copy: ${KIPRJMOD}/packages3D/1mm vfd tube pin.iges
12-14 20:49:14 com_github_MitjaNemec_Archive3DModels.archive_3d_models 150:Remapping: ${KIPRJMOD}/packages3D/1mm vfd tube pin.iges
12-14 20:49:14 com_github_MitjaNemec_Archive3DModels.archive_3d_models 63:Trying to copy: ${KIPRJMOD}/packages3D/1mm vfd tube pin.iges
12-14 20:49:14 com_github_MitjaNemec_Archive3DModels.archive_3d_models 146:Did not copy: ${KIPRJMOD}/packages3D/1mm vfd tube pin.iges
12-14 20:49:14 com_github_MitjaNemec_Archive3DModels.archive_3d_models 150:Remapping: ${KIPRJMOD}/packages3D/1mm vfd tube pin.iges
12-14 20:49:14 com_github_MitjaNemec_Archive3DModels.archive_3d_models 63:Trying to copy: ${KIPRJMOD}/packages3D/1mm vfd tube pin.iges
12-14 20:49:14 com_github_MitjaNemec_Archive3DModels.archive_3d_models 146:Did not copy: ${KIPRJMOD}/packages3D/1mm vfd tube pin.iges
12-14 20:49:14 com_github_MitjaNemec_Archive3DModels.archive_3d_models 150:Remapping: ${KIPRJMOD}/packages3D/1mm vfd tube pin.iges
12-14 20:49:14 com_github_MitjaNemec_Archive3DModels.archive_3d_models 63:Trying to copy: ${KIPRJMOD}/packages3D/1mm vfd tube pin.iges
12-14 20:49:14 com_github_MitjaNemec_Archive3DModels.archive_3d_models 146:Did not copy: ${KIPRJMOD}/packages3D/1mm vfd tube pin.iges
12-14 20:49:14 com_github_MitjaNemec_Archive3DModels.archive_3d_models 150:Remapping: ${KIPRJMOD}/packages3D/1mm vfd tube pin.iges
12-14 20:49:14 com_github_MitjaNemec_Archive3DModels.archive_3d_models 63:Trying to copy: ${KIPRJMOD}/packages3D/1mm vfd tube pin.iges
12-14 20:49:14 com_github_MitjaNemec_Archive3DModels.archive_3d_models 146:Did not copy: ${KIPRJMOD}/packages3D/1mm vfd tube pin.iges
12-14 20:49:14 com_github_MitjaNemec_Archive3DModels.archive_3d_models 150:Remapping: ${KIPRJMOD}/packages3D/1mm vfd tube pin.iges
12-14 20:49:14 com_github_MitjaNemec_Archive3DModels.archive_3d_models 63:Trying to copy: ${KIPRJMOD}/packages3D/1mm vfd tube pin.iges
12-14 20:49:14 com_github_MitjaNemec_Archive3DModels.archive_3d_models 146:Did not copy: ${KIPRJMOD}/packages3D/1mm vfd tube pin.iges
12-14 20:49:14 com_github_MitjaNemec_Archive3DModels.archive_3d_models 150:Remapping: ${KIPRJMOD}/packages3D/1mm vfd tube pin.iges
12-14 20:49:14 com_github_MitjaNemec_Archive3DModels.archive_3d_models 63:Trying to copy: ${KIPRJMOD}/packages3D/1mm vfd tube pin.iges
12-14 20:49:14 com_github_MitjaNemec_Archive3DModels.archive_3d_models 146:Did not copy: ${KIPRJMOD}/packages3D/1mm vfd tube pin.iges
12-14 20:49:14 com_github_MitjaNemec_Archive3DModels.archive_3d_models 150:Remapping: ${KIPRJMOD}/packages3D/1mm vfd tube pin.iges
12-14 20:49:14 com_github_MitjaNemec_Archive3DModels.archive_3d_models 63:Trying to copy: ${KIPRJMOD}/packages3D/1mm vfd tube pin.iges
12-14 20:49:14 com_github_MitjaNemec_Archive3DModels.archive_3d_models 146:Did not copy: ${KIPRJMOD}/packages3D/1mm vfd tube pin.iges
12-14 20:49:14 com_github_MitjaNemec_Archive3DModels.archive_3d_models 150:Remapping: ${KIPRJMOD}/packages3D/1mm vfd tube pin.iges
12-14 20:49:14 com_github_MitjaNemec_Archive3DModels.archive_3d_models 63:Trying to copy: ${KIPRJMOD}/packages3D/1mm vfd tube pin.iges
12-14 20:49:14 com_github_MitjaNemec_Archive3DModels.archive_3d_models 146:Did not copy: ${KIPRJMOD}/packages3D/1mm vfd tube pin.iges
12-14 20:49:14 com_github_MitjaNemec_Archive3DModels.archive_3d_models 150:Remapping: ${KIPRJMOD}/packages3D/1mm vfd tube pin.iges
12-14 20:49:14 com_github_MitjaNemec_Archive3DModels.archive_3d_models 63:Trying to copy: ${KIPRJMOD}/packages3D/IN-12A.igs
12-14 20:49:14 com_github_MitjaNemec_Archive3DModels.archive_3d_models 150:Remapping: ${KIPRJMOD}/packages3D/IN-12A.igs
12-14 20:49:14 com_github_MitjaNemec_Archive3DModels.archive_3d_models 63:Trying to copy: ${KIPRJMOD}/packages3D/IN-12 Nixie Tube.STEP
12-14 20:49:14 com_github_MitjaNemec_Archive3DModels.archive_3d_models 150:Remapping: ${KIPRJMOD}/packages3D/IN-12 Nixie Tube.STEP
12-14 20:49:14 com_github_MitjaNemec_Archive3DModels.archive_3d_models 51:Getting 3D models for footprint of: T11
12-14 20:49:14 com_github_MitjaNemec_Archive3DModels.archive_3d_models 63:Trying to copy: C:/Users/kwhit/Desktop/projects/64-Bit/Electrical/PCB Outputs/64 Bit - Display Board/3D prints/ins-1 standoff/INS-1 standdoff_v1.STEP
12-14 20:49:14 com_github_MitjaNemec_Archive3DModels.archive_3d_models 150:Remapping: C:/Users/kwhit/Desktop/projects/64-Bit/Electrical/PCB Outputs/64 Bit - Display Board/3D prints/ins-1 standoff/INS-1 standdoff_v1.STEP
12-14 20:49:14 com_github_MitjaNemec_Archive3DModels.archive_3d_models 63:Trying to copy: ${KIPRJMOD}/packages3D/INS-1.STEP
12-14 20:49:14 com_github_MitjaNemec_Archive3DModels.archive_3d_models 150:Remapping: ${KIPRJMOD}/packages3D/INS-1.STEP
12-14 20:49:14 com_github_MitjaNemec_Archive3DModels.archive_3d_models 51:Getting 3D models for footprint of: REF**
12-14 20:49:14 com_github_MitjaNemec_Archive3DModels.archive_3d_models 51:Getting 3D models for footprint of: H1
12-14 20:49:14 com_github_MitjaNemec_Archive3DModels.archive_3d_models 63:Trying to copy: C:/Users/kwhit/Downloads/Standoff mf - M3 x 25 across flats 5.5mm.step
12-14 20:49:14 com_github_MitjaNemec_Archive3DModels.archive_3d_models 150:Remapping: C:/Users/kwhit/Downloads/Standoff mf - M3 x 25 across flats 5.5mm.step
12-14 20:49:14 com_github_MitjaNemec_Archive3DModels.archive_3d_models 51:Getting 3D models for footprint of: T8
12-14 20:49:14 com_github_MitjaNemec_Archive3DModels.archive_3d_models 63:Trying to copy: C:/Users/kwhit/Desktop/projects/64-Bit/Electrical/PCB Outputs/64 Bit - Display Board/3D prints/ins-1 standoff/INS-1 standdoff_v1.STEP
12-14 20:49:14 com_github_MitjaNemec_Archive3DModels.archive_3d_models 150:Remapping: C:/Users/kwhit/Desktop/projects/64-Bit/Electrical/PCB Outputs/64 Bit - Display Board/3D prints/ins-1 standoff/INS-1 standdoff_v1.STEP
12-14 20:49:14 com_github_MitjaNemec_Archive3DModels.archive_3d_models 63:Trying to copy: ${KIPRJMOD}/packages3D/INS-1.STEP
12-14 20:49:14 com_github_MitjaNemec_Archive3DModels.archive_3d_models 150:Remapping: ${KIPRJMOD}/packages3D/INS-1.STEP
12-14 20:49:14 com_github_MitjaNemec_Archive3DModels.archive_3d_models 51:Getting 3D models for footprint of: T12
12-14 20:49:14 com_github_MitjaNemec_Archive3DModels.archive_3d_models 63:Trying to copy: C:/Users/kwhit/Desktop/projects/64-Bit/Electrical/PCB Outputs/64 Bit - Display Board/3D prints/ins-1 standoff/INS-1 standdoff_v1.STEP
12-14 20:49:14 com_github_MitjaNemec_Archive3DModels.archive_3d_models 150:Remapping: C:/Users/kwhit/Desktop/projects/64-Bit/Electrical/PCB Outputs/64 Bit - Display Board/3D prints/ins-1 standoff/INS-1 standdoff_v1.STEP
12-14 20:49:14 com_github_MitjaNemec_Archive3DModels.archive_3d_models 63:Trying to copy: ${KIPRJMOD}/packages3D/INS-1.STEP
12-14 20:49:14 com_github_MitjaNemec_Archive3DModels.archive_3d_models 150:Remapping: ${KIPRJMOD}/packages3D/INS-1.STEP
12-14 20:49:14 com_github_MitjaNemec_Archive3DModels.archive_3d_models 51:Getting 3D models for footprint of: REF**
12-14 20:49:14 com_github_MitjaNemec_Archive3DModels.archive_3d_models 51:Getting 3D models for footprint of: U6
12-14 20:49:14 com_github_MitjaNemec_Archive3DModels.archive_3d_models 63:Trying to copy: ${KIPRJMOD}/packages3D/TPIC6B595DWR.stp
12-14 20:49:14 com_github_MitjaNemec_Archive3DModels.archive_3d_models 150:Remapping: ${KIPRJMOD}/packages3D/TPIC6B595DWR.stp
12-14 20:49:14 com_github_MitjaNemec_Archive3DModels.archive_3d_models 51:Getting 3D models for footprint of: U2
12-14 20:49:14 com_github_MitjaNemec_Archive3DModels.archive_3d_models 63:Trying to copy: ${KIPRJMOD}/packages3D/TPIC6B595DWR.stp
12-14 20:49:14 com_github_MitjaNemec_Archive3DModels.archive_3d_models 150:Remapping: ${KIPRJMOD}/packages3D/TPIC6B595DWR.stp
12-14 20:49:14 com_github_MitjaNemec_Archive3DModels.archive_3d_models 51:Getting 3D models for footprint of: U5
12-14 20:49:14 com_github_MitjaNemec_Archive3DModels.archive_3d_models 63:Trying to copy: ${KIPRJMOD}/packages3D/TPIC6B595DWR.stp
12-14 20:49:14 com_github_MitjaNemec_Archive3DModels.archive_3d_models 150:Remapping: ${KIPRJMOD}/packages3D/TPIC6B595DWR.stp
12-14 20:49:14 com_github_MitjaNemec_Archive3DModels.archive_3d_models 51:Getting 3D models for footprint of: U1
12-14 20:49:14 com_github_MitjaNemec_Archive3DModels.archive_3d_models 63:Trying to copy: ${KIPRJMOD}/packages3D/TPIC6B595DWR.stp
12-14 20:49:14 com_github_MitjaNemec_Archive3DModels.archive_3d_models 150:Remapping: ${KIPRJMOD}/packages3D/TPIC6B595DWR.stp
12-14 20:49:14 com_github_MitjaNemec_Archive3DModels.archive_3d_models 51:Getting 3D models for footprint of: U4
12-14 20:49:14 com_github_MitjaNemec_Archive3DModels.archive_3d_models 63:Trying to copy: ${KIPRJMOD}/packages3D/TPIC6B595DWR.stp
12-14 20:49:14 com_github_MitjaNemec_Archive3DModels.archive_3d_models 150:Remapping: ${KIPRJMOD}/packages3D/TPIC6B595DWR.stp
12-14 20:49:14 com_github_MitjaNemec_Archive3DModels.archive_3d_models 51:Getting 3D models for footprint of: REF**
12-14 20:49:14 com_github_MitjaNemec_Archive3DModels.archive_3d_models 51:Getting 3D models for footprint of: T5
12-14 20:49:14 com_github_MitjaNemec_Archive3DModels.archive_3d_models 63:Trying to copy: ${KIPRJMOD}/packages3D/1mm vfd tube pin.iges
12-14 20:49:14 com_github_MitjaNemec_Archive3DModels.archive_3d_models 146:Did not copy: ${KIPRJMOD}/packages3D/1mm vfd tube pin.iges
12-14 20:49:14 com_github_MitjaNemec_Archive3DModels.archive_3d_models 150:Remapping: ${KIPRJMOD}/packages3D/1mm vfd tube pin.iges
12-14 20:49:14 com_github_MitjaNemec_Archive3DModels.archive_3d_models 63:Trying to copy: ${KIPRJMOD}/packages3D/1mm vfd tube pin.iges
12-14 20:49:14 com_github_MitjaNemec_Archive3DModels.archive_3d_models 146:Did not copy: ${KIPRJMOD}/packages3D/1mm vfd tube pin.iges
12-14 20:49:14 com_github_MitjaNemec_Archive3DModels.archive_3d_models 150:Remapping: ${KIPRJMOD}/packages3D/1mm vfd tube pin.iges
12-14 20:49:14 com_github_MitjaNemec_Archive3DModels.archive_3d_models 63:Trying to copy: ${KIPRJMOD}/packages3D/1mm vfd tube pin.iges
12-14 20:49:14 com_github_MitjaNemec_Archive3DModels.archive_3d_models 146:Did not copy: ${KIPRJMOD}/packages3D/1mm vfd tube pin.iges
12-14 20:49:14 com_github_MitjaNemec_Archive3DModels.archive_3d_models 150:Remapping: ${KIPRJMOD}/packages3D/1mm vfd tube pin.iges
12-14 20:49:14 com_github_MitjaNemec_Archive3DModels.archive_3d_models 63:Trying to copy: ${KIPRJMOD}/packages3D/1mm vfd tube pin.iges
12-14 20:49:14 com_github_MitjaNemec_Archive3DModels.archive_3d_models 146:Did not copy: ${KIPRJMOD}/packages3D/1mm vfd tube pin.iges
12-14 20:49:14 com_github_MitjaNemec_Archive3DModels.archive_3d_models 150:Remapping: ${KIPRJMOD}/packages3D/1mm vfd tube pin.iges
12-14 20:49:14 com_github_MitjaNemec_Archive3DModels.archive_3d_models 63:Trying to copy: ${KIPRJMOD}/packages3D/1mm vfd tube pin.iges
12-14 20:49:14 com_github_MitjaNemec_Archive3DModels.archive_3d_models 146:Did not copy: ${KIPRJMOD}/packages3D/1mm vfd tube pin.iges
12-14 20:49:14 com_github_MitjaNemec_Archive3DModels.archive_3d_models 150:Remapping: ${KIPRJMOD}/packages3D/1mm vfd tube pin.iges
12-14 20:49:14 com_github_MitjaNemec_Archive3DModels.archive_3d_models 63:Trying to copy: ${KIPRJMOD}/packages3D/1mm vfd tube pin.iges
12-14 20:49:14 com_github_MitjaNemec_Archive3DModels.archive_3d_models 146:Did not copy: ${KIPRJMOD}/packages3D/1mm vfd tube pin.iges
12-14 20:49:14 com_github_MitjaNemec_Archive3DModels.archive_3d_models 150:Remapping: ${KIPRJMOD}/packages3D/1mm vfd tube pin.iges
12-14 20:49:14 com_github_MitjaNemec_Archive3DModels.archive_3d_models 63:Trying to copy: ${KIPRJMOD}/packages3D/1mm vfd tube pin.iges
12-14 20:49:14 com_github_MitjaNemec_Archive3DModels.archive_3d_models 146:Did not copy: ${KIPRJMOD}/packages3D/1mm vfd tube pin.iges
12-14 20:49:14 com_github_MitjaNemec_Archive3DModels.archive_3d_models 150:Remapping: ${KIPRJMOD}/packages3D/1mm vfd tube pin.iges
12-14 20:49:14 com_github_MitjaNemec_Archive3DModels.archive_3d_models 63:Trying to copy: ${KIPRJMOD}/packages3D/1mm vfd tube pin.iges
12-14 20:49:14 com_github_MitjaNemec_Archive3DModels.archive_3d_models 146:Did not copy: ${KIPRJMOD}/packages3D/1mm vfd tube pin.iges
12-14 20:49:14 com_github_MitjaNemec_Archive3DModels.archive_3d_models 150:Remapping: ${KIPRJMOD}/packages3D/1mm vfd tube pin.iges
12-14 20:49:14 com_github_MitjaNemec_Archive3DModels.archive_3d_models 63:Trying to copy: ${KIPRJMOD}/packages3D/1mm vfd tube pin.iges
12-14 20:49:14 com_github_MitjaNemec_Archive3DModels.archive_3d_models 146:Did not copy: ${KIPRJMOD}/packages3D/1mm vfd tube pin.iges
12-14 20:49:14 com_github_MitjaNemec_Archive3DModels.archive_3d_models 150:Remapping: ${KIPRJMOD}/packages3D/1mm vfd tube pin.iges
12-14 20:49:14 com_github_MitjaNemec_Archive3DModels.archive_3d_models 63:Trying to copy: ${KIPRJMOD}/packages3D/1mm vfd tube pin.iges
12-14 20:49:14 com_github_MitjaNemec_Archive3DModels.archive_3d_models 146:Did not copy: ${KIPRJMOD}/packages3D/1mm vfd tube pin.iges
12-14 20:49:14 com_github_MitjaNemec_Archive3DModels.archive_3d_models 150:Remapping: ${KIPRJMOD}/packages3D/1mm vfd tube pin.iges
12-14 20:49:14 com_github_MitjaNemec_Archive3DModels.archive_3d_models 63:Trying to copy: ${KIPRJMOD}/packages3D/1mm vfd tube pin.iges
12-14 20:49:14 com_github_MitjaNemec_Archive3DModels.archive_3d_models 146:Did not copy: ${KIPRJMOD}/packages3D/1mm vfd tube pin.iges
12-14 20:49:14 com_github_MitjaNemec_Archive3DModels.archive_3d_models 150:Remapping: ${KIPRJMOD}/packages3D/1mm vfd tube pin.iges
12-14 20:49:14 com_github_MitjaNemec_Archive3DModels.archive_3d_models 63:Trying to copy: ${KIPRJMOD}/packages3D/1mm vfd tube pin.iges
12-14 20:49:14 com_github_MitjaNemec_Archive3DModels.archive_3d_models 146:Did not copy: ${KIPRJMOD}/packages3D/1mm vfd tube pin.iges
12-14 20:49:14 com_github_MitjaNemec_Archive3DModels.archive_3d_models 150:Remapping: ${KIPRJMOD}/packages3D/1mm vfd tube pin.iges
12-14 20:49:14 com_github_MitjaNemec_Archive3DModels.archive_3d_models 63:Trying to copy: ${KIPRJMOD}/packages3D/IN-12A.igs
12-14 20:49:14 com_github_MitjaNemec_Archive3DModels.archive_3d_models 150:Remapping: ${KIPRJMOD}/packages3D/IN-12A.igs
12-14 20:49:14 com_github_MitjaNemec_Archive3DModels.archive_3d_models 51:Getting 3D models for footprint of: T1
12-14 20:49:14 com_github_MitjaNemec_Archive3DModels.archive_3d_models 63:Trying to copy: ${KIPRJMOD}/packages3D/1mm vfd tube pin.iges
12-14 20:49:14 com_github_MitjaNemec_Archive3DModels.archive_3d_models 146:Did not copy: ${KIPRJMOD}/packages3D/1mm vfd tube pin.iges
12-14 20:49:14 com_github_MitjaNemec_Archive3DModels.archive_3d_models 150:Remapping: ${KIPRJMOD}/packages3D/1mm vfd tube pin.iges
12-14 20:49:14 com_github_MitjaNemec_Archive3DModels.archive_3d_models 63:Trying to copy: ${KIPRJMOD}/packages3D/1mm vfd tube pin.iges
12-14 20:49:14 com_github_MitjaNemec_Archive3DModels.archive_3d_models 146:Did not copy: ${KIPRJMOD}/packages3D/1mm vfd tube pin.iges
12-14 20:49:14 com_github_MitjaNemec_Archive3DModels.archive_3d_models 150:Remapping: ${KIPRJMOD}/packages3D/1mm vfd tube pin.iges
12-14 20:49:14 com_github_MitjaNemec_Archive3DModels.archive_3d_models 63:Trying to copy: ${KIPRJMOD}/packages3D/1mm vfd tube pin.iges
12-14 20:49:14 com_github_MitjaNemec_Archive3DModels.archive_3d_models 146:Did not copy: ${KIPRJMOD}/packages3D/1mm vfd tube pin.iges
12-14 20:49:14 com_github_MitjaNemec_Archive3DModels.archive_3d_models 150:Remapping: ${KIPRJMOD}/packages3D/1mm vfd tube pin.iges
12-14 20:49:14 com_github_MitjaNemec_Archive3DModels.archive_3d_models 63:Trying to copy: ${KIPRJMOD}/packages3D/1mm vfd tube pin.iges
12-14 20:49:14 com_github_MitjaNemec_Archive3DModels.archive_3d_models 146:Did not copy: ${KIPRJMOD}/packages3D/1mm vfd tube pin.iges
12-14 20:49:14 com_github_MitjaNemec_Archive3DModels.archive_3d_models 150:Remapping: ${KIPRJMOD}/packages3D/1mm vfd tube pin.iges
12-14 20:49:14 com_github_MitjaNemec_Archive3DModels.archive_3d_models 63:Trying to copy: ${KIPRJMOD}/packages3D/1mm vfd tube pin.iges
12-14 20:49:14 com_github_MitjaNemec_Archive3DModels.archive_3d_models 146:Did not copy: ${KIPRJMOD}/packages3D/1mm vfd tube pin.iges
12-14 20:49:14 com_github_MitjaNemec_Archive3DModels.archive_3d_models 150:Remapping: ${KIPRJMOD}/packages3D/1mm vfd tube pin.iges
12-14 20:49:14 com_github_MitjaNemec_Archive3DModels.archive_3d_models 63:Trying to copy: ${KIPRJMOD}/packages3D/1mm vfd tube pin.iges
12-14 20:49:14 com_github_MitjaNemec_Archive3DModels.archive_3d_models 146:Did not copy: ${KIPRJMOD}/packages3D/1mm vfd tube pin.iges
12-14 20:49:14 com_github_MitjaNemec_Archive3DModels.archive_3d_models 150:Remapping: ${KIPRJMOD}/packages3D/1mm vfd tube pin.iges
12-14 20:49:14 com_github_MitjaNemec_Archive3DModels.archive_3d_models 63:Trying to copy: ${KIPRJMOD}/packages3D/1mm vfd tube pin.iges
12-14 20:49:14 com_github_MitjaNemec_Archive3DModels.archive_3d_models 146:Did not copy: ${KIPRJMOD}/packages3D/1mm vfd tube pin.iges
12-14 20:49:14 com_github_MitjaNemec_Archive3DModels.archive_3d_models 150:Remapping: ${KIPRJMOD}/packages3D/1mm vfd tube pin.iges
12-14 20:49:14 com_github_MitjaNemec_Archive3DModels.archive_3d_models 63:Trying to copy: ${KIPRJMOD}/packages3D/1mm vfd tube pin.iges
12-14 20:49:14 com_github_MitjaNemec_Archive3DModels.archive_3d_models 146:Did not copy: ${KIPRJMOD}/packages3D/1mm vfd tube pin.iges
12-14 20:49:14 com_github_MitjaNemec_Archive3DModels.archive_3d_models 150:Remapping: ${KIPRJMOD}/packages3D/1mm vfd tube pin.iges
12-14 20:49:14 com_github_MitjaNemec_Archive3DModels.archive_3d_models 63:Trying to copy: ${KIPRJMOD}/packages3D/1mm vfd tube pin.iges
12-14 20:49:14 com_github_MitjaNemec_Archive3DModels.archive_3d_models 146:Did not copy: ${KIPRJMOD}/packages3D/1mm vfd tube pin.iges
12-14 20:49:14 com_github_MitjaNemec_Archive3DModels.archive_3d_models 150:Remapping: ${KIPRJMOD}/packages3D/1mm vfd tube pin.iges
12-14 20:49:14 com_github_MitjaNemec_Archive3DModels.archive_3d_models 63:Trying to copy: ${KIPRJMOD}/packages3D/1mm vfd tube pin.iges
12-14 20:49:14 com_github_MitjaNemec_Archive3DModels.archive_3d_models 146:Did not copy: ${KIPRJMOD}/packages3D/1mm vfd tube pin.iges
12-14 20:49:14 com_github_MitjaNemec_Archive3DModels.archive_3d_models 150:Remapping: ${KIPRJMOD}/packages3D/1mm vfd tube pin.iges
12-14 20:49:14 com_github_MitjaNemec_Archive3DModels.archive_3d_models 63:Trying to copy: ${KIPRJMOD}/packages3D/1mm vfd tube pin.iges
12-14 20:49:14 com_github_MitjaNemec_Archive3DModels.archive_3d_models 146:Did not copy: ${KIPRJMOD}/packages3D/1mm vfd tube pin.iges
12-14 20:49:14 com_github_MitjaNemec_Archive3DModels.archive_3d_models 150:Remapping: ${KIPRJMOD}/packages3D/1mm vfd tube pin.iges
12-14 20:49:14 com_github_MitjaNemec_Archive3DModels.archive_3d_models 63:Trying to copy: ${KIPRJMOD}/packages3D/1mm vfd tube pin.iges
12-14 20:49:14 com_github_MitjaNemec_Archive3DModels.archive_3d_models 146:Did not copy: ${KIPRJMOD}/packages3D/1mm vfd tube pin.iges
12-14 20:49:14 com_github_MitjaNemec_Archive3DModels.archive_3d_models 150:Remapping: ${KIPRJMOD}/packages3D/1mm vfd tube pin.iges
12-14 20:49:14 com_github_MitjaNemec_Archive3DModels.archive_3d_models 63:Trying to copy: ${KIPRJMOD}/packages3D/IN-12A.igs
12-14 20:49:14 com_github_MitjaNemec_Archive3DModels.archive_3d_models 150:Remapping: ${KIPRJMOD}/packages3D/IN-12A.igs
12-14 20:49:14 com_github_MitjaNemec_Archive3DModels.archive_3d_models 51:Getting 3D models for footprint of: T3
12-14 20:49:14 com_github_MitjaNemec_Archive3DModels.archive_3d_models 63:Trying to copy: C:/Users/kwhit/Desktop/projects/64-Bit/Electrical/PCB Outputs/64 Bit - Display Board/3D prints/ins-1 standoff/INS-1 standdoff_v1.STEP
12-14 20:49:14 com_github_MitjaNemec_Archive3DModels.archive_3d_models 150:Remapping: C:/Users/kwhit/Desktop/projects/64-Bit/Electrical/PCB Outputs/64 Bit - Display Board/3D prints/ins-1 standoff/INS-1 standdoff_v1.STEP
12-14 20:49:14 com_github_MitjaNemec_Archive3DModels.archive_3d_models 63:Trying to copy: ${KIPRJMOD}/packages3D/INS-1.STEP
12-14 20:49:14 com_github_MitjaNemec_Archive3DModels.archive_3d_models 150:Remapping: ${KIPRJMOD}/packages3D/INS-1.STEP
12-14 20:49:14 com_github_MitjaNemec_Archive3DModels.archive_3d_models 51:Getting 3D models for footprint of: H2
12-14 20:49:14 com_github_MitjaNemec_Archive3DModels.archive_3d_models 63:Trying to copy: C:/Users/kwhit/Downloads/Standoff mf - M3 x 25 across flats 5.5mm.step
12-14 20:49:14 com_github_MitjaNemec_Archive3DModels.archive_3d_models 150:Remapping: C:/Users/kwhit/Downloads/Standoff mf - M3 x 25 across flats 5.5mm.step
12-14 20:49:14 com_github_MitjaNemec_Archive3DModels.archive_3d_models 51:Getting 3D models for footprint of: REF**
12-14 20:49:14 com_github_MitjaNemec_Archive3DModels.archive_3d_models 51:Getting 3D models for footprint of: T6
12-14 20:49:14 com_github_MitjaNemec_Archive3DModels.archive_3d_models 63:Trying to copy: ${KIPRJMOD}/packages3D/1mm vfd tube pin.iges
12-14 20:49:14 com_github_MitjaNemec_Archive3DModels.archive_3d_models 146:Did not copy: ${KIPRJMOD}/packages3D/1mm vfd tube pin.iges
12-14 20:49:14 com_github_MitjaNemec_Archive3DModels.archive_3d_models 150:Remapping: ${KIPRJMOD}/packages3D/1mm vfd tube pin.iges
12-14 20:49:14 com_github_MitjaNemec_Archive3DModels.archive_3d_models 63:Trying to copy: ${KIPRJMOD}/packages3D/1mm vfd tube pin.iges
12-14 20:49:14 com_github_MitjaNemec_Archive3DModels.archive_3d_models 146:Did not copy: ${KIPRJMOD}/packages3D/1mm vfd tube pin.iges
12-14 20:49:14 com_github_MitjaNemec_Archive3DModels.archive_3d_models 150:Remapping: ${KIPRJMOD}/packages3D/1mm vfd tube pin.iges
12-14 20:49:14 com_github_MitjaNemec_Archive3DModels.archive_3d_models 63:Trying to copy: ${KIPRJMOD}/packages3D/1mm vfd tube pin.iges
12-14 20:49:14 com_github_MitjaNemec_Archive3DModels.archive_3d_models 146:Did not copy: ${KIPRJMOD}/packages3D/1mm vfd tube pin.iges
12-14 20:49:14 com_github_MitjaNemec_Archive3DModels.archive_3d_models 150:Remapping: ${KIPRJMOD}/packages3D/1mm vfd tube pin.iges
12-14 20:49:14 com_github_MitjaNemec_Archive3DModels.archive_3d_models 63:Trying to copy: ${KIPRJMOD}/packages3D/1mm vfd tube pin.iges
12-14 20:49:14 com_github_MitjaNemec_Archive3DModels.archive_3d_models 146:Did not copy: ${KIPRJMOD}/packages3D/1mm vfd tube pin.iges
12-14 20:49:14 com_github_MitjaNemec_Archive3DModels.archive_3d_models 150:Remapping: ${KIPRJMOD}/packages3D/1mm vfd tube pin.iges
12-14 20:49:14 com_github_MitjaNemec_Archive3DModels.archive_3d_models 63:Trying to copy: ${KIPRJMOD}/packages3D/1mm vfd tube pin.iges
12-14 20:49:14 com_github_MitjaNemec_Archive3DModels.archive_3d_models 146:Did not copy: ${KIPRJMOD}/packages3D/1mm vfd tube pin.iges
12-14 20:49:14 com_github_MitjaNemec_Archive3DModels.archive_3d_models 150:Remapping: ${KIPRJMOD}/packages3D/1mm vfd tube pin.iges
12-14 20:49:14 com_github_MitjaNemec_Archive3DModels.archive_3d_models 63:Trying to copy: ${KIPRJMOD}/packages3D/1mm vfd tube pin.iges
12-14 20:49:14 com_github_MitjaNemec_Archive3DModels.archive_3d_models 146:Did not copy: ${KIPRJMOD}/packages3D/1mm vfd tube pin.iges
12-14 20:49:14 com_github_MitjaNemec_Archive3DModels.archive_3d_models 150:Remapping: ${KIPRJMOD}/packages3D/1mm vfd tube pin.iges
12-14 20:49:14 com_github_MitjaNemec_Archive3DModels.archive_3d_models 63:Trying to copy: ${KIPRJMOD}/packages3D/1mm vfd tube pin.iges
12-14 20:49:14 com_github_MitjaNemec_Archive3DModels.archive_3d_models 146:Did not copy: ${KIPRJMOD}/packages3D/1mm vfd tube pin.iges
12-14 20:49:14 com_github_MitjaNemec_Archive3DModels.archive_3d_models 150:Remapping: ${KIPRJMOD}/packages3D/1mm vfd tube pin.iges
12-14 20:49:14 com_github_MitjaNemec_Archive3DModels.archive_3d_models 63:Trying to copy: ${KIPRJMOD}/packages3D/1mm vfd tube pin.iges
12-14 20:49:14 com_github_MitjaNemec_Archive3DModels.archive_3d_models 146:Did not copy: ${KIPRJMOD}/packages3D/1mm vfd tube pin.iges
12-14 20:49:14 com_github_MitjaNemec_Archive3DModels.archive_3d_models 150:Remapping: ${KIPRJMOD}/packages3D/1mm vfd tube pin.iges
12-14 20:49:14 com_github_MitjaNemec_Archive3DModels.archive_3d_models 63:Trying to copy: ${KIPRJMOD}/packages3D/1mm vfd tube pin.iges
12-14 20:49:14 com_github_MitjaNemec_Archive3DModels.archive_3d_models 146:Did not copy: ${KIPRJMOD}/packages3D/1mm vfd tube pin.iges
12-14 20:49:14 com_github_MitjaNemec_Archive3DModels.archive_3d_models 150:Remapping: ${KIPRJMOD}/packages3D/1mm vfd tube pin.iges
12-14 20:49:14 com_github_MitjaNemec_Archive3DModels.archive_3d_models 63:Trying to copy: ${KIPRJMOD}/packages3D/1mm vfd tube pin.iges
12-14 20:49:14 com_github_MitjaNemec_Archive3DModels.archive_3d_models 146:Did not copy: ${KIPRJMOD}/packages3D/1mm vfd tube pin.iges
12-14 20:49:14 com_github_MitjaNemec_Archive3DModels.archive_3d_models 150:Remapping: ${KIPRJMOD}/packages3D/1mm vfd tube pin.iges
12-14 20:49:14 com_github_MitjaNemec_Archive3DModels.archive_3d_models 63:Trying to copy: ${KIPRJMOD}/packages3D/1mm vfd tube pin.iges
12-14 20:49:14 com_github_MitjaNemec_Archive3DModels.archive_3d_models 146:Did not copy: ${KIPRJMOD}/packages3D/1mm vfd tube pin.iges
12-14 20:49:14 com_github_MitjaNemec_Archive3DModels.archive_3d_models 150:Remapping: ${KIPRJMOD}/packages3D/1mm vfd tube pin.iges
12-14 20:49:14 com_github_MitjaNemec_Archive3DModels.archive_3d_models 63:Trying to copy: ${KIPRJMOD}/packages3D/1mm vfd tube pin.iges
12-14 20:49:14 com_github_MitjaNemec_Archive3DModels.archive_3d_models 146:Did not copy: ${KIPRJMOD}/packages3D/1mm vfd tube pin.iges
12-14 20:49:14 com_github_MitjaNemec_Archive3DModels.archive_3d_models 150:Remapping: ${KIPRJMOD}/packages3D/1mm vfd tube pin.iges
12-14 20:49:14 com_github_MitjaNemec_Archive3DModels.archive_3d_models 63:Trying to copy: ${KIPRJMOD}/packages3D/IN-12A.igs
12-14 20:49:14 com_github_MitjaNemec_Archive3DModels.archive_3d_models 150:Remapping: ${KIPRJMOD}/packages3D/IN-12A.igs
12-14 20:49:14 com_github_MitjaNemec_Archive3DModels.archive_3d_models 51:Getting 3D models for footprint of: T2
12-14 20:49:14 com_github_MitjaNemec_Archive3DModels.archive_3d_models 63:Trying to copy: ${KIPRJMOD}/packages3D/1mm vfd tube pin.iges
12-14 20:49:14 com_github_MitjaNemec_Archive3DModels.archive_3d_models 146:Did not copy: ${KIPRJMOD}/packages3D/1mm vfd tube pin.iges
12-14 20:49:14 com_github_MitjaNemec_Archive3DModels.archive_3d_models 150:Remapping: ${KIPRJMOD}/packages3D/1mm vfd tube pin.iges
12-14 20:49:14 com_github_MitjaNemec_Archive3DModels.archive_3d_models 63:Trying to copy: ${KIPRJMOD}/packages3D/1mm vfd tube pin.iges
12-14 20:49:14 com_github_MitjaNemec_Archive3DModels.archive_3d_models 146:Did not copy: ${KIPRJMOD}/packages3D/1mm vfd tube pin.iges
12-14 20:49:14 com_github_MitjaNemec_Archive3DModels.archive_3d_models 150:Remapping: ${KIPRJMOD}/packages3D/1mm vfd tube pin.iges
12-14 20:49:14 com_github_MitjaNemec_Archive3DModels.archive_3d_models 63:Trying to copy: ${KIPRJMOD}/packages3D/1mm vfd tube pin.iges
12-14 20:49:14 com_github_MitjaNemec_Archive3DModels.archive_3d_models 146:Did not copy: ${KIPRJMOD}/packages3D/1mm vfd tube pin.iges
12-14 20:49:14 com_github_MitjaNemec_Archive3DModels.archive_3d_models 150:Remapping: ${KIPRJMOD}/packages3D/1mm vfd tube pin.iges
12-14 20:49:14 com_github_MitjaNemec_Archive3DModels.archive_3d_models 63:Trying to copy: ${KIPRJMOD}/packages3D/1mm vfd tube pin.iges
12-14 20:49:14 com_github_MitjaNemec_Archive3DModels.archive_3d_models 146:Did not copy: ${KIPRJMOD}/packages3D/1mm vfd tube pin.iges
12-14 20:49:14 com_github_MitjaNemec_Archive3DModels.archive_3d_models 150:Remapping: ${KIPRJMOD}/packages3D/1mm vfd tube pin.iges
12-14 20:49:14 com_github_MitjaNemec_Archive3DModels.archive_3d_models 63:Trying to copy: ${KIPRJMOD}/packages3D/1mm vfd tube pin.iges
12-14 20:49:14 com_github_MitjaNemec_Archive3DModels.archive_3d_models 146:Did not copy: ${KIPRJMOD}/packages3D/1mm vfd tube pin.iges
12-14 20:49:14 com_github_MitjaNemec_Archive3DModels.archive_3d_models 150:Remapping: ${KIPRJMOD}/packages3D/1mm vfd tube pin.iges
12-14 20:49:14 com_github_MitjaNemec_Archive3DModels.archive_3d_models 63:Trying to copy: ${KIPRJMOD}/packages3D/1mm vfd tube pin.iges
12-14 20:49:14 com_github_MitjaNemec_Archive3DModels.archive_3d_models 146:Did not copy: ${KIPRJMOD}/packages3D/1mm vfd tube pin.iges
12-14 20:49:14 com_github_MitjaNemec_Archive3DModels.archive_3d_models 150:Remapping: ${KIPRJMOD}/packages3D/1mm vfd tube pin.iges
12-14 20:49:14 com_github_MitjaNemec_Archive3DModels.archive_3d_models 63:Trying to copy: ${KIPRJMOD}/packages3D/1mm vfd tube pin.iges
12-14 20:49:14 com_github_MitjaNemec_Archive3DModels.archive_3d_models 146:Did not copy: ${KIPRJMOD}/packages3D/1mm vfd tube pin.iges
12-14 20:49:14 com_github_MitjaNemec_Archive3DModels.archive_3d_models 150:Remapping: ${KIPRJMOD}/packages3D/1mm vfd tube pin.iges
12-14 20:49:14 com_github_MitjaNemec_Archive3DModels.archive_3d_models 63:Trying to copy: ${KIPRJMOD}/packages3D/1mm vfd tube pin.iges
12-14 20:49:14 com_github_MitjaNemec_Archive3DModels.archive_3d_models 146:Did not copy: ${KIPRJMOD}/packages3D/1mm vfd tube pin.iges
12-14 20:49:14 com_github_MitjaNemec_Archive3DModels.archive_3d_models 150:Remapping: ${KIPRJMOD}/packages3D/1mm vfd tube pin.iges
12-14 20:49:14 com_github_MitjaNemec_Archive3DModels.archive_3d_models 63:Trying to copy: ${KIPRJMOD}/packages3D/1mm vfd tube pin.iges
12-14 20:49:14 com_github_MitjaNemec_Archive3DModels.archive_3d_models 146:Did not copy: ${KIPRJMOD}/packages3D/1mm vfd tube pin.iges
12-14 20:49:14 com_github_MitjaNemec_Archive3DModels.archive_3d_models 150:Remapping: ${KIPRJMOD}/packages3D/1mm vfd tube pin.iges
12-14 20:49:14 com_github_MitjaNemec_Archive3DModels.archive_3d_models 63:Trying to copy: ${KIPRJMOD}/packages3D/1mm vfd tube pin.iges
12-14 20:49:14 com_github_MitjaNemec_Archive3DModels.archive_3d_models 146:Did not copy: ${KIPRJMOD}/packages3D/1mm vfd tube pin.iges
12-14 20:49:14 com_github_MitjaNemec_Archive3DModels.archive_3d_models 150:Remapping: ${KIPRJMOD}/packages3D/1mm vfd tube pin.iges
12-14 20:49:14 com_github_MitjaNemec_Archive3DModels.archive_3d_models 63:Trying to copy: ${KIPRJMOD}/packages3D/1mm vfd tube pin.iges
12-14 20:49:14 com_github_MitjaNemec_Archive3DModels.archive_3d_models 146:Did not copy: ${KIPRJMOD}/packages3D/1mm vfd tube pin.iges
12-14 20:49:14 com_github_MitjaNemec_Archive3DModels.archive_3d_models 150:Remapping: ${KIPRJMOD}/packages3D/1mm vfd tube pin.iges
12-14 20:49:14 com_github_MitjaNemec_Archive3DModels.archive_3d_models 63:Trying to copy: ${KIPRJMOD}/packages3D/1mm vfd tube pin.iges
12-14 20:49:14 com_github_MitjaNemec_Archive3DModels.archive_3d_models 146:Did not copy: ${KIPRJMOD}/packages3D/1mm vfd tube pin.iges
12-14 20:49:14 com_github_MitjaNemec_Archive3DModels.archive_3d_models 150:Remapping: ${KIPRJMOD}/packages3D/1mm vfd tube pin.iges
12-14 20:49:14 com_github_MitjaNemec_Archive3DModels.archive_3d_models 63:Trying to copy: ${KIPRJMOD}/packages3D/IN-12A.igs
12-14 20:49:14 com_github_MitjaNemec_Archive3DModels.archive_3d_models 150:Remapping: ${KIPRJMOD}/packages3D/IN-12A.igs
12-14 20:49:14 com_github_MitjaNemec_Archive3DModels.archive_3d_models 51:Getting 3D models for footprint of: U3
12-14 20:49:14 com_github_MitjaNemec_Archive3DModels.archive_3d_models 63:Trying to copy: ${KIPRJMOD}/packages3D/TPIC6B595DWR.stp
12-14 20:49:14 com_github_MitjaNemec_Archive3DModels.archive_3d_models 150:Remapping: ${KIPRJMOD}/packages3D/TPIC6B595DWR.stp
12-14 20:49:14 com_github_MitjaNemec_Archive3DModels.archive_3d_models 51:Getting 3D models for footprint of: U8
12-14 20:49:14 com_github_MitjaNemec_Archive3DModels.archive_3d_models 63:Trying to copy: ${KIPRJMOD}/packages3D/TPIC6B595DWR.stp
12-14 20:49:14 com_github_MitjaNemec_Archive3DModels.archive_3d_models 150:Remapping: ${KIPRJMOD}/packages3D/TPIC6B595DWR.stp
12-14 20:49:14 com_github_MitjaNemec_Archive3DModels.archive_3d_models 51:Getting 3D models for footprint of: H5
12-14 20:49:14 com_github_MitjaNemec_Archive3DModels.archive_3d_models 63:Trying to copy: C:/Users/kwhit/Downloads/Standoff mf - M3 x 25 across flats 5.5mm.step
12-14 20:49:14 com_github_MitjaNemec_Archive3DModels.archive_3d_models 150:Remapping: C:/Users/kwhit/Downloads/Standoff mf - M3 x 25 across flats 5.5mm.step
12-14 20:49:14 com_github_MitjaNemec_Archive3DModels.archive_3d_models 51:Getting 3D models for footprint of: H3
12-14 20:49:14 com_github_MitjaNemec_Archive3DModels.archive_3d_models 63:Trying to copy: C:/Users/kwhit/Downloads/Standoff mf - M3 x 25 across flats 5.5mm.step
12-14 20:49:14 com_github_MitjaNemec_Archive3DModels.archive_3d_models 150:Remapping: C:/Users/kwhit/Downloads/Standoff mf - M3 x 25 across flats 5.5mm.step
12-14 20:49:14 com_github_MitjaNemec_Archive3DModels.archive_3d_models 51:Getting 3D models for footprint of: R5
12-14 20:49:14 com_github_MitjaNemec_Archive3DModels.archive_3d_models 63:Trying to copy: ${KIPRJMOD}/packages3D/C_1210_3225Metric.step
12-14 20:49:14 com_github_MitjaNemec_Archive3DModels.archive_3d_models 150:Remapping: ${KIPRJMOD}/packages3D/C_1210_3225Metric.step
12-14 20:49:14 com_github_MitjaNemec_Archive3DModels.archive_3d_models 51:Getting 3D models for footprint of: C7
12-14 20:49:14 com_github_MitjaNemec_Archive3DModels.archive_3d_models 63:Trying to copy: ${KIPRJMOD}/packages3D/C_0603_1608Metric.step
12-14 20:49:14 com_github_MitjaNemec_Archive3DModels.archive_3d_models 150:Remapping: ${KIPRJMOD}/packages3D/C_0603_1608Metric.step
12-14 20:49:14 com_github_MitjaNemec_Archive3DModels.archive_3d_models 51:Getting 3D models for footprint of: P3
12-14 20:49:14 com_github_MitjaNemec_Archive3DModels.archive_3d_models 63:Trying to copy: ${KIPRJMOD}/packages3D/610110249121 (rev1).stp
12-14 20:49:14 com_github_MitjaNemec_Archive3DModels.archive_3d_models 150:Remapping: ${KIPRJMOD}/packages3D/610110249121 (rev1).stp
12-14 20:49:14 com_github_MitjaNemec_Archive3DModels.archive_3d_models 51:Getting 3D models for footprint of: C1
12-14 20:49:14 com_github_MitjaNemec_Archive3DModels.archive_3d_models 63:Trying to copy: ${KIPRJMOD}/packages3D/C_0603_1608Metric.step
12-14 20:49:14 com_github_MitjaNemec_Archive3DModels.archive_3d_models 150:Remapping: ${KIPRJMOD}/packages3D/C_0603_1608Metric.step
12-14 20:49:14 com_github_MitjaNemec_Archive3DModels.archive_3d_models 51:Getting 3D models for footprint of: R4
12-14 20:49:14 com_github_MitjaNemec_Archive3DModels.archive_3d_models 63:Trying to copy: ${KIPRJMOD}/packages3D/C_1210_3225Metric.step
12-14 20:49:14 com_github_MitjaNemec_Archive3DModels.archive_3d_models 150:Remapping: ${KIPRJMOD}/packages3D/C_1210_3225Metric.step
12-14 20:49:14 com_github_MitjaNemec_Archive3DModels.archive_3d_models 51:Getting 3D models for footprint of: R8
12-14 20:49:14 com_github_MitjaNemec_Archive3DModels.archive_3d_models 63:Trying to copy: ${KIPRJMOD}/packages3D/C_1210_3225Metric.step
12-14 20:49:14 com_github_MitjaNemec_Archive3DModels.archive_3d_models 150:Remapping: ${KIPRJMOD}/packages3D/C_1210_3225Metric.step
12-14 20:49:14 com_github_MitjaNemec_Archive3DModels.archive_3d_models 51:Getting 3D models for footprint of: D5
12-14 20:49:14 com_github_MitjaNemec_Archive3DModels.archive_3d_models 63:Trying to copy: ${KIPRJMOD}/packages3D/R_0603_1608Metric.step
12-14 20:49:14 com_github_MitjaNemec_Archive3DModels.archive_3d_models 150:Remapping: ${KIPRJMOD}/packages3D/R_0603_1608Metric.step
12-14 20:49:14 com_github_MitjaNemec_Archive3DModels.archive_3d_models 51:Getting 3D models for footprint of: R11
12-14 20:49:14 com_github_MitjaNemec_Archive3DModels.archive_3d_models 63:Trying to copy: ${KIPRJMOD}/packages3D/C_1210_3225Metric.step
12-14 20:49:14 com_github_MitjaNemec_Archive3DModels.archive_3d_models 150:Remapping: ${KIPRJMOD}/packages3D/C_1210_3225Metric.step
12-14 20:49:14 com_github_MitjaNemec_Archive3DModels.archive_3d_models 51:Getting 3D models for footprint of: J2
12-14 20:49:14 com_github_MitjaNemec_Archive3DModels.archive_3d_models 63:Trying to copy: ${KIPRJMOD}/packages3D/PinSocket_1x03_P2.54mm_Vertical.step
12-14 20:49:14 com_github_MitjaNemec_Archive3DModels.archive_3d_models 150:Remapping: ${KIPRJMOD}/packages3D/PinSocket_1x03_P2.54mm_Vertical.step
12-14 20:49:14 com_github_MitjaNemec_Archive3DModels.archive_3d_models 51:Getting 3D models for footprint of: D2
12-14 20:49:14 com_github_MitjaNemec_Archive3DModels.archive_3d_models 63:Trying to copy: ${KIPRJMOD}/packages3D/R_0603_1608Metric.step
12-14 20:49:14 com_github_MitjaNemec_Archive3DModels.archive_3d_models 150:Remapping: ${KIPRJMOD}/packages3D/R_0603_1608Metric.step
12-14 20:49:14 com_github_MitjaNemec_Archive3DModels.archive_3d_models 51:Getting 3D models for footprint of: D6
12-14 20:49:14 com_github_MitjaNemec_Archive3DModels.archive_3d_models 63:Trying to copy: ${KIPRJMOD}/packages3D/R_0603_1608Metric.step
12-14 20:49:14 com_github_MitjaNemec_Archive3DModels.archive_3d_models 150:Remapping: ${KIPRJMOD}/packages3D/R_0603_1608Metric.step
12-14 20:49:14 com_github_MitjaNemec_Archive3DModels.archive_3d_models 51:Getting 3D models for footprint of: P2
12-14 20:49:14 com_github_MitjaNemec_Archive3DModels.archive_3d_models 63:Trying to copy: ${KIPRJMOD}/packages3D/610110249121 (rev1).stp
12-14 20:49:14 com_github_MitjaNemec_Archive3DModels.archive_3d_models 150:Remapping: ${KIPRJMOD}/packages3D/610110249121 (rev1).stp
12-14 20:49:14 com_github_MitjaNemec_Archive3DModels.archive_3d_models 51:Getting 3D models for footprint of: C4
12-14 20:49:14 com_github_MitjaNemec_Archive3DModels.archive_3d_models 63:Trying to copy: ${KIPRJMOD}/packages3D/C_0603_1608Metric.step
12-14 20:49:14 com_github_MitjaNemec_Archive3DModels.archive_3d_models 150:Remapping: ${KIPRJMOD}/packages3D/C_0603_1608Metric.step
12-14 20:49:14 com_github_MitjaNemec_Archive3DModels.archive_3d_models 51:Getting 3D models for footprint of: C3
12-14 20:49:14 com_github_MitjaNemec_Archive3DModels.archive_3d_models 63:Trying to copy: ${KIPRJMOD}/packages3D/C_0603_1608Metric.step
12-14 20:49:14 com_github_MitjaNemec_Archive3DModels.archive_3d_models 150:Remapping: ${KIPRJMOD}/packages3D/C_0603_1608Metric.step
12-14 20:49:14 com_github_MitjaNemec_Archive3DModels.archive_3d_models 51:Getting 3D models for footprint of: D4
12-14 20:49:14 com_github_MitjaNemec_Archive3DModels.archive_3d_models 63:Trying to copy: ${KIPRJMOD}/packages3D/R_0603_1608Metric.step
12-14 20:49:14 com_github_MitjaNemec_Archive3DModels.archive_3d_models 150:Remapping: ${KIPRJMOD}/packages3D/R_0603_1608Metric.step
12-14 20:49:14 com_github_MitjaNemec_Archive3DModels.archive_3d_models 51:Getting 3D models for footprint of: R2
12-14 20:49:14 com_github_MitjaNemec_Archive3DModels.archive_3d_models 63:Trying to copy: ${KIPRJMOD}/packages3D/C_1210_3225Metric.step
12-14 20:49:14 com_github_MitjaNemec_Archive3DModels.archive_3d_models 150:Remapping: ${KIPRJMOD}/packages3D/C_1210_3225Metric.step
12-14 20:49:14 com_github_MitjaNemec_Archive3DModels.archive_3d_models 51:Getting 3D models for footprint of: R6
12-14 20:49:14 com_github_MitjaNemec_Archive3DModels.archive_3d_models 63:Trying to copy: ${KIPRJMOD}/packages3D/C_1210_3225Metric.step
12-14 20:49:14 com_github_MitjaNemec_Archive3DModels.archive_3d_models 150:Remapping: ${KIPRJMOD}/packages3D/C_1210_3225Metric.step
12-14 20:49:14 com_github_MitjaNemec_Archive3DModels.archive_3d_models 51:Getting 3D models for footprint of: J1
12-14 20:49:14 com_github_MitjaNemec_Archive3DModels.archive_3d_models 63:Trying to copy: ${KIPRJMOD}/packages3D/PinSocket_1x03_P2.54mm_Vertical.step
12-14 20:49:14 com_github_MitjaNemec_Archive3DModels.archive_3d_models 150:Remapping: ${KIPRJMOD}/packages3D/PinSocket_1x03_P2.54mm_Vertical.step
12-14 20:49:14 com_github_MitjaNemec_Archive3DModels.archive_3d_models 63:Trying to copy: ${KIPRJMOD}/packages3D/64 Bit LED Board.step
12-14 20:49:14 com_github_MitjaNemec_Archive3DModels.archive_3d_models 150:Remapping: ${KIPRJMOD}/packages3D/64 Bit LED Board.step
12-14 20:49:14 com_github_MitjaNemec_Archive3DModels.archive_3d_models 51:Getting 3D models for footprint of: D1
12-14 20:49:14 com_github_MitjaNemec_Archive3DModels.archive_3d_models 63:Trying to copy: ${KIPRJMOD}/packages3D/R_0603_1608Metric.step
12-14 20:49:15 com_github_MitjaNemec_Archive3DModels.archive_3d_models 150:Remapping: ${KIPRJMOD}/packages3D/R_0603_1608Metric.step
12-14 20:49:15 com_github_MitjaNemec_Archive3DModels.archive_3d_models 51:Getting 3D models for footprint of: R7
12-14 20:49:15 com_github_MitjaNemec_Archive3DModels.archive_3d_models 63:Trying to copy: ${KIPRJMOD}/packages3D/C_1210_3225Metric.step
12-14 20:49:15 com_github_MitjaNemec_Archive3DModels.archive_3d_models 150:Remapping: ${KIPRJMOD}/packages3D/C_1210_3225Metric.step
12-14 20:49:15 com_github_MitjaNemec_Archive3DModels.archive_3d_models 51:Getting 3D models for footprint of: R3
12-14 20:49:15 com_github_MitjaNemec_Archive3DModels.archive_3d_models 63:Trying to copy: ${KIPRJMOD}/packages3D/C_1210_3225Metric.step
12-14 20:49:15 com_github_MitjaNemec_Archive3DModels.archive_3d_models 150:Remapping: ${KIPRJMOD}/packages3D/C_1210_3225Metric.step
12-14 20:49:15 com_github_MitjaNemec_Archive3DModels.archive_3d_models 51:Getting 3D models for footprint of: C6
12-14 20:49:15 com_github_MitjaNemec_Archive3DModels.archive_3d_models 63:Trying to copy: ${KIPRJMOD}/packages3D/C_0603_1608Metric.step
12-14 20:49:15 com_github_MitjaNemec_Archive3DModels.archive_3d_models 150:Remapping: ${KIPRJMOD}/packages3D/C_0603_1608Metric.step
12-14 20:49:15 com_github_MitjaNemec_Archive3DModels.archive_3d_models 51:Getting 3D models for footprint of: R1
12-14 20:49:15 com_github_MitjaNemec_Archive3DModels.archive_3d_models 63:Trying to copy: ${KIPRJMOD}/packages3D/C_1210_3225Metric.step
12-14 20:49:15 com_github_MitjaNemec_Archive3DModels.archive_3d_models 150:Remapping: ${KIPRJMOD}/packages3D/C_1210_3225Metric.step
12-14 20:49:15 com_github_MitjaNemec_Archive3DModels.archive_3d_models 51:Getting 3D models for footprint of: R10
12-14 20:49:15 com_github_MitjaNemec_Archive3DModels.archive_3d_models 63:Trying to copy: ${KIPRJMOD}/packages3D/C_1210_3225Metric.step
12-14 20:49:15 com_github_MitjaNemec_Archive3DModels.archive_3d_models 150:Remapping: ${KIPRJMOD}/packages3D/C_1210_3225Metric.step
12-14 20:49:15 com_github_MitjaNemec_Archive3DModels.archive_3d_models 51:Getting 3D models for footprint of: C8
12-14 20:49:15 com_github_MitjaNemec_Archive3DModels.archive_3d_models 63:Trying to copy: ${KIPRJMOD}/packages3D/C_0603_1608Metric.step
12-14 20:49:15 com_github_MitjaNemec_Archive3DModels.archive_3d_models 150:Remapping: ${KIPRJMOD}/packages3D/C_0603_1608Metric.step
12-14 20:49:15 com_github_MitjaNemec_Archive3DModels.archive_3d_models 51:Getting 3D models for footprint of: D3
12-14 20:49:15 com_github_MitjaNemec_Archive3DModels.archive_3d_models 63:Trying to copy: ${KIPRJMOD}/packages3D/R_0603_1608Metric.step
12-14 20:49:15 com_github_MitjaNemec_Archive3DModels.archive_3d_models 150:Remapping: ${KIPRJMOD}/packages3D/R_0603_1608Metric.step
12-14 20:49:15 com_github_MitjaNemec_Archive3DModels.archive_3d_models 51:Getting 3D models for footprint of: C5
12-14 20:49:15 com_github_MitjaNemec_Archive3DModels.archive_3d_models 63:Trying to copy: ${KIPRJMOD}/packages3D/C_0603_1608Metric.step
12-14 20:49:15 com_github_MitjaNemec_Archive3DModels.archive_3d_models 150:Remapping: ${KIPRJMOD}/packages3D/C_0603_1608Metric.step
12-14 20:49:15 com_github_MitjaNemec_Archive3DModels.archive_3d_models 51:Getting 3D models for footprint of: R9
12-14 20:49:15 com_github_MitjaNemec_Archive3DModels.archive_3d_models 63:Trying to copy: ${KIPRJMOD}/packages3D/C_1210_3225Metric.step
12-14 20:49:15 com_github_MitjaNemec_Archive3DModels.archive_3d_models 150:Remapping: ${KIPRJMOD}/packages3D/C_1210_3225Metric.step
12-14 20:49:15 com_github_MitjaNemec_Archive3DModels.archive_3d_models 51:Getting 3D models for footprint of: P1
12-14 20:49:15 com_github_MitjaNemec_Archive3DModels.archive_3d_models 63:Trying to copy: ${KIPRJMOD}/packages3D/610110249121 (rev1).stp
12-14 20:49:15 com_github_MitjaNemec_Archive3DModels.archive_3d_models 150:Remapping: ${KIPRJMOD}/packages3D/610110249121 (rev1).stp
12-14 20:49:15 com_github_MitjaNemec_Archive3DModels.archive_3d_models 51:Getting 3D models for footprint of: C2
12-14 20:49:15 com_github_MitjaNemec_Archive3DModels.archive_3d_models 63:Trying to copy: ${KIPRJMOD}/packages3D/C_0603_1608Metric.step
12-14 20:49:15 com_github_MitjaNemec_Archive3DModels.archive_3d_models 150:Remapping: ${KIPRJMOD}/packages3D/C_0603_1608Metric.step
12-14 20:49:15 com_github_MitjaNemec_Archive3DModels.archive_3d_models 51:Getting 3D models for footprint of: R12
12-14 20:49:15 com_github_MitjaNemec_Archive3DModels.archive_3d_models 63:Trying to copy: ${KIPRJMOD}/packages3D/C_1210_3225Metric.step
12-14 20:49:15 com_github_MitjaNemec_Archive3DModels.archive_3d_models 150:Remapping: ${KIPRJMOD}/packages3D/C_1210_3225Metric.step
12-14 20:49:15 com_github_MitjaNemec_Archive3DModels.archive_3d_models 164:Did not succeed to copy 3D models!
('T9', '${KIPRJMOD}\\packages3D\\1mm vfd tube pin.iges')
('T9', '${KIPRJMOD}\\packages3D\\1mm vfd tube pin.iges')
('T9', '${KIPRJMOD}\\packages3D\\1mm vfd tube pin.iges')
('T9', '${KIPRJMOD}\\packages3D\\1mm vfd tube pin.iges')
('T9', '${KIPRJMOD}\\packages3D\\1mm vfd tube pin.iges')
('T9', '${KIPRJMOD}\\packages3D\\1mm vfd tube pin.iges')
('T9', '${KIPRJMOD}\\packages3D\\1mm vfd tube pin.iges')
('T9', '${KIPRJMOD}\\packages3D\\1mm vfd tube pin.iges')
('T9', '${KIPRJMOD}\\packages3D\\1mm vfd tube pin.iges')
('T9', '${KIPRJMOD}\\packages3D\\1mm vfd tube pin.iges')
('T9', '${KIPRJMOD}\\packages3D\\1mm vfd tube pin.iges')
('T9', '${KIPRJMOD}\\packages3D\\1mm vfd tube pin.iges')
('T10', '${KIPRJMOD}\\packages3D\\1mm vfd tube pin.iges')
('T10', '${KIPRJMOD}\\packages3D\\1mm vfd tube pin.iges')
('T10', '${KIPRJMOD}\\packages3D\\1mm vfd tube pin.iges')
('T10', '${KIPRJMOD}\\packages3D\\1mm vfd tube pin.iges')
('T10', '${KIPRJMOD}\\packages3D\\1mm vfd tube pin.iges')
('T10', '${KIPRJMOD}\\packages3D\\1mm vfd tube pin.iges')
('T10', '${KIPRJMOD}\\packages3D\\1mm vfd tube pin.iges')
('T10', '${KIPRJMOD}\\packages3D\\1mm vfd tube pin.iges')
('T10', '${KIPRJMOD}\\packages3D\\1mm vfd tube pin.iges')
('T10', '${KIPRJMOD}\\packages3D\\1mm vfd tube pin.iges')
('T10', '${KIPRJMOD}\\packages3D\\1mm vfd tube pin.iges')
('T10', '${KIPRJMOD}\\packages3D\\1mm vfd tube pin.iges')
('T5', '${KIPRJMOD}\\packages3D\\1mm vfd tube pin.iges')
('T5', '${KIPRJMOD}\\packages3D\\1mm vfd tube pin.iges')
('T5', '${KIPRJMOD}\\packages3D\\1mm vfd tube pin.iges')
('T5', '${KIPRJMOD}\\packages3D\\1mm vfd tube pin.iges')
('T5', '${KIPRJMOD}\\packages3D\\1mm vfd tube pin.iges')
('T5', '${KIPRJMOD}\\packages3D\\1mm vfd tube pin.iges')
('T5', '${KIPRJMOD}\\packages3D\\1mm vfd tube pin.iges')
('T5', '${KIPRJMOD}\\packages3D\\1mm vfd tube pin.iges')
('T5', '${KIPRJMOD}\\packages3D\\1mm vfd tube pin.iges')
('T5', '${KIPRJMOD}\\packages3D\\1mm vfd tube pin.iges')
('T5', '${KIPRJMOD}\\packages3D\\1mm vfd tube pin.iges')
('T5', '${KIPRJMOD}\\packages3D\\1mm vfd tube pin.iges')
('T1', '${KIPRJMOD}\\packages3D\\1mm vfd tube pin.iges')
('T1', '${KIPRJMOD}\\packages3D\\1mm vfd tube pin.iges')
('T1', '${KIPRJMOD}\\packages3D\\1mm vfd tube pin.iges')
('T1', '${KIPRJMOD}\\packages3D\\1mm vfd tube pin.iges')
('T1', '${KIPRJMOD}\\packages3D\\1mm vfd tube pin.iges')
('T1', '${KIPRJMOD}\\packages3D\\1mm vfd tube pin.iges')
('T1', '${KIPRJMOD}\\packages3D\\1mm vfd tube pin.iges')
('T1', '${KIPRJMOD}\\packages3D\\1mm vfd tube pin.iges')
('T1', '${KIPRJMOD}\\packages3D\\1mm vfd tube pin.iges')
('T1', '${KIPRJMOD}\\packages3D\\1mm vfd tube pin.iges')
('T1', '${KIPRJMOD}\\packages3D\\1mm vfd tube pin.iges')
('T1', '${KIPRJMOD}\\packages3D\\1mm vfd tube pin.iges')
('T6', '${KIPRJMOD}\\packages3D\\1mm vfd tube pin.iges')
('T6', '${KIPRJMOD}\\packages3D\\1mm vfd tube pin.iges')
('T6', '${KIPRJMOD}\\packages3D\\1mm vfd tube pin.iges')
('T6', '${KIPRJMOD}\\packages3D\\1mm vfd tube pin.iges')
('T6', '${KIPRJMOD}\\packages3D\\1mm vfd tube pin.iges')
('T6', '${KIPRJMOD}\\packages3D\\1mm vfd tube pin.iges')
('T6', '${KIPRJMOD}\\packages3D\\1mm vfd tube pin.iges')
('T6', '${KIPRJMOD}\\packages3D\\1mm vfd tube pin.iges')
('T6', '${KIPRJMOD}\\packages3D\\1mm vfd tube pin.iges')
('T6', '${KIPRJMOD}\\packages3D\\1mm vfd tube pin.iges')
('T6', '${KIPRJMOD}\\packages3D\\1mm vfd tube pin.iges')
('T6', '${KIPRJMOD}\\packages3D\\1mm vfd tube pin.iges')
('T2', '${KIPRJMOD}\\packages3D\\1mm vfd tube pin.iges')
('T2', '${KIPRJMOD}\\packages3D\\1mm vfd tube pin.iges')
('T2', '${KIPRJMOD}\\packages3D\\1mm vfd tube pin.iges')
('T2', '${KIPRJMOD}\\packages3D\\1mm vfd tube pin.iges')
('T2', '${KIPRJMOD}\\packages3D\\1mm vfd tube pin.iges')
('T2', '${KIPRJMOD}\\packages3D\\1mm vfd tube pin.iges')
('T2', '${KIPRJMOD}\\packages3D\\1mm vfd tube pin.iges')
('T2', '${KIPRJMOD}\\packages3D\\1mm vfd tube pin.iges')
('T2', '${KIPRJMOD}\\packages3D\\1mm vfd tube pin.iges')
('T2', '${KIPRJMOD}\\packages3D\\1mm vfd tube pin.iges')
('T2', '${KIPRJMOD}\\packages3D\\1mm vfd tube pin.iges')
('T2', '${KIPRJMOD}\\packages3D\\1mm vfd tube pin.iges')
